Archive member included because of file (symbol)

c:/program files (x86)/atmel/atmel toolchain/avr8 gcc/native/3.4.2.1002/avr8-gnu-toolchain/bin/../lib/gcc/avr/4.7.2/avrxmega7\libgcc.a(_udivmodsi4.o)
                              src/ASF/xmega/services/pwm/pwm.o (__udivmodsi4)
c:/program files (x86)/atmel/atmel toolchain/avr8 gcc/native/3.4.2.1002/avr8-gnu-toolchain/bin/../lib/gcc/avr/4.7.2/avrxmega7\libgcc.a(_exit.o)
                              c:/program files (x86)/atmel/atmel toolchain/avr8 gcc/native/3.4.2.1002/avr8-gnu-toolchain/bin/../lib/gcc/avr/4.7.2/../../../../avr/lib/avrxmega7/crtx128a1.o (exit)
c:/program files (x86)/atmel/atmel toolchain/avr8 gcc/native/3.4.2.1002/avr8-gnu-toolchain/bin/../lib/gcc/avr/4.7.2/avrxmega7\libgcc.a(_clear_bss.o)
                              src/ASF/xmega/drivers/tc/tc.o (__do_clear_bss)
c:/program files (x86)/atmel/atmel toolchain/avr8 gcc/native/3.4.2.1002/avr8-gnu-toolchain/bin/../lib/gcc/avr/4.7.2/avrxmega7\libgcc.a(_umulhisi3.o)
                              src/ASF/xmega/services/pwm/pwm.o (__umulhisi3)

Discarded input sections

 .bss           0x00000000        0x0 c:/program files (x86)/atmel/atmel toolchain/avr8 gcc/native/3.4.2.1002/avr8-gnu-toolchain/bin/../lib/gcc/avr/4.7.2/../../../../avr/lib/avrxmega7/crtx128a1.o
 .group         0x00000000        0x8 src/ASF/common/services/clock/xmega/sysclk.o
 .group         0x00000000        0x8 src/ASF/common/services/clock/xmega/sysclk.o
 .group         0x00000000        0x8 src/ASF/common/services/clock/xmega/sysclk.o
 .group         0x00000000        0x8 src/ASF/common/services/clock/xmega/sysclk.o
 .group         0x00000000        0x8 src/ASF/common/services/clock/xmega/sysclk.o
 .group         0x00000000        0x8 src/ASF/common/services/clock/xmega/sysclk.o
 .group         0x00000000        0x8 src/ASF/common/services/clock/xmega/sysclk.o
 .group         0x00000000        0x8 src/ASF/common/services/clock/xmega/sysclk.o
 .group         0x00000000        0x8 src/ASF/common/services/clock/xmega/sysclk.o
 .group         0x00000000        0x8 src/ASF/common/services/clock/xmega/sysclk.o
 .group         0x00000000        0x8 src/ASF/common/services/clock/xmega/sysclk.o
 .group         0x00000000        0x8 src/ASF/common/services/clock/xmega/sysclk.o
 .group         0x00000000        0x8 src/ASF/common/services/clock/xmega/sysclk.o
 .group         0x00000000        0x8 src/ASF/common/services/clock/xmega/sysclk.o
 .group         0x00000000        0x8 src/ASF/common/services/clock/xmega/sysclk.o
 .group         0x00000000        0x8 src/ASF/common/services/clock/xmega/sysclk.o
 .group         0x00000000        0x8 src/ASF/common/services/clock/xmega/sysclk.o
 .group         0x00000000        0x8 src/ASF/common/services/clock/xmega/sysclk.o
 .group         0x00000000        0x8 src/ASF/common/services/clock/xmega/sysclk.o
 .group         0x00000000        0x8 src/ASF/common/services/clock/xmega/sysclk.o
 .group         0x00000000        0x8 src/ASF/common/services/clock/xmega/sysclk.o
 .group         0x00000000        0x8 src/ASF/common/services/clock/xmega/sysclk.o
 .group         0x00000000        0x8 src/ASF/common/services/clock/xmega/sysclk.o
 .group         0x00000000        0x8 src/ASF/common/services/clock/xmega/sysclk.o
 .group         0x00000000        0x8 src/ASF/common/services/clock/xmega/sysclk.o
 .group         0x00000000        0x8 src/ASF/common/services/clock/xmega/sysclk.o
 .group         0x00000000        0x8 src/ASF/common/services/clock/xmega/sysclk.o
 .group         0x00000000        0x8 src/ASF/common/services/clock/xmega/sysclk.o
 .group         0x00000000        0x8 src/ASF/common/services/clock/xmega/sysclk.o
 .group         0x00000000        0x8 src/ASF/common/services/clock/xmega/sysclk.o
 .group         0x00000000        0x8 src/ASF/common/services/clock/xmega/sysclk.o
 .group         0x00000000        0x8 src/ASF/common/services/clock/xmega/sysclk.o
 .group         0x00000000        0x8 src/ASF/common/services/clock/xmega/sysclk.o
 .group         0x00000000        0x8 src/ASF/common/services/clock/xmega/sysclk.o
 .group         0x00000000        0x8 src/ASF/common/services/clock/xmega/sysclk.o
 .group         0x00000000        0x8 src/ASF/common/services/clock/xmega/sysclk.o
 .text          0x00000000        0x0 src/ASF/common/services/clock/xmega/sysclk.o
 .bss           0x00000000        0x0 src/ASF/common/services/clock/xmega/sysclk.o
 .text.sysclk_disable_module
                0x00000000       0x16 src/ASF/common/services/clock/xmega/sysclk.o
 .group         0x00000000        0x8 src/ASF/common/services/ioport/xmega/ioport_compat.o
 .group         0x00000000        0x8 src/ASF/common/services/ioport/xmega/ioport_compat.o
 .group         0x00000000        0x8 src/ASF/common/services/ioport/xmega/ioport_compat.o
 .group         0x00000000        0x8 src/ASF/common/services/ioport/xmega/ioport_compat.o
 .group         0x00000000        0x8 src/ASF/common/services/ioport/xmega/ioport_compat.o
 .group         0x00000000        0x8 src/ASF/common/services/ioport/xmega/ioport_compat.o
 .group         0x00000000        0x8 src/ASF/common/services/ioport/xmega/ioport_compat.o
 .group         0x00000000        0x8 src/ASF/common/services/ioport/xmega/ioport_compat.o
 .group         0x00000000        0x8 src/ASF/common/services/ioport/xmega/ioport_compat.o
 .group         0x00000000        0x8 src/ASF/common/services/ioport/xmega/ioport_compat.o
 .group         0x00000000        0x8 src/ASF/common/services/ioport/xmega/ioport_compat.o
 .group         0x00000000        0x8 src/ASF/common/services/ioport/xmega/ioport_compat.o
 .group         0x00000000        0x8 src/ASF/common/services/ioport/xmega/ioport_compat.o
 .group         0x00000000        0x8 src/ASF/common/services/ioport/xmega/ioport_compat.o
 .group         0x00000000        0x8 src/ASF/common/services/ioport/xmega/ioport_compat.o
 .group         0x00000000        0x8 src/ASF/common/services/ioport/xmega/ioport_compat.o
 .group         0x00000000        0x8 src/ASF/common/services/ioport/xmega/ioport_compat.o
 .group         0x00000000        0x8 src/ASF/common/services/ioport/xmega/ioport_compat.o
 .group         0x00000000        0x8 src/ASF/common/services/ioport/xmega/ioport_compat.o
 .group         0x00000000        0x8 src/ASF/common/services/ioport/xmega/ioport_compat.o
 .group         0x00000000        0x8 src/ASF/common/services/ioport/xmega/ioport_compat.o
 .group         0x00000000        0x8 src/ASF/common/services/ioport/xmega/ioport_compat.o
 .group         0x00000000        0x8 src/ASF/common/services/ioport/xmega/ioport_compat.o
 .group         0x00000000        0x8 src/ASF/common/services/ioport/xmega/ioport_compat.o
 .group         0x00000000        0x8 src/ASF/common/services/ioport/xmega/ioport_compat.o
 .group         0x00000000        0x8 src/ASF/common/services/ioport/xmega/ioport_compat.o
 .group         0x00000000        0x8 src/ASF/common/services/ioport/xmega/ioport_compat.o
 .group         0x00000000        0x8 src/ASF/common/services/ioport/xmega/ioport_compat.o
 .group         0x00000000        0x8 src/ASF/common/services/ioport/xmega/ioport_compat.o
 .group         0x00000000        0x8 src/ASF/common/services/ioport/xmega/ioport_compat.o
 .group         0x00000000        0x8 src/ASF/common/services/ioport/xmega/ioport_compat.o
 .group         0x00000000        0x8 src/ASF/common/services/ioport/xmega/ioport_compat.o
 .text          0x00000000        0x0 src/ASF/common/services/ioport/xmega/ioport_compat.o
 .bss           0x00000000        0x0 src/ASF/common/services/ioport/xmega/ioport_compat.o
 .text.ioport_configure_port_pin
                0x00000000       0x50 src/ASF/common/services/ioport/xmega/ioport_compat.o
 .debug_macro   0x00000000      0x5ec src/ASF/common/services/ioport/xmega/ioport_compat.o
 .debug_macro   0x00000000      0x33b src/ASF/common/services/ioport/xmega/ioport_compat.o
 .debug_macro   0x00000000       0x10 src/ASF/common/services/ioport/xmega/ioport_compat.o
 .debug_macro   0x00000000      0x1ad src/ASF/common/services/ioport/xmega/ioport_compat.o
 .debug_macro   0x00000000      0x293 src/ASF/common/services/ioport/xmega/ioport_compat.o
 .debug_macro   0x00000000       0x9e src/ASF/common/services/ioport/xmega/ioport_compat.o
 .debug_macro   0x00000000     0x5272 src/ASF/common/services/ioport/xmega/ioport_compat.o
 .debug_macro   0x00000000       0x9a src/ASF/common/services/ioport/xmega/ioport_compat.o
 .debug_macro   0x00000000       0xf1 src/ASF/common/services/ioport/xmega/ioport_compat.o
 .debug_macro   0x00000000       0x34 src/ASF/common/services/ioport/xmega/ioport_compat.o
 .debug_macro   0x00000000       0x18 src/ASF/common/services/ioport/xmega/ioport_compat.o
 .debug_macro   0x00000000       0x5e src/ASF/common/services/ioport/xmega/ioport_compat.o
 .debug_macro   0x00000000       0x10 src/ASF/common/services/ioport/xmega/ioport_compat.o
 .debug_macro   0x00000000       0x22 src/ASF/common/services/ioport/xmega/ioport_compat.o
 .debug_macro   0x00000000      0x16c src/ASF/common/services/ioport/xmega/ioport_compat.o
 .debug_macro   0x00000000       0x1c src/ASF/common/services/ioport/xmega/ioport_compat.o
 .debug_macro   0x00000000       0x35 src/ASF/common/services/ioport/xmega/ioport_compat.o
 .debug_macro   0x00000000       0x51 src/ASF/common/services/ioport/xmega/ioport_compat.o
 .debug_macro   0x00000000       0x97 src/ASF/common/services/ioport/xmega/ioport_compat.o
 .debug_macro   0x00000000       0x17 src/ASF/common/services/ioport/xmega/ioport_compat.o
 .debug_macro   0x00000000      0x250 src/ASF/common/services/ioport/xmega/ioport_compat.o
 .debug_macro   0x00000000       0x76 src/ASF/common/services/ioport/xmega/ioport_compat.o
 .debug_macro   0x00000000       0x16 src/ASF/common/services/ioport/xmega/ioport_compat.o
 .debug_macro   0x00000000      0x6e0 src/ASF/common/services/ioport/xmega/ioport_compat.o
 .debug_macro   0x00000000       0x10 src/ASF/common/services/ioport/xmega/ioport_compat.o
 .debug_macro   0x00000000      0x160 src/ASF/common/services/ioport/xmega/ioport_compat.o
 .debug_macro   0x00000000       0x40 src/ASF/common/services/ioport/xmega/ioport_compat.o
 .debug_macro   0x00000000       0x69 src/ASF/common/services/ioport/xmega/ioport_compat.o
 .debug_macro   0x00000000       0x32 src/ASF/common/services/ioport/xmega/ioport_compat.o
 .debug_macro   0x00000000       0xe4 src/ASF/common/services/ioport/xmega/ioport_compat.o
 .group         0x00000000        0x8 src/ASF/common/services/sleepmgr/xmega/sleepmgr.o
 .group         0x00000000        0x8 src/ASF/common/services/sleepmgr/xmega/sleepmgr.o
 .group         0x00000000        0x8 src/ASF/common/services/sleepmgr/xmega/sleepmgr.o
 .group         0x00000000        0x8 src/ASF/common/services/sleepmgr/xmega/sleepmgr.o
 .group         0x00000000        0x8 src/ASF/common/services/sleepmgr/xmega/sleepmgr.o
 .group         0x00000000        0x8 src/ASF/common/services/sleepmgr/xmega/sleepmgr.o
 .group         0x00000000        0x8 src/ASF/common/services/sleepmgr/xmega/sleepmgr.o
 .group         0x00000000        0x8 src/ASF/common/services/sleepmgr/xmega/sleepmgr.o
 .group         0x00000000        0x8 src/ASF/common/services/sleepmgr/xmega/sleepmgr.o
 .group         0x00000000        0x8 src/ASF/common/services/sleepmgr/xmega/sleepmgr.o
 .group         0x00000000        0x8 src/ASF/common/services/sleepmgr/xmega/sleepmgr.o
 .group         0x00000000        0x8 src/ASF/common/services/sleepmgr/xmega/sleepmgr.o
 .group         0x00000000        0x8 src/ASF/common/services/sleepmgr/xmega/sleepmgr.o
 .group         0x00000000        0x8 src/ASF/common/services/sleepmgr/xmega/sleepmgr.o
 .group         0x00000000        0x8 src/ASF/common/services/sleepmgr/xmega/sleepmgr.o
 .group         0x00000000        0x8 src/ASF/common/services/sleepmgr/xmega/sleepmgr.o
 .group         0x00000000        0x8 src/ASF/common/services/sleepmgr/xmega/sleepmgr.o
 .group         0x00000000        0x8 src/ASF/common/services/sleepmgr/xmega/sleepmgr.o
 .group         0x00000000        0x8 src/ASF/common/services/sleepmgr/xmega/sleepmgr.o
 .group         0x00000000        0x8 src/ASF/common/services/sleepmgr/xmega/sleepmgr.o
 .group         0x00000000        0x8 src/ASF/common/services/sleepmgr/xmega/sleepmgr.o
 .group         0x00000000        0x8 src/ASF/common/services/sleepmgr/xmega/sleepmgr.o
 .group         0x00000000        0x8 src/ASF/common/services/sleepmgr/xmega/sleepmgr.o
 .group         0x00000000        0x8 src/ASF/common/services/sleepmgr/xmega/sleepmgr.o
 .group         0x00000000        0x8 src/ASF/common/services/sleepmgr/xmega/sleepmgr.o
 .group         0x00000000        0x8 src/ASF/common/services/sleepmgr/xmega/sleepmgr.o
 .group         0x00000000        0x8 src/ASF/common/services/sleepmgr/xmega/sleepmgr.o
 .group         0x00000000        0x8 src/ASF/common/services/sleepmgr/xmega/sleepmgr.o
 .group         0x00000000        0x8 src/ASF/common/services/sleepmgr/xmega/sleepmgr.o
 .group         0x00000000        0x8 src/ASF/common/services/sleepmgr/xmega/sleepmgr.o
 .group         0x00000000        0x8 src/ASF/common/services/sleepmgr/xmega/sleepmgr.o
 .text          0x00000000        0x0 src/ASF/common/services/sleepmgr/xmega/sleepmgr.o
 .bss           0x00000000        0x0 src/ASF/common/services/sleepmgr/xmega/sleepmgr.o
 .debug_macro   0x00000000      0x5ec src/ASF/common/services/sleepmgr/xmega/sleepmgr.o
 .debug_macro   0x00000000       0x10 src/ASF/common/services/sleepmgr/xmega/sleepmgr.o
 .debug_macro   0x00000000      0x1ad src/ASF/common/services/sleepmgr/xmega/sleepmgr.o
 .debug_macro   0x00000000      0x293 src/ASF/common/services/sleepmgr/xmega/sleepmgr.o
 .debug_macro   0x00000000       0x9e src/ASF/common/services/sleepmgr/xmega/sleepmgr.o
 .debug_macro   0x00000000     0x5272 src/ASF/common/services/sleepmgr/xmega/sleepmgr.o
 .debug_macro   0x00000000       0x9a src/ASF/common/services/sleepmgr/xmega/sleepmgr.o
 .debug_macro   0x00000000       0xf1 src/ASF/common/services/sleepmgr/xmega/sleepmgr.o
 .debug_macro   0x00000000       0x34 src/ASF/common/services/sleepmgr/xmega/sleepmgr.o
 .debug_macro   0x00000000       0x18 src/ASF/common/services/sleepmgr/xmega/sleepmgr.o
 .debug_macro   0x00000000       0x5e src/ASF/common/services/sleepmgr/xmega/sleepmgr.o
 .debug_macro   0x00000000       0x10 src/ASF/common/services/sleepmgr/xmega/sleepmgr.o
 .debug_macro   0x00000000       0x22 src/ASF/common/services/sleepmgr/xmega/sleepmgr.o
 .debug_macro   0x00000000      0x16c src/ASF/common/services/sleepmgr/xmega/sleepmgr.o
 .debug_macro   0x00000000       0x1c src/ASF/common/services/sleepmgr/xmega/sleepmgr.o
 .debug_macro   0x00000000       0x35 src/ASF/common/services/sleepmgr/xmega/sleepmgr.o
 .debug_macro   0x00000000       0x51 src/ASF/common/services/sleepmgr/xmega/sleepmgr.o
 .debug_macro   0x00000000      0x33b src/ASF/common/services/sleepmgr/xmega/sleepmgr.o
 .debug_macro   0x00000000       0x97 src/ASF/common/services/sleepmgr/xmega/sleepmgr.o
 .debug_macro   0x00000000       0x17 src/ASF/common/services/sleepmgr/xmega/sleepmgr.o
 .debug_macro   0x00000000      0x250 src/ASF/common/services/sleepmgr/xmega/sleepmgr.o
 .debug_macro   0x00000000       0x76 src/ASF/common/services/sleepmgr/xmega/sleepmgr.o
 .debug_macro   0x00000000       0x16 src/ASF/common/services/sleepmgr/xmega/sleepmgr.o
 .debug_macro   0x00000000      0x6e0 src/ASF/common/services/sleepmgr/xmega/sleepmgr.o
 .debug_macro   0x00000000       0x10 src/ASF/common/services/sleepmgr/xmega/sleepmgr.o
 .debug_macro   0x00000000      0x160 src/ASF/common/services/sleepmgr/xmega/sleepmgr.o
 .debug_macro   0x00000000       0x40 src/ASF/common/services/sleepmgr/xmega/sleepmgr.o
 .debug_macro   0x00000000       0x69 src/ASF/common/services/sleepmgr/xmega/sleepmgr.o
 .debug_macro   0x00000000       0x32 src/ASF/common/services/sleepmgr/xmega/sleepmgr.o
 .debug_macro   0x00000000       0xe4 src/ASF/common/services/sleepmgr/xmega/sleepmgr.o
 .group         0x00000000        0x8 src/ASF/xmega/boards/xmega_a1_xplained/init.o
 .group         0x00000000        0x8 src/ASF/xmega/boards/xmega_a1_xplained/init.o
 .group         0x00000000        0x8 src/ASF/xmega/boards/xmega_a1_xplained/init.o
 .group         0x00000000        0x8 src/ASF/xmega/boards/xmega_a1_xplained/init.o
 .group         0x00000000        0x8 src/ASF/xmega/boards/xmega_a1_xplained/init.o
 .group         0x00000000        0x8 src/ASF/xmega/boards/xmega_a1_xplained/init.o
 .group         0x00000000        0x8 src/ASF/xmega/boards/xmega_a1_xplained/init.o
 .group         0x00000000        0x8 src/ASF/xmega/boards/xmega_a1_xplained/init.o
 .group         0x00000000        0x8 src/ASF/xmega/boards/xmega_a1_xplained/init.o
 .group         0x00000000        0x8 src/ASF/xmega/boards/xmega_a1_xplained/init.o
 .group         0x00000000        0x8 src/ASF/xmega/boards/xmega_a1_xplained/init.o
 .group         0x00000000        0x8 src/ASF/xmega/boards/xmega_a1_xplained/init.o
 .group         0x00000000        0x8 src/ASF/xmega/boards/xmega_a1_xplained/init.o
 .group         0x00000000        0x8 src/ASF/xmega/boards/xmega_a1_xplained/init.o
 .group         0x00000000        0x8 src/ASF/xmega/boards/xmega_a1_xplained/init.o
 .group         0x00000000        0x8 src/ASF/xmega/boards/xmega_a1_xplained/init.o
 .group         0x00000000        0x8 src/ASF/xmega/boards/xmega_a1_xplained/init.o
 .group         0x00000000        0x8 src/ASF/xmega/boards/xmega_a1_xplained/init.o
 .group         0x00000000        0x8 src/ASF/xmega/boards/xmega_a1_xplained/init.o
 .group         0x00000000        0x8 src/ASF/xmega/boards/xmega_a1_xplained/init.o
 .group         0x00000000        0x8 src/ASF/xmega/boards/xmega_a1_xplained/init.o
 .group         0x00000000        0x8 src/ASF/xmega/boards/xmega_a1_xplained/init.o
 .group         0x00000000        0x8 src/ASF/xmega/boards/xmega_a1_xplained/init.o
 .group         0x00000000        0x8 src/ASF/xmega/boards/xmega_a1_xplained/init.o
 .group         0x00000000        0x8 src/ASF/xmega/boards/xmega_a1_xplained/init.o
 .group         0x00000000        0x8 src/ASF/xmega/boards/xmega_a1_xplained/init.o
 .group         0x00000000        0x8 src/ASF/xmega/boards/xmega_a1_xplained/init.o
 .group         0x00000000        0x8 src/ASF/xmega/boards/xmega_a1_xplained/init.o
 .group         0x00000000        0x8 src/ASF/xmega/boards/xmega_a1_xplained/init.o
 .group         0x00000000        0x8 src/ASF/xmega/boards/xmega_a1_xplained/init.o
 .group         0x00000000        0x8 src/ASF/xmega/boards/xmega_a1_xplained/init.o
 .group         0x00000000        0x8 src/ASF/xmega/boards/xmega_a1_xplained/init.o
 .group         0x00000000        0x8 src/ASF/xmega/boards/xmega_a1_xplained/init.o
 .group         0x00000000        0x8 src/ASF/xmega/boards/xmega_a1_xplained/init.o
 .text          0x00000000        0x0 src/ASF/xmega/boards/xmega_a1_xplained/init.o
 .bss           0x00000000        0x0 src/ASF/xmega/boards/xmega_a1_xplained/init.o
 .text.board_init
                0x00000000       0xe2 src/ASF/xmega/boards/xmega_a1_xplained/init.o
 .debug_macro   0x00000000      0x5ec src/ASF/xmega/boards/xmega_a1_xplained/init.o
 .debug_macro   0x00000000       0x10 src/ASF/xmega/boards/xmega_a1_xplained/init.o
 .debug_macro   0x00000000      0x1ad src/ASF/xmega/boards/xmega_a1_xplained/init.o
 .debug_macro   0x00000000      0x293 src/ASF/xmega/boards/xmega_a1_xplained/init.o
 .debug_macro   0x00000000       0x9e src/ASF/xmega/boards/xmega_a1_xplained/init.o
 .debug_macro   0x00000000     0x5272 src/ASF/xmega/boards/xmega_a1_xplained/init.o
 .debug_macro   0x00000000       0x9a src/ASF/xmega/boards/xmega_a1_xplained/init.o
 .debug_macro   0x00000000       0xf1 src/ASF/xmega/boards/xmega_a1_xplained/init.o
 .debug_macro   0x00000000       0x34 src/ASF/xmega/boards/xmega_a1_xplained/init.o
 .debug_macro   0x00000000       0x18 src/ASF/xmega/boards/xmega_a1_xplained/init.o
 .debug_macro   0x00000000       0x5e src/ASF/xmega/boards/xmega_a1_xplained/init.o
 .debug_macro   0x00000000       0x10 src/ASF/xmega/boards/xmega_a1_xplained/init.o
 .debug_macro   0x00000000       0x22 src/ASF/xmega/boards/xmega_a1_xplained/init.o
 .debug_macro   0x00000000      0x16c src/ASF/xmega/boards/xmega_a1_xplained/init.o
 .debug_macro   0x00000000       0x1c src/ASF/xmega/boards/xmega_a1_xplained/init.o
 .debug_macro   0x00000000       0x35 src/ASF/xmega/boards/xmega_a1_xplained/init.o
 .debug_macro   0x00000000       0x51 src/ASF/xmega/boards/xmega_a1_xplained/init.o
 .debug_macro   0x00000000      0x33b src/ASF/xmega/boards/xmega_a1_xplained/init.o
 .debug_macro   0x00000000       0x97 src/ASF/xmega/boards/xmega_a1_xplained/init.o
 .debug_macro   0x00000000       0x17 src/ASF/xmega/boards/xmega_a1_xplained/init.o
 .debug_macro   0x00000000      0x250 src/ASF/xmega/boards/xmega_a1_xplained/init.o
 .debug_macro   0x00000000       0x76 src/ASF/xmega/boards/xmega_a1_xplained/init.o
 .debug_macro   0x00000000       0x16 src/ASF/xmega/boards/xmega_a1_xplained/init.o
 .debug_macro   0x00000000      0x6e0 src/ASF/xmega/boards/xmega_a1_xplained/init.o
 .debug_macro   0x00000000       0x10 src/ASF/xmega/boards/xmega_a1_xplained/init.o
 .debug_macro   0x00000000      0x160 src/ASF/xmega/boards/xmega_a1_xplained/init.o
 .debug_macro   0x00000000       0x40 src/ASF/xmega/boards/xmega_a1_xplained/init.o
 .debug_macro   0x00000000       0x69 src/ASF/xmega/boards/xmega_a1_xplained/init.o
 .debug_macro   0x00000000       0x32 src/ASF/xmega/boards/xmega_a1_xplained/init.o
 .debug_macro   0x00000000       0xe4 src/ASF/xmega/boards/xmega_a1_xplained/init.o
 .debug_macro   0x00000000      0x17a src/ASF/xmega/boards/xmega_a1_xplained/init.o
 .debug_macro   0x00000000       0x9a src/ASF/xmega/boards/xmega_a1_xplained/init.o
 .debug_macro   0x00000000      0x109 src/ASF/xmega/boards/xmega_a1_xplained/init.o
 .text          0x00000000        0x0 src/ASF/xmega/drivers/cpu/ccp.o
 .bss           0x00000000        0x0 src/ASF/xmega/drivers/cpu/ccp.o
 .group         0x00000000        0x8 src/ASF/xmega/drivers/tc/tc.o
 .group         0x00000000        0x8 src/ASF/xmega/drivers/tc/tc.o
 .group         0x00000000        0x8 src/ASF/xmega/drivers/tc/tc.o
 .group         0x00000000        0x8 src/ASF/xmega/drivers/tc/tc.o
 .group         0x00000000        0x8 src/ASF/xmega/drivers/tc/tc.o
 .group         0x00000000        0x8 src/ASF/xmega/drivers/tc/tc.o
 .group         0x00000000        0x8 src/ASF/xmega/drivers/tc/tc.o
 .group         0x00000000        0x8 src/ASF/xmega/drivers/tc/tc.o
 .group         0x00000000        0x8 src/ASF/xmega/drivers/tc/tc.o
 .group         0x00000000        0x8 src/ASF/xmega/drivers/tc/tc.o
 .group         0x00000000        0x8 src/ASF/xmega/drivers/tc/tc.o
 .group         0x00000000        0x8 src/ASF/xmega/drivers/tc/tc.o
 .group         0x00000000        0x8 src/ASF/xmega/drivers/tc/tc.o
 .group         0x00000000        0x8 src/ASF/xmega/drivers/tc/tc.o
 .group         0x00000000        0x8 src/ASF/xmega/drivers/tc/tc.o
 .group         0x00000000        0x8 src/ASF/xmega/drivers/tc/tc.o
 .group         0x00000000        0x8 src/ASF/xmega/drivers/tc/tc.o
 .group         0x00000000        0x8 src/ASF/xmega/drivers/tc/tc.o
 .group         0x00000000        0x8 src/ASF/xmega/drivers/tc/tc.o
 .group         0x00000000        0x8 src/ASF/xmega/drivers/tc/tc.o
 .group         0x00000000        0x8 src/ASF/xmega/drivers/tc/tc.o
 .group         0x00000000        0x8 src/ASF/xmega/drivers/tc/tc.o
 .group         0x00000000        0x8 src/ASF/xmega/drivers/tc/tc.o
 .group         0x00000000        0x8 src/ASF/xmega/drivers/tc/tc.o
 .group         0x00000000        0x8 src/ASF/xmega/drivers/tc/tc.o
 .group         0x00000000        0x8 src/ASF/xmega/drivers/tc/tc.o
 .group         0x00000000        0x8 src/ASF/xmega/drivers/tc/tc.o
 .group         0x00000000        0x8 src/ASF/xmega/drivers/tc/tc.o
 .group         0x00000000        0x8 src/ASF/xmega/drivers/tc/tc.o
 .group         0x00000000        0x8 src/ASF/xmega/drivers/tc/tc.o
 .group         0x00000000        0x8 src/ASF/xmega/drivers/tc/tc.o
 .group         0x00000000        0x8 src/ASF/xmega/drivers/tc/tc.o
 .group         0x00000000        0x8 src/ASF/xmega/drivers/tc/tc.o
 .group         0x00000000        0x8 src/ASF/xmega/drivers/tc/tc.o
 .group         0x00000000        0x8 src/ASF/xmega/drivers/tc/tc.o
 .group         0x00000000        0x8 src/ASF/xmega/drivers/tc/tc.o
 .group         0x00000000        0x8 src/ASF/xmega/drivers/tc/tc.o
 .group         0x00000000        0x8 src/ASF/xmega/drivers/tc/tc.o
 .text          0x00000000        0x0 src/ASF/xmega/drivers/tc/tc.o
 .bss           0x00000000        0x0 src/ASF/xmega/drivers/tc/tc.o
 .text.tc_disable
                0x00000000       0xde src/ASF/xmega/drivers/tc/tc.o
 .text.tc_set_overflow_interrupt_callback
                0x00000000       0x8e src/ASF/xmega/drivers/tc/tc.o
 .text.tc_set_error_interrupt_callback
                0x00000000       0x8e src/ASF/xmega/drivers/tc/tc.o
 .text.tc_set_cca_interrupt_callback
                0x00000000       0x8e src/ASF/xmega/drivers/tc/tc.o
 .text.tc_set_ccb_interrupt_callback
                0x00000000       0x8e src/ASF/xmega/drivers/tc/tc.o
 .text.tc_set_ccc_interrupt_callback
                0x00000000       0x46 src/ASF/xmega/drivers/tc/tc.o
 .text.tc_set_ccd_interrupt_callback
                0x00000000       0x46 src/ASF/xmega/drivers/tc/tc.o
 .debug_macro   0x00000000      0x5ec src/ASF/xmega/drivers/tc/tc.o
 .debug_macro   0x00000000      0x1ad src/ASF/xmega/drivers/tc/tc.o
 .debug_macro   0x00000000      0x33b src/ASF/xmega/drivers/tc/tc.o
 .debug_macro   0x00000000       0x10 src/ASF/xmega/drivers/tc/tc.o
 .debug_macro   0x00000000       0x9e src/ASF/xmega/drivers/tc/tc.o
 .debug_macro   0x00000000     0x5272 src/ASF/xmega/drivers/tc/tc.o
 .debug_macro   0x00000000       0x9a src/ASF/xmega/drivers/tc/tc.o
 .debug_macro   0x00000000       0xf1 src/ASF/xmega/drivers/tc/tc.o
 .debug_macro   0x00000000       0x34 src/ASF/xmega/drivers/tc/tc.o
 .debug_macro   0x00000000       0x18 src/ASF/xmega/drivers/tc/tc.o
 .debug_macro   0x00000000       0x5e src/ASF/xmega/drivers/tc/tc.o
 .debug_macro   0x00000000       0x10 src/ASF/xmega/drivers/tc/tc.o
 .debug_macro   0x00000000       0x22 src/ASF/xmega/drivers/tc/tc.o
 .debug_macro   0x00000000      0x16c src/ASF/xmega/drivers/tc/tc.o
 .debug_macro   0x00000000       0x1c src/ASF/xmega/drivers/tc/tc.o
 .debug_macro   0x00000000       0x35 src/ASF/xmega/drivers/tc/tc.o
 .debug_macro   0x00000000       0x51 src/ASF/xmega/drivers/tc/tc.o
 .debug_macro   0x00000000       0x97 src/ASF/xmega/drivers/tc/tc.o
 .debug_macro   0x00000000       0x17 src/ASF/xmega/drivers/tc/tc.o
 .debug_macro   0x00000000      0x250 src/ASF/xmega/drivers/tc/tc.o
 .debug_macro   0x00000000       0x76 src/ASF/xmega/drivers/tc/tc.o
 .debug_macro   0x00000000       0x16 src/ASF/xmega/drivers/tc/tc.o
 .debug_macro   0x00000000      0x6e0 src/ASF/xmega/drivers/tc/tc.o
 .debug_macro   0x00000000       0x10 src/ASF/xmega/drivers/tc/tc.o
 .debug_macro   0x00000000      0x160 src/ASF/xmega/drivers/tc/tc.o
 .debug_macro   0x00000000       0x40 src/ASF/xmega/drivers/tc/tc.o
 .debug_macro   0x00000000       0xe4 src/ASF/xmega/drivers/tc/tc.o
 .debug_macro   0x00000000       0x69 src/ASF/xmega/drivers/tc/tc.o
 .debug_macro   0x00000000       0x32 src/ASF/xmega/drivers/tc/tc.o
 .debug_macro   0x00000000       0x5e src/ASF/xmega/drivers/tc/tc.o
 .debug_macro   0x00000000       0x1c src/ASF/xmega/drivers/tc/tc.o
 .debug_macro   0x00000000      0x1ea src/ASF/xmega/drivers/tc/tc.o
 .debug_macro   0x00000000      0x17a src/ASF/xmega/drivers/tc/tc.o
 .debug_macro   0x00000000       0x82 src/ASF/xmega/drivers/tc/tc.o
 .debug_macro   0x00000000       0x2f src/ASF/xmega/drivers/tc/tc.o
 .debug_macro   0x00000000      0x13f src/ASF/xmega/drivers/tc/tc.o
 .group         0x00000000        0x8 src/ASF/xmega/services/pwm/pwm.o
 .group         0x00000000        0x8 src/ASF/xmega/services/pwm/pwm.o
 .group         0x00000000        0x8 src/ASF/xmega/services/pwm/pwm.o
 .group         0x00000000        0x8 src/ASF/xmega/services/pwm/pwm.o
 .group         0x00000000        0x8 src/ASF/xmega/services/pwm/pwm.o
 .group         0x00000000        0x8 src/ASF/xmega/services/pwm/pwm.o
 .group         0x00000000        0x8 src/ASF/xmega/services/pwm/pwm.o
 .group         0x00000000        0x8 src/ASF/xmega/services/pwm/pwm.o
 .group         0x00000000        0x8 src/ASF/xmega/services/pwm/pwm.o
 .group         0x00000000        0x8 src/ASF/xmega/services/pwm/pwm.o
 .group         0x00000000        0x8 src/ASF/xmega/services/pwm/pwm.o
 .group         0x00000000        0x8 src/ASF/xmega/services/pwm/pwm.o
 .group         0x00000000        0x8 src/ASF/xmega/services/pwm/pwm.o
 .group         0x00000000        0x8 src/ASF/xmega/services/pwm/pwm.o
 .group         0x00000000        0x8 src/ASF/xmega/services/pwm/pwm.o
 .group         0x00000000        0x8 src/ASF/xmega/services/pwm/pwm.o
 .group         0x00000000        0x8 src/ASF/xmega/services/pwm/pwm.o
 .group         0x00000000        0x8 src/ASF/xmega/services/pwm/pwm.o
 .group         0x00000000        0x8 src/ASF/xmega/services/pwm/pwm.o
 .group         0x00000000        0x8 src/ASF/xmega/services/pwm/pwm.o
 .group         0x00000000        0x8 src/ASF/xmega/services/pwm/pwm.o
 .group         0x00000000        0x8 src/ASF/xmega/services/pwm/pwm.o
 .group         0x00000000        0x8 src/ASF/xmega/services/pwm/pwm.o
 .group         0x00000000        0x8 src/ASF/xmega/services/pwm/pwm.o
 .group         0x00000000        0x8 src/ASF/xmega/services/pwm/pwm.o
 .group         0x00000000        0x8 src/ASF/xmega/services/pwm/pwm.o
 .group         0x00000000        0x8 src/ASF/xmega/services/pwm/pwm.o
 .group         0x00000000        0x8 src/ASF/xmega/services/pwm/pwm.o
 .group         0x00000000        0x8 src/ASF/xmega/services/pwm/pwm.o
 .group         0x00000000        0x8 src/ASF/xmega/services/pwm/pwm.o
 .group         0x00000000        0x8 src/ASF/xmega/services/pwm/pwm.o
 .group         0x00000000        0x8 src/ASF/xmega/services/pwm/pwm.o
 .group         0x00000000        0x8 src/ASF/xmega/services/pwm/pwm.o
 .group         0x00000000        0x8 src/ASF/xmega/services/pwm/pwm.o
 .group         0x00000000        0x8 src/ASF/xmega/services/pwm/pwm.o
 .group         0x00000000        0x8 src/ASF/xmega/services/pwm/pwm.o
 .group         0x00000000        0x8 src/ASF/xmega/services/pwm/pwm.o
 .group         0x00000000        0x8 src/ASF/xmega/services/pwm/pwm.o
 .group         0x00000000        0x8 src/ASF/xmega/services/pwm/pwm.o
 .group         0x00000000        0x8 src/ASF/xmega/services/pwm/pwm.o
 .group         0x00000000        0x8 src/ASF/xmega/services/pwm/pwm.o
 .group         0x00000000        0x8 src/ASF/xmega/services/pwm/pwm.o
 .group         0x00000000        0x8 src/ASF/xmega/services/pwm/pwm.o
 .text          0x00000000        0x0 src/ASF/xmega/services/pwm/pwm.o
 .bss           0x00000000        0x0 src/ASF/xmega/services/pwm/pwm.o
 .debug_macro   0x00000000      0x5ec src/ASF/xmega/services/pwm/pwm.o
 .debug_macro   0x00000000       0x10 src/ASF/xmega/services/pwm/pwm.o
 .debug_macro   0x00000000      0x1ad src/ASF/xmega/services/pwm/pwm.o
 .debug_macro   0x00000000      0x293 src/ASF/xmega/services/pwm/pwm.o
 .debug_macro   0x00000000       0x9e src/ASF/xmega/services/pwm/pwm.o
 .debug_macro   0x00000000     0x5272 src/ASF/xmega/services/pwm/pwm.o
 .debug_macro   0x00000000       0x9a src/ASF/xmega/services/pwm/pwm.o
 .debug_macro   0x00000000       0xf1 src/ASF/xmega/services/pwm/pwm.o
 .debug_macro   0x00000000       0x34 src/ASF/xmega/services/pwm/pwm.o
 .debug_macro   0x00000000       0x18 src/ASF/xmega/services/pwm/pwm.o
 .debug_macro   0x00000000       0x5e src/ASF/xmega/services/pwm/pwm.o
 .debug_macro   0x00000000       0x10 src/ASF/xmega/services/pwm/pwm.o
 .debug_macro   0x00000000       0x22 src/ASF/xmega/services/pwm/pwm.o
 .debug_macro   0x00000000      0x16c src/ASF/xmega/services/pwm/pwm.o
 .debug_macro   0x00000000       0x1c src/ASF/xmega/services/pwm/pwm.o
 .debug_macro   0x00000000       0x35 src/ASF/xmega/services/pwm/pwm.o
 .debug_macro   0x00000000       0x51 src/ASF/xmega/services/pwm/pwm.o
 .debug_macro   0x00000000      0x33b src/ASF/xmega/services/pwm/pwm.o
 .debug_macro   0x00000000       0x97 src/ASF/xmega/services/pwm/pwm.o
 .debug_macro   0x00000000       0x17 src/ASF/xmega/services/pwm/pwm.o
 .debug_macro   0x00000000      0x250 src/ASF/xmega/services/pwm/pwm.o
 .debug_macro   0x00000000       0x76 src/ASF/xmega/services/pwm/pwm.o
 .debug_macro   0x00000000       0x16 src/ASF/xmega/services/pwm/pwm.o
 .debug_macro   0x00000000      0x6e0 src/ASF/xmega/services/pwm/pwm.o
 .debug_macro   0x00000000       0x10 src/ASF/xmega/services/pwm/pwm.o
 .debug_macro   0x00000000      0x160 src/ASF/xmega/services/pwm/pwm.o
 .debug_macro   0x00000000       0x40 src/ASF/xmega/services/pwm/pwm.o
 .debug_macro   0x00000000       0x69 src/ASF/xmega/services/pwm/pwm.o
 .debug_macro   0x00000000       0x32 src/ASF/xmega/services/pwm/pwm.o
 .debug_macro   0x00000000       0xe4 src/ASF/xmega/services/pwm/pwm.o
 .debug_macro   0x00000000       0x9a src/ASF/xmega/services/pwm/pwm.o
 .debug_macro   0x00000000      0x109 src/ASF/xmega/services/pwm/pwm.o
 .debug_macro   0x00000000      0x1ea src/ASF/xmega/services/pwm/pwm.o
 .debug_macro   0x00000000      0x17a src/ASF/xmega/services/pwm/pwm.o
 .debug_macro   0x00000000       0x5e src/ASF/xmega/services/pwm/pwm.o
 .debug_macro   0x00000000       0x1c src/ASF/xmega/services/pwm/pwm.o
 .debug_macro   0x00000000       0x82 src/ASF/xmega/services/pwm/pwm.o
 .debug_macro   0x00000000       0x2f src/ASF/xmega/services/pwm/pwm.o
 .debug_macro   0x00000000      0x13f src/ASF/xmega/services/pwm/pwm.o
 .debug_macro   0x00000000       0x12 src/ASF/xmega/services/pwm/pwm.o
 .group         0x00000000        0x8 src/example1.o
 .group         0x00000000        0x8 src/example1.o
 .group         0x00000000        0x8 src/example1.o
 .group         0x00000000        0x8 src/example1.o
 .group         0x00000000        0x8 src/example1.o
 .group         0x00000000        0x8 src/example1.o
 .group         0x00000000        0x8 src/example1.o
 .group         0x00000000        0x8 src/example1.o
 .group         0x00000000        0x8 src/example1.o
 .group         0x00000000        0x8 src/example1.o
 .group         0x00000000        0x8 src/example1.o
 .group         0x00000000        0x8 src/example1.o
 .group         0x00000000        0x8 src/example1.o
 .group         0x00000000        0x8 src/example1.o
 .group         0x00000000        0x8 src/example1.o
 .group         0x00000000        0x8 src/example1.o
 .group         0x00000000        0x8 src/example1.o
 .group         0x00000000        0x8 src/example1.o
 .group         0x00000000        0x8 src/example1.o
 .group         0x00000000        0x8 src/example1.o
 .group         0x00000000        0x8 src/example1.o
 .group         0x00000000        0x8 src/example1.o
 .group         0x00000000        0x8 src/example1.o
 .group         0x00000000        0x8 src/example1.o
 .group         0x00000000        0x8 src/example1.o
 .group         0x00000000        0x8 src/example1.o
 .group         0x00000000        0x8 src/example1.o
 .group         0x00000000        0x8 src/example1.o
 .group         0x00000000        0x8 src/example1.o
 .group         0x00000000        0x8 src/example1.o
 .group         0x00000000        0x8 src/example1.o
 .group         0x00000000        0x8 src/example1.o
 .group         0x00000000        0x8 src/example1.o
 .group         0x00000000        0x8 src/example1.o
 .group         0x00000000        0x8 src/example1.o
 .group         0x00000000        0x8 src/example1.o
 .group         0x00000000        0x8 src/example1.o
 .group         0x00000000        0x8 src/example1.o
 .group         0x00000000        0x8 src/example1.o
 .group         0x00000000        0x8 src/example1.o
 .group         0x00000000        0x8 src/example1.o
 .group         0x00000000        0x8 src/example1.o
 .group         0x00000000        0x8 src/example1.o
 .text          0x00000000        0x0 src/example1.o
 .bss           0x00000000        0x0 src/example1.o
 .debug_macro   0x00000000      0x5ec src/example1.o
 .debug_macro   0x00000000       0x10 src/example1.o
 .debug_macro   0x00000000      0x1ad src/example1.o
 .debug_macro   0x00000000      0x293 src/example1.o
 .debug_macro   0x00000000       0x9e src/example1.o
 .debug_macro   0x00000000     0x5272 src/example1.o
 .debug_macro   0x00000000       0x9a src/example1.o
 .debug_macro   0x00000000       0xf1 src/example1.o
 .debug_macro   0x00000000       0x34 src/example1.o
 .debug_macro   0x00000000       0x18 src/example1.o
 .debug_macro   0x00000000       0x5e src/example1.o
 .debug_macro   0x00000000       0x10 src/example1.o
 .debug_macro   0x00000000       0x22 src/example1.o
 .debug_macro   0x00000000      0x16c src/example1.o
 .debug_macro   0x00000000       0x1c src/example1.o
 .debug_macro   0x00000000       0x35 src/example1.o
 .debug_macro   0x00000000       0x51 src/example1.o
 .debug_macro   0x00000000      0x33b src/example1.o
 .debug_macro   0x00000000       0x97 src/example1.o
 .debug_macro   0x00000000       0x17 src/example1.o
 .debug_macro   0x00000000      0x250 src/example1.o
 .debug_macro   0x00000000       0x76 src/example1.o
 .debug_macro   0x00000000       0x16 src/example1.o
 .debug_macro   0x00000000      0x6e0 src/example1.o
 .debug_macro   0x00000000       0x10 src/example1.o
 .debug_macro   0x00000000      0x160 src/example1.o
 .debug_macro   0x00000000       0x40 src/example1.o
 .debug_macro   0x00000000       0x69 src/example1.o
 .debug_macro   0x00000000       0x32 src/example1.o
 .debug_macro   0x00000000       0xe4 src/example1.o
 .debug_macro   0x00000000       0x34 src/example1.o
 .debug_macro   0x00000000       0x9a src/example1.o
 .debug_macro   0x00000000      0x109 src/example1.o
 .debug_macro   0x00000000       0x40 src/example1.o
 .debug_macro   0x00000000      0x1ea src/example1.o
 .debug_macro   0x00000000      0x17a src/example1.o
 .debug_macro   0x00000000       0x5e src/example1.o
 .debug_macro   0x00000000       0x1c src/example1.o
 .debug_macro   0x00000000       0x82 src/example1.o
 .debug_macro   0x00000000       0x2f src/example1.o
 .debug_macro   0x00000000      0x13f src/example1.o
 .debug_macro   0x00000000       0x12 src/example1.o
 .debug_macro   0x00000000       0x1c src/example1.o
 .text          0x00000000        0x0 c:/program files (x86)/atmel/atmel toolchain/avr8 gcc/native/3.4.2.1002/avr8-gnu-toolchain/bin/../lib/gcc/avr/4.7.2/avrxmega7\libgcc.a(_udivmodsi4.o)
 .bss           0x00000000        0x0 c:/program files (x86)/atmel/atmel toolchain/avr8 gcc/native/3.4.2.1002/avr8-gnu-toolchain/bin/../lib/gcc/avr/4.7.2/avrxmega7\libgcc.a(_udivmodsi4.o)
 .text.libgcc.mul
                0x00000000        0x0 c:/program files (x86)/atmel/atmel toolchain/avr8 gcc/native/3.4.2.1002/avr8-gnu-toolchain/bin/../lib/gcc/avr/4.7.2/avrxmega7\libgcc.a(_udivmodsi4.o)
 .text.libgcc   0x00000000        0x0 c:/program files (x86)/atmel/atmel toolchain/avr8 gcc/native/3.4.2.1002/avr8-gnu-toolchain/bin/../lib/gcc/avr/4.7.2/avrxmega7\libgcc.a(_udivmodsi4.o)
 .text.libgcc.prologue
                0x00000000        0x0 c:/program files (x86)/atmel/atmel toolchain/avr8 gcc/native/3.4.2.1002/avr8-gnu-toolchain/bin/../lib/gcc/avr/4.7.2/avrxmega7\libgcc.a(_udivmodsi4.o)
 .text.libgcc.builtins
                0x00000000        0x0 c:/program files (x86)/atmel/atmel toolchain/avr8 gcc/native/3.4.2.1002/avr8-gnu-toolchain/bin/../lib/gcc/avr/4.7.2/avrxmega7\libgcc.a(_udivmodsi4.o)
 .text.libgcc.fmul
                0x00000000        0x0 c:/program files (x86)/atmel/atmel toolchain/avr8 gcc/native/3.4.2.1002/avr8-gnu-toolchain/bin/../lib/gcc/avr/4.7.2/avrxmega7\libgcc.a(_udivmodsi4.o)
 .text          0x00000000        0x0 c:/program files (x86)/atmel/atmel toolchain/avr8 gcc/native/3.4.2.1002/avr8-gnu-toolchain/bin/../lib/gcc/avr/4.7.2/avrxmega7\libgcc.a(_exit.o)
 .bss           0x00000000        0x0 c:/program files (x86)/atmel/atmel toolchain/avr8 gcc/native/3.4.2.1002/avr8-gnu-toolchain/bin/../lib/gcc/avr/4.7.2/avrxmega7\libgcc.a(_exit.o)
 .text.libgcc.mul
                0x00000000        0x0 c:/program files (x86)/atmel/atmel toolchain/avr8 gcc/native/3.4.2.1002/avr8-gnu-toolchain/bin/../lib/gcc/avr/4.7.2/avrxmega7\libgcc.a(_exit.o)
 .text.libgcc.div
                0x00000000        0x0 c:/program files (x86)/atmel/atmel toolchain/avr8 gcc/native/3.4.2.1002/avr8-gnu-toolchain/bin/../lib/gcc/avr/4.7.2/avrxmega7\libgcc.a(_exit.o)
 .text.libgcc   0x00000000        0x0 c:/program files (x86)/atmel/atmel toolchain/avr8 gcc/native/3.4.2.1002/avr8-gnu-toolchain/bin/../lib/gcc/avr/4.7.2/avrxmega7\libgcc.a(_exit.o)
 .text.libgcc.prologue
                0x00000000        0x0 c:/program files (x86)/atmel/atmel toolchain/avr8 gcc/native/3.4.2.1002/avr8-gnu-toolchain/bin/../lib/gcc/avr/4.7.2/avrxmega7\libgcc.a(_exit.o)
 .text.libgcc.builtins
                0x00000000        0x0 c:/program files (x86)/atmel/atmel toolchain/avr8 gcc/native/3.4.2.1002/avr8-gnu-toolchain/bin/../lib/gcc/avr/4.7.2/avrxmega7\libgcc.a(_exit.o)
 .text.libgcc.fmul
                0x00000000        0x0 c:/program files (x86)/atmel/atmel toolchain/avr8 gcc/native/3.4.2.1002/avr8-gnu-toolchain/bin/../lib/gcc/avr/4.7.2/avrxmega7\libgcc.a(_exit.o)
 .text          0x00000000        0x0 c:/program files (x86)/atmel/atmel toolchain/avr8 gcc/native/3.4.2.1002/avr8-gnu-toolchain/bin/../lib/gcc/avr/4.7.2/avrxmega7\libgcc.a(_clear_bss.o)
 .bss           0x00000000        0x0 c:/program files (x86)/atmel/atmel toolchain/avr8 gcc/native/3.4.2.1002/avr8-gnu-toolchain/bin/../lib/gcc/avr/4.7.2/avrxmega7\libgcc.a(_clear_bss.o)
 .text.libgcc.mul
                0x00000000        0x0 c:/program files (x86)/atmel/atmel toolchain/avr8 gcc/native/3.4.2.1002/avr8-gnu-toolchain/bin/../lib/gcc/avr/4.7.2/avrxmega7\libgcc.a(_clear_bss.o)
 .text.libgcc.div
                0x00000000        0x0 c:/program files (x86)/atmel/atmel toolchain/avr8 gcc/native/3.4.2.1002/avr8-gnu-toolchain/bin/../lib/gcc/avr/4.7.2/avrxmega7\libgcc.a(_clear_bss.o)
 .text.libgcc   0x00000000        0x0 c:/program files (x86)/atmel/atmel toolchain/avr8 gcc/native/3.4.2.1002/avr8-gnu-toolchain/bin/../lib/gcc/avr/4.7.2/avrxmega7\libgcc.a(_clear_bss.o)
 .text.libgcc.prologue
                0x00000000        0x0 c:/program files (x86)/atmel/atmel toolchain/avr8 gcc/native/3.4.2.1002/avr8-gnu-toolchain/bin/../lib/gcc/avr/4.7.2/avrxmega7\libgcc.a(_clear_bss.o)
 .text.libgcc.builtins
                0x00000000        0x0 c:/program files (x86)/atmel/atmel toolchain/avr8 gcc/native/3.4.2.1002/avr8-gnu-toolchain/bin/../lib/gcc/avr/4.7.2/avrxmega7\libgcc.a(_clear_bss.o)
 .text.libgcc.fmul
                0x00000000        0x0 c:/program files (x86)/atmel/atmel toolchain/avr8 gcc/native/3.4.2.1002/avr8-gnu-toolchain/bin/../lib/gcc/avr/4.7.2/avrxmega7\libgcc.a(_clear_bss.o)
 .text          0x00000000        0x0 c:/program files (x86)/atmel/atmel toolchain/avr8 gcc/native/3.4.2.1002/avr8-gnu-toolchain/bin/../lib/gcc/avr/4.7.2/avrxmega7\libgcc.a(_umulhisi3.o)
 .bss           0x00000000        0x0 c:/program files (x86)/atmel/atmel toolchain/avr8 gcc/native/3.4.2.1002/avr8-gnu-toolchain/bin/../lib/gcc/avr/4.7.2/avrxmega7\libgcc.a(_umulhisi3.o)
 .text.libgcc.div
                0x00000000        0x0 c:/program files (x86)/atmel/atmel toolchain/avr8 gcc/native/3.4.2.1002/avr8-gnu-toolchain/bin/../lib/gcc/avr/4.7.2/avrxmega7\libgcc.a(_umulhisi3.o)
 .text.libgcc   0x00000000        0x0 c:/program files (x86)/atmel/atmel toolchain/avr8 gcc/native/3.4.2.1002/avr8-gnu-toolchain/bin/../lib/gcc/avr/4.7.2/avrxmega7\libgcc.a(_umulhisi3.o)
 .text.libgcc.prologue
                0x00000000        0x0 c:/program files (x86)/atmel/atmel toolchain/avr8 gcc/native/3.4.2.1002/avr8-gnu-toolchain/bin/../lib/gcc/avr/4.7.2/avrxmega7\libgcc.a(_umulhisi3.o)
 .text.libgcc.builtins
                0x00000000        0x0 c:/program files (x86)/atmel/atmel toolchain/avr8 gcc/native/3.4.2.1002/avr8-gnu-toolchain/bin/../lib/gcc/avr/4.7.2/avrxmega7\libgcc.a(_umulhisi3.o)
 .text.libgcc.fmul
                0x00000000        0x0 c:/program files (x86)/atmel/atmel toolchain/avr8 gcc/native/3.4.2.1002/avr8-gnu-toolchain/bin/../lib/gcc/avr/4.7.2/avrxmega7\libgcc.a(_umulhisi3.o)

Memory Configuration

Name             Origin             Length             Attributes
text             0x00000000         0x00100000         xr
data             0x00802000         0x0000ffa0         rw !x
eeprom           0x00810000         0x00010000         rw !x
fuse             0x00820000         0x00000400         rw !x
lock             0x00830000         0x00000400         rw !x
signature        0x00840000         0x00000400         rw !x
user_signatures  0x00850000         0x00000400         rw !x
*default*        0x00000000         0xffffffff

Linker script and memory map

LOAD c:/program files (x86)/atmel/atmel toolchain/avr8 gcc/native/3.4.2.1002/avr8-gnu-toolchain/bin/../lib/gcc/avr/4.7.2/../../../../avr/lib/avrxmega7/crtx128a1.o
LOAD src/ASF/common/services/clock/xmega/sysclk.o
LOAD src/ASF/common/services/ioport/xmega/ioport_compat.o
LOAD src/ASF/common/services/sleepmgr/xmega/sleepmgr.o
LOAD src/ASF/xmega/boards/xmega_a1_xplained/init.o
LOAD src/ASF/xmega/drivers/cpu/ccp.o
LOAD src/ASF/xmega/drivers/tc/tc.o
LOAD src/ASF/xmega/services/pwm/pwm.o
LOAD src/example1.o
START GROUP
LOAD c:/program files (x86)/atmel/atmel toolchain/avr8 gcc/native/3.4.2.1002/avr8-gnu-toolchain/bin/../lib/gcc/avr/4.7.2/../../../../avr/lib/avrxmega7\libm.a
END GROUP
Address of section .BOOT set to 0x20000
LOAD c:/program files (x86)/atmel/atmel toolchain/avr8 gcc/native/3.4.2.1002/avr8-gnu-toolchain/bin/../lib/gcc/avr/4.7.2/avrxmega7\libgcc.a
LOAD c:/program files (x86)/atmel/atmel toolchain/avr8 gcc/native/3.4.2.1002/avr8-gnu-toolchain/bin/../lib/gcc/avr/4.7.2/../../../../avr/lib/avrxmega7\libc.a
LOAD c:/program files (x86)/atmel/atmel toolchain/avr8 gcc/native/3.4.2.1002/avr8-gnu-toolchain/bin/../lib/gcc/avr/4.7.2/avrxmega7\libgcc.a

.hash
 *(.hash)

.dynsym
 *(.dynsym)

.dynstr
 *(.dynstr)

.gnu.version
 *(.gnu.version)

.gnu.version_d
 *(.gnu.version_d)

.gnu.version_r
 *(.gnu.version_r)

.rel.init
 *(.rel.init)

.rela.init
 *(.rela.init)

.rel.text
 *(.rel.text)
 *(.rel.text.*)
 *(.rel.gnu.linkonce.t*)

.rela.text
 *(.rela.text)
 *(.rela.text.*)
 *(.rela.gnu.linkonce.t*)

.rel.fini
 *(.rel.fini)

.rela.fini
 *(.rela.fini)

.rel.rodata
 *(.rel.rodata)
 *(.rel.rodata.*)
 *(.rel.gnu.linkonce.r*)

.rela.rodata
 *(.rela.rodata)
 *(.rela.rodata.*)
 *(.rela.gnu.linkonce.r*)

.rel.data
 *(.rel.data)
 *(.rel.data.*)
 *(.rel.gnu.linkonce.d*)

.rela.data
 *(.rela.data)
 *(.rela.data.*)
 *(.rela.gnu.linkonce.d*)

.rel.ctors
 *(.rel.ctors)

.rela.ctors
 *(.rela.ctors)

.rel.dtors
 *(.rel.dtors)

.rela.dtors
 *(.rela.dtors)

.rel.got
 *(.rel.got)

.rela.got
 *(.rela.got)

.rel.bss
 *(.rel.bss)

.rela.bss
 *(.rela.bss)

.rel.plt
 *(.rel.plt)

.rela.plt
 *(.rela.plt)

.text           0x00000000     0x1924
 *(.vectors)
 .vectors       0x00000000      0x1f4 c:/program files (x86)/atmel/atmel toolchain/avr8 gcc/native/3.4.2.1002/avr8-gnu-toolchain/bin/../lib/gcc/avr/4.7.2/../../../../avr/lib/avrxmega7/crtx128a1.o
                0x00000000                __vector_default
                0x00000000                __vectors
 *(.vectors)
 *(.progmem.gcc*)
 *(.progmem*)
                0x000001f4                . = ALIGN (0x2)
                0x000001f4                __trampolines_start = .
 *(.trampolines)
 .trampolines   0x000001f4        0x0 linker stubs
 *(.trampolines*)
                0x000001f4                __trampolines_end = .
 *(.jumptables)
 *(.jumptables*)
 *(.lowtext)
 *(.lowtext*)
                0x000001f4                __ctors_start = .
 *(.ctors)
                0x000001f4                __ctors_end = .
                0x000001f4                __dtors_start = .
 *(.dtors)
                0x000001f4                __dtors_end = .
 SORT(*)(.ctors)
 SORT(*)(.dtors)
 *(.init0)
 .init0         0x000001f4        0x0 c:/program files (x86)/atmel/atmel toolchain/avr8 gcc/native/3.4.2.1002/avr8-gnu-toolchain/bin/../lib/gcc/avr/4.7.2/../../../../avr/lib/avrxmega7/crtx128a1.o
                0x000001f4                __init
 *(.init0)
 *(.init1)
 *(.init1)
 *(.init2)
 .init2         0x000001f4       0x18 c:/program files (x86)/atmel/atmel toolchain/avr8 gcc/native/3.4.2.1002/avr8-gnu-toolchain/bin/../lib/gcc/avr/4.7.2/../../../../avr/lib/avrxmega7/crtx128a1.o
 *(.init2)
 *(.init3)
 *(.init3)
 *(.init4)
 .init4         0x0000020c       0x10 c:/program files (x86)/atmel/atmel toolchain/avr8 gcc/native/3.4.2.1002/avr8-gnu-toolchain/bin/../lib/gcc/avr/4.7.2/avrxmega7\libgcc.a(_clear_bss.o)
                0x0000020c                __do_clear_bss
 *(.init4)
 *(.init5)
 *(.init5)
 *(.init6)
 *(.init6)
 *(.init7)
 *(.init7)
 *(.init8)
 *(.init8)
 *(.init9)
 .init9         0x0000021c        0x8 c:/program files (x86)/atmel/atmel toolchain/avr8 gcc/native/3.4.2.1002/avr8-gnu-toolchain/bin/../lib/gcc/avr/4.7.2/../../../../avr/lib/avrxmega7/crtx128a1.o
 *(.init9)
 *(.text)
 .text          0x00000224        0x2 c:/program files (x86)/atmel/atmel toolchain/avr8 gcc/native/3.4.2.1002/avr8-gnu-toolchain/bin/../lib/gcc/avr/4.7.2/../../../../avr/lib/avrxmega7/crtx128a1.o
                0x00000224                __vector_38
                0x00000224                __vector_104
                0x00000224                __vector_63
                0x00000224                __vector_28
                0x00000224                __vector_67
                0x00000224                __vector_1
                0x00000224                __vector_119
                0x00000224                __vector_32
                0x00000224                __vector_75
                0x00000224                __vector_71
                0x00000224                __vector_91
                0x00000224                __vector_34
                0x00000224                __vector_62
                0x00000224                __vector_102
                0x00000224                __vector_24
                0x00000224                __vector_12
                0x00000224                __vector_69
                0x00000224                __vector_90
                0x00000224                __vector_46
                0x00000224                __bad_interrupt
                0x00000224                __vector_122
                0x00000224                __vector_72
                0x00000224                __vector_6
                0x00000224                __vector_31
                0x00000224                __vector_92
                0x00000224                __vector_35
                0x00000224                __vector_74
                0x00000224                __vector_39
                0x00000224                __vector_107
                0x00000224                __vector_3
                0x00000224                __vector_105
                0x00000224                __vector_98
                0x00000224                __vector_68
                0x00000224                __vector_30
                0x00000224                __vector_73
                0x00000224                __vector_45
                0x00000224                __vector_25
                0x00000224                __vector_93
                0x00000224                __vector_61
                0x00000224                __vector_11
                0x00000224                __vector_99
                0x00000224                __vector_13
                0x00000224                __vector_7
                0x00000224                __vector_123
                0x00000224                __vector_41
                0x00000224                __vector_100
                0x00000224                __vector_101
                0x00000224                __vector_64
                0x00000224                __vector_88
                0x00000224                __vector_43
                0x00000224                __vector_27
                0x00000224                __vector_5
                0x00000224                __vector_33
                0x00000224                __vector_76
                0x00000224                __vector_37
                0x00000224                __vector_95
                0x00000224                __vector_103
                0x00000224                __vector_96
                0x00000224                __vector_89
                0x00000224                __vector_4
                0x00000224                __vector_44
                0x00000224                __vector_106
                0x00000224                __vector_118
                0x00000224                __vector_9
                0x00000224                __vector_2
                0x00000224                __vector_66
                0x00000224                __vector_36
                0x00000224                __vector_58
                0x00000224                __vector_70
                0x00000224                __vector_29
                0x00000224                __vector_60
                0x00000224                __vector_121
                0x00000224                __vector_40
                0x00000224                __vector_94
                0x00000224                __vector_8
                0x00000224                __vector_26
                0x00000224                __vector_124
                0x00000224                __vector_57
                0x00000224                __vector_10
                0x00000224                __vector_59
                0x00000224                __vector_97
                0x00000224                __vector_42
                0x00000224                __vector_87
                0x00000224                __vector_65
                0x00000224                __vector_120
                0x00000226                . = ALIGN (0x2)
 *(.text.*)
 .text.sysclk_init
                0x00000226       0x4e src/ASF/common/services/clock/xmega/sysclk.o
                0x00000226                sysclk_init
 .text.sysclk_enable_module
                0x00000274       0x18 src/ASF/common/services/clock/xmega/sysclk.o
                0x00000274                sysclk_enable_module
 .text.ccp_write_io
                0x0000028c        0xc src/ASF/xmega/drivers/cpu/ccp.o
                0x0000028c                ccp_write_io
 .text.__vector_14
                0x00000298       0x70 src/ASF/xmega/drivers/tc/tc.o
                0x00000298                __vector_14
 .text.__vector_15
                0x00000308       0x70 src/ASF/xmega/drivers/tc/tc.o
                0x00000308                __vector_15
 .text.__vector_16
                0x00000378       0x70 src/ASF/xmega/drivers/tc/tc.o
                0x00000378                __vector_16
 .text.__vector_17
                0x000003e8       0x70 src/ASF/xmega/drivers/tc/tc.o
                0x000003e8                __vector_17
 .text.__vector_18
                0x00000458       0x70 src/ASF/xmega/drivers/tc/tc.o
                0x00000458                __vector_18
 .text.__vector_19
                0x000004c8       0x70 src/ASF/xmega/drivers/tc/tc.o
                0x000004c8                __vector_19
 .text.__vector_20
                0x00000538       0x70 src/ASF/xmega/drivers/tc/tc.o
                0x00000538                __vector_20
 .text.__vector_21
                0x000005a8       0x70 src/ASF/xmega/drivers/tc/tc.o
                0x000005a8                __vector_21
 .text.__vector_22
                0x00000618       0x70 src/ASF/xmega/drivers/tc/tc.o
                0x00000618                __vector_22
 .text.__vector_23
                0x00000688       0x70 src/ASF/xmega/drivers/tc/tc.o
                0x00000688                __vector_23
 .text.__vector_77
                0x000006f8       0x70 src/ASF/xmega/drivers/tc/tc.o
                0x000006f8                __vector_77
 .text.__vector_78
                0x00000768       0x70 src/ASF/xmega/drivers/tc/tc.o
                0x00000768                __vector_78
 .text.__vector_79
                0x000007d8       0x70 src/ASF/xmega/drivers/tc/tc.o
                0x000007d8                __vector_79
 .text.__vector_80
                0x00000848       0x70 src/ASF/xmega/drivers/tc/tc.o
                0x00000848                __vector_80
 .text.__vector_81
                0x000008b8       0x70 src/ASF/xmega/drivers/tc/tc.o
                0x000008b8                __vector_81
 .text.__vector_82
                0x00000928       0x70 src/ASF/xmega/drivers/tc/tc.o
                0x00000928                __vector_82
 .text.__vector_83
                0x00000998       0x70 src/ASF/xmega/drivers/tc/tc.o
                0x00000998                __vector_83
 .text.__vector_84
                0x00000a08       0x70 src/ASF/xmega/drivers/tc/tc.o
                0x00000a08                __vector_84
 .text.__vector_85
                0x00000a78       0x70 src/ASF/xmega/drivers/tc/tc.o
                0x00000a78                __vector_85
 .text.__vector_86
                0x00000ae8       0x70 src/ASF/xmega/drivers/tc/tc.o
                0x00000ae8                __vector_86
 .text.__vector_47
                0x00000b58       0x70 src/ASF/xmega/drivers/tc/tc.o
                0x00000b58                __vector_47
 .text.__vector_48
                0x00000bc8       0x70 src/ASF/xmega/drivers/tc/tc.o
                0x00000bc8                __vector_48
 .text.__vector_49
                0x00000c38       0x70 src/ASF/xmega/drivers/tc/tc.o
                0x00000c38                __vector_49
 .text.__vector_50
                0x00000ca8       0x70 src/ASF/xmega/drivers/tc/tc.o
                0x00000ca8                __vector_50
 .text.__vector_51
                0x00000d18       0x70 src/ASF/xmega/drivers/tc/tc.o
                0x00000d18                __vector_51
 .text.__vector_52
                0x00000d88       0x70 src/ASF/xmega/drivers/tc/tc.o
                0x00000d88                __vector_52
 .text.__vector_53
                0x00000df8       0x70 src/ASF/xmega/drivers/tc/tc.o
                0x00000df8                __vector_53
 .text.__vector_54
                0x00000e68       0x70 src/ASF/xmega/drivers/tc/tc.o
                0x00000e68                __vector_54
 .text.__vector_55
                0x00000ed8       0x70 src/ASF/xmega/drivers/tc/tc.o
                0x00000ed8                __vector_55
 .text.__vector_56
                0x00000f48       0x70 src/ASF/xmega/drivers/tc/tc.o
                0x00000f48                __vector_56
 .text.__vector_108
                0x00000fb8       0x70 src/ASF/xmega/drivers/tc/tc.o
                0x00000fb8                __vector_108
 .text.__vector_109
                0x00001028       0x70 src/ASF/xmega/drivers/tc/tc.o
                0x00001028                __vector_109
 .text.__vector_110
                0x00001098       0x70 src/ASF/xmega/drivers/tc/tc.o
                0x00001098                __vector_110
 .text.__vector_111
                0x00001108       0x70 src/ASF/xmega/drivers/tc/tc.o
                0x00001108                __vector_111
 .text.__vector_112
                0x00001178       0x70 src/ASF/xmega/drivers/tc/tc.o
                0x00001178                __vector_112
 .text.__vector_113
                0x000011e8       0x70 src/ASF/xmega/drivers/tc/tc.o
                0x000011e8                __vector_113
 .text.__vector_114
                0x00001258       0x70 src/ASF/xmega/drivers/tc/tc.o
                0x00001258                __vector_114
 .text.__vector_115
                0x000012c8       0x70 src/ASF/xmega/drivers/tc/tc.o
                0x000012c8                __vector_115
 .text.__vector_116
                0x00001338       0x70 src/ASF/xmega/drivers/tc/tc.o
                0x00001338                __vector_116
 .text.__vector_117
                0x000013a8       0x70 src/ASF/xmega/drivers/tc/tc.o
                0x000013a8                __vector_117
 .text.tc_enable
                0x00001418       0xde src/ASF/xmega/drivers/tc/tc.o
                0x00001418                tc_enable
 .text.pwm_set_frequency
                0x000014f6       0xd0 src/ASF/xmega/services/pwm/pwm.o
                0x000014f6                pwm_set_frequency
 .text.pwm_init
                0x000015c6      0x1f2 src/ASF/xmega/services/pwm/pwm.o
                0x000015c6                pwm_init
 .text.pwm_start
                0x000017b8       0xa0 src/ASF/xmega/services/pwm/pwm.o
                0x000017b8                pwm_start
 .text.main     0x00001858       0x6c src/example1.o
                0x00001858                main
 .text.libgcc.div
                0x000018c4       0x44 c:/program files (x86)/atmel/atmel toolchain/avr8 gcc/native/3.4.2.1002/avr8-gnu-toolchain/bin/../lib/gcc/avr/4.7.2/avrxmega7\libgcc.a(_udivmodsi4.o)
                0x000018c4                __udivmodsi4
 .text.libgcc.mul
                0x00001908       0x18 c:/program files (x86)/atmel/atmel toolchain/avr8 gcc/native/3.4.2.1002/avr8-gnu-toolchain/bin/../lib/gcc/avr/4.7.2/avrxmega7\libgcc.a(_umulhisi3.o)
                0x00001908                __umulhisi3
                0x00001920                . = ALIGN (0x2)
 *(.fini9)
 .fini9         0x00001920        0x0 c:/program files (x86)/atmel/atmel toolchain/avr8 gcc/native/3.4.2.1002/avr8-gnu-toolchain/bin/../lib/gcc/avr/4.7.2/avrxmega7\libgcc.a(_exit.o)
                0x00001920                _exit
                0x00001920                exit
 *(.fini9)
 *(.fini8)
 *(.fini8)
 *(.fini7)
 *(.fini7)
 *(.fini6)
 *(.fini6)
 *(.fini5)
 *(.fini5)
 *(.fini4)
 *(.fini4)
 *(.fini3)
 *(.fini3)
 *(.fini2)
 *(.fini2)
 *(.fini1)
 *(.fini1)
 *(.fini0)
 .fini0         0x00001920        0x4 c:/program files (x86)/atmel/atmel toolchain/avr8 gcc/native/3.4.2.1002/avr8-gnu-toolchain/bin/../lib/gcc/avr/4.7.2/avrxmega7\libgcc.a(_exit.o)
 *(.fini0)
                0x00001924                _etext = .

.data           0x00802000        0x0 load address 0x00001924
                0x00802000                PROVIDE (__data_start, .)
 *(.data)
 .data          0x00802000        0x0 c:/program files (x86)/atmel/atmel toolchain/avr8 gcc/native/3.4.2.1002/avr8-gnu-toolchain/bin/../lib/gcc/avr/4.7.2/../../../../avr/lib/avrxmega7/crtx128a1.o
 .data          0x00802000        0x0 src/ASF/common/services/clock/xmega/sysclk.o
 .data          0x00802000        0x0 src/ASF/common/services/ioport/xmega/ioport_compat.o
 .data          0x00802000        0x0 src/ASF/common/services/sleepmgr/xmega/sleepmgr.o
 .data          0x00802000        0x0 src/ASF/xmega/boards/xmega_a1_xplained/init.o
 .data          0x00802000        0x0 src/ASF/xmega/drivers/cpu/ccp.o
 .data          0x00802000        0x0 src/ASF/xmega/drivers/tc/tc.o
 .data          0x00802000        0x0 src/ASF/xmega/services/pwm/pwm.o
 .data          0x00802000        0x0 src/example1.o
 .data          0x00802000        0x0 c:/program files (x86)/atmel/atmel toolchain/avr8 gcc/native/3.4.2.1002/avr8-gnu-toolchain/bin/../lib/gcc/avr/4.7.2/avrxmega7\libgcc.a(_udivmodsi4.o)
 .data          0x00802000        0x0 c:/program files (x86)/atmel/atmel toolchain/avr8 gcc/native/3.4.2.1002/avr8-gnu-toolchain/bin/../lib/gcc/avr/4.7.2/avrxmega7\libgcc.a(_exit.o)
 .data          0x00802000        0x0 c:/program files (x86)/atmel/atmel toolchain/avr8 gcc/native/3.4.2.1002/avr8-gnu-toolchain/bin/../lib/gcc/avr/4.7.2/avrxmega7\libgcc.a(_clear_bss.o)
 .data          0x00802000        0x0 c:/program files (x86)/atmel/atmel toolchain/avr8 gcc/native/3.4.2.1002/avr8-gnu-toolchain/bin/../lib/gcc/avr/4.7.2/avrxmega7\libgcc.a(_umulhisi3.o)
 *(.data*)
 *(.rodata)
 *(.rodata*)
 *(.gnu.linkonce.d*)
                0x00802000                . = ALIGN (0x2)
                0x00802000                _edata = .
                0x00802000                PROVIDE (__data_end, .)

.bss            0x00802000       0x50
                0x00802000                PROVIDE (__bss_start, .)
 *(.bss)
 *(.bss*)
 .bss.tc_tcc0_ovf_callback
                0x00802000        0x2 src/ASF/xmega/drivers/tc/tc.o
 .bss.tc_tcc0_err_callback
                0x00802002        0x2 src/ASF/xmega/drivers/tc/tc.o
 .bss.tc_tcc0_cca_callback
                0x00802004        0x2 src/ASF/xmega/drivers/tc/tc.o
 .bss.tc_tcc0_ccb_callback
                0x00802006        0x2 src/ASF/xmega/drivers/tc/tc.o
 .bss.tc_tcc0_ccc_callback
                0x00802008        0x2 src/ASF/xmega/drivers/tc/tc.o
 .bss.tc_tcc0_ccd_callback
                0x0080200a        0x2 src/ASF/xmega/drivers/tc/tc.o
 .bss.tc_tcc1_ovf_callback
                0x0080200c        0x2 src/ASF/xmega/drivers/tc/tc.o
 .bss.tc_tcc1_err_callback
                0x0080200e        0x2 src/ASF/xmega/drivers/tc/tc.o
 .bss.tc_tcc1_cca_callback
                0x00802010        0x2 src/ASF/xmega/drivers/tc/tc.o
 .bss.tc_tcc1_ccb_callback
                0x00802012        0x2 src/ASF/xmega/drivers/tc/tc.o
 .bss.tc_tcd0_ovf_callback
                0x00802014        0x2 src/ASF/xmega/drivers/tc/tc.o
 .bss.tc_tcd0_err_callback
                0x00802016        0x2 src/ASF/xmega/drivers/tc/tc.o
 .bss.tc_tcd0_cca_callback
                0x00802018        0x2 src/ASF/xmega/drivers/tc/tc.o
 .bss.tc_tcd0_ccb_callback
                0x0080201a        0x2 src/ASF/xmega/drivers/tc/tc.o
 .bss.tc_tcd0_ccc_callback
                0x0080201c        0x2 src/ASF/xmega/drivers/tc/tc.o
 .bss.tc_tcd0_ccd_callback
                0x0080201e        0x2 src/ASF/xmega/drivers/tc/tc.o
 .bss.tc_tcd1_ovf_callback
                0x00802020        0x2 src/ASF/xmega/drivers/tc/tc.o
 .bss.tc_tcd1_err_callback
                0x00802022        0x2 src/ASF/xmega/drivers/tc/tc.o
 .bss.tc_tcd1_cca_callback
                0x00802024        0x2 src/ASF/xmega/drivers/tc/tc.o
 .bss.tc_tcd1_ccb_callback
                0x00802026        0x2 src/ASF/xmega/drivers/tc/tc.o
 .bss.tc_tce0_ovf_callback
                0x00802028        0x2 src/ASF/xmega/drivers/tc/tc.o
 .bss.tc_tce0_err_callback
                0x0080202a        0x2 src/ASF/xmega/drivers/tc/tc.o
 .bss.tc_tce0_cca_callback
                0x0080202c        0x2 src/ASF/xmega/drivers/tc/tc.o
 .bss.tc_tce0_ccb_callback
                0x0080202e        0x2 src/ASF/xmega/drivers/tc/tc.o
 .bss.tc_tce0_ccc_callback
                0x00802030        0x2 src/ASF/xmega/drivers/tc/tc.o
 .bss.tc_tce0_ccd_callback
                0x00802032        0x2 src/ASF/xmega/drivers/tc/tc.o
 .bss.tc_tce1_ovf_callback
                0x00802034        0x2 src/ASF/xmega/drivers/tc/tc.o
 .bss.tc_tce1_err_callback
                0x00802036        0x2 src/ASF/xmega/drivers/tc/tc.o
 .bss.tc_tce1_cca_callback
                0x00802038        0x2 src/ASF/xmega/drivers/tc/tc.o
 .bss.tc_tce1_ccb_callback
                0x0080203a        0x2 src/ASF/xmega/drivers/tc/tc.o
 .bss.tc_tcf0_ovf_callback
                0x0080203c        0x2 src/ASF/xmega/drivers/tc/tc.o
 .bss.tc_tcf0_err_callback
                0x0080203e        0x2 src/ASF/xmega/drivers/tc/tc.o
 .bss.tc_tcf0_cca_callback
                0x00802040        0x2 src/ASF/xmega/drivers/tc/tc.o
 .bss.tc_tcf0_ccb_callback
                0x00802042        0x2 src/ASF/xmega/drivers/tc/tc.o
 .bss.tc_tcf0_ccc_callback
                0x00802044        0x2 src/ASF/xmega/drivers/tc/tc.o
 .bss.tc_tcf0_ccd_callback
                0x00802046        0x2 src/ASF/xmega/drivers/tc/tc.o
 .bss.tc_tcf1_ovf_callback
                0x00802048        0x2 src/ASF/xmega/drivers/tc/tc.o
 .bss.tc_tcf1_err_callback
                0x0080204a        0x2 src/ASF/xmega/drivers/tc/tc.o
 .bss.tc_tcf1_cca_callback
                0x0080204c        0x2 src/ASF/xmega/drivers/tc/tc.o
 .bss.tc_tcf1_ccb_callback
                0x0080204e        0x2 src/ASF/xmega/drivers/tc/tc.o
 *(COMMON)
                0x00802050                PROVIDE (__bss_end, .)
                0x00001924                __data_load_start = LOADADDR (.data)
                0x00001924                __data_load_end = (__data_load_start + SIZEOF (.data))

.noinit         0x00802050        0x0
                0x00802050                PROVIDE (__noinit_start, .)
 *(.noinit*)
                0x00802050                PROVIDE (__noinit_end, .)
                0x00802050                _end = .
                0x00802050                PROVIDE (__heap_start, .)

.eeprom         0x00810000        0x0
 *(.eeprom*)
                0x00810000                __eeprom_end = .

.fuse
 *(.fuse)
 *(.lfuse)
 *(.hfuse)
 *(.efuse)

.lock
 *(.lock*)

.signature
 *(.signature*)

.user_signatures
 *(.user_signatures*)

.stab           0x00000000      0x714
 *(.stab)
 .stab          0x00000000      0x714 c:/program files (x86)/atmel/atmel toolchain/avr8 gcc/native/3.4.2.1002/avr8-gnu-toolchain/bin/../lib/gcc/avr/4.7.2/../../../../avr/lib/avrxmega7/crtx128a1.o

.stabstr        0x00000000       0x97
 *(.stabstr)
 .stabstr       0x00000000       0x97 c:/program files (x86)/atmel/atmel toolchain/avr8 gcc/native/3.4.2.1002/avr8-gnu-toolchain/bin/../lib/gcc/avr/4.7.2/../../../../avr/lib/avrxmega7/crtx128a1.o

.stab.excl
 *(.stab.excl)

.stab.exclstr
 *(.stab.exclstr)

.stab.index
 *(.stab.index)

.stab.indexstr
 *(.stab.indexstr)

.comment        0x00000000       0x2f
 *(.comment)
 .comment       0x00000000       0x2f src/ASF/common/services/clock/xmega/sysclk.o
                                 0x30 (size before relaxing)
 .comment       0x00000000       0x30 src/ASF/common/services/ioport/xmega/ioport_compat.o
 .comment       0x00000000       0x30 src/ASF/common/services/sleepmgr/xmega/sleepmgr.o
 .comment       0x00000000       0x30 src/ASF/xmega/boards/xmega_a1_xplained/init.o
 .comment       0x00000000       0x30 src/ASF/xmega/drivers/tc/tc.o
 .comment       0x00000000       0x30 src/ASF/xmega/services/pwm/pwm.o
 .comment       0x00000000       0x30 src/example1.o

.debug
 *(.debug)

.line
 *(.line)

.debug_srcinfo
 *(.debug_srcinfo)

.debug_sfnames
 *(.debug_sfnames)

.debug_aranges  0x00000000      0x290
 *(.debug_aranges)
 .debug_aranges
                0x00000000       0x30 src/ASF/common/services/clock/xmega/sysclk.o
 .debug_aranges
                0x00000030       0x20 src/ASF/common/services/ioport/xmega/ioport_compat.o
 .debug_aranges
                0x00000050       0x18 src/ASF/common/services/sleepmgr/xmega/sleepmgr.o
 .debug_aranges
                0x00000068       0x20 src/ASF/xmega/boards/xmega_a1_xplained/init.o
 .debug_aranges
                0x00000088       0x20 src/ASF/xmega/drivers/cpu/ccp.o
 .debug_aranges
                0x000000a8      0x198 src/ASF/xmega/drivers/tc/tc.o
 .debug_aranges
                0x00000240       0x30 src/ASF/xmega/services/pwm/pwm.o
 .debug_aranges
                0x00000270       0x20 src/example1.o

.debug_pubnames
 *(.debug_pubnames)

.debug_info     0x00000000     0x3fc9
 *(.debug_info)
 .debug_info    0x00000000      0x67c src/ASF/common/services/clock/xmega/sysclk.o
 .debug_info    0x0000067c      0x11d src/ASF/common/services/ioport/xmega/ioport_compat.o
 .debug_info    0x00000799       0x6f src/ASF/common/services/sleepmgr/xmega/sleepmgr.o
 .debug_info    0x00000808      0x7c9 src/ASF/xmega/boards/xmega_a1_xplained/init.o
 .debug_info    0x00000fd1       0xb0 src/ASF/xmega/drivers/cpu/ccp.o
 .debug_info    0x00001081     0x18e2 src/ASF/xmega/drivers/tc/tc.o
 .debug_info    0x00002963     0x12f9 src/ASF/xmega/services/pwm/pwm.o
 .debug_info    0x00003c5c      0x36d src/example1.o
 *(.gnu.linkonce.wi.*)

.debug_abbrev   0x00000000      0xa8b
 *(.debug_abbrev)
 .debug_abbrev  0x00000000      0x25f src/ASF/common/services/clock/xmega/sysclk.o
 .debug_abbrev  0x0000025f       0x93 src/ASF/common/services/ioport/xmega/ioport_compat.o
 .debug_abbrev  0x000002f2       0x29 src/ASF/common/services/sleepmgr/xmega/sleepmgr.o
 .debug_abbrev  0x0000031b      0x160 src/ASF/xmega/boards/xmega_a1_xplained/init.o
 .debug_abbrev  0x0000047b       0x14 src/ASF/xmega/drivers/cpu/ccp.o
 .debug_abbrev  0x0000048f      0x256 src/ASF/xmega/drivers/tc/tc.o
 .debug_abbrev  0x000006e5      0x26d src/ASF/xmega/services/pwm/pwm.o
 .debug_abbrev  0x00000952      0x139 src/example1.o

.debug_line     0x00000000     0x356c
 *(.debug_line)
 .debug_line    0x00000000      0x5cf src/ASF/common/services/clock/xmega/sysclk.o
 .debug_line    0x000005cf      0x4d5 src/ASF/common/services/ioport/xmega/ioport_compat.o
 .debug_line    0x00000aa4      0x47c src/ASF/common/services/sleepmgr/xmega/sleepmgr.o
 .debug_line    0x00000f20      0x500 src/ASF/xmega/boards/xmega_a1_xplained/init.o
 .debug_line    0x00001420       0x6e src/ASF/xmega/drivers/cpu/ccp.o
 .debug_line    0x0000148e      0xf5f src/ASF/xmega/drivers/tc/tc.o
 .debug_line    0x000023ed      0x9d7 src/ASF/xmega/services/pwm/pwm.o
 .debug_line    0x00002dc4      0x7a8 src/example1.o

.debug_frame    0x00000000      0xfb4
 *(.debug_frame)
 .debug_frame   0x00000000       0x44 src/ASF/common/services/clock/xmega/sysclk.o
 .debug_frame   0x00000044       0x30 src/ASF/common/services/ioport/xmega/ioport_compat.o
 .debug_frame   0x00000074       0x24 src/ASF/xmega/boards/xmega_a1_xplained/init.o
 .debug_frame   0x00000098      0xe64 src/ASF/xmega/drivers/tc/tc.o
 .debug_frame   0x00000efc       0x84 src/ASF/xmega/services/pwm/pwm.o
 .debug_frame   0x00000f80       0x34 src/example1.o

.debug_str      0x00000000    0x24773
 *(.debug_str)
 .debug_str     0x00000000    0x22716 src/ASF/common/services/clock/xmega/sysclk.o
                              0x22f61 (size before relaxing)
 .debug_str     0x00022716      0x6c9 src/ASF/common/services/ioport/xmega/ioport_compat.o
                              0x219e8 (size before relaxing)
 .debug_str     0x00022ddf      0x38f src/ASF/common/services/sleepmgr/xmega/sleepmgr.o
                              0x216a7 (size before relaxing)
 .debug_str     0x0002316e      0x1cd src/ASF/xmega/boards/xmega_a1_xplained/init.o
                              0x22992 (size before relaxing)
 .debug_str     0x0002333b      0xb0f src/ASF/xmega/drivers/tc/tc.o
                              0x23ad6 (size before relaxing)
 .debug_str     0x00023e4a      0x90a src/ASF/xmega/services/pwm/pwm.o
                              0x243d8 (size before relaxing)
 .debug_str     0x00024754       0x1f src/example1.o
                              0x23b57 (size before relaxing)

.debug_loc      0x00000000     0x2d25
 *(.debug_loc)
 .debug_loc     0x00000000      0x1a8 src/ASF/common/services/clock/xmega/sysclk.o
 .debug_loc     0x000001a8       0x43 src/ASF/common/services/ioport/xmega/ioport_compat.o
 .debug_loc     0x000001eb     0x22b2 src/ASF/xmega/drivers/tc/tc.o
 .debug_loc     0x0000249d      0x841 src/ASF/xmega/services/pwm/pwm.o
 .debug_loc     0x00002cde       0x47 src/example1.o

.debug_macinfo
 *(.debug_macinfo)

.debug_pubtypes
 *(.debug_pubtypes)

.debug_ranges   0x00000000      0x1f8
 *(.debug_ranges)
 .debug_ranges  0x00000000       0x20 src/ASF/common/services/clock/xmega/sysclk.o
 .debug_ranges  0x00000020       0x10 src/ASF/common/services/ioport/xmega/ioport_compat.o
 .debug_ranges  0x00000030       0x10 src/ASF/xmega/boards/xmega_a1_xplained/init.o
 .debug_ranges  0x00000040      0x188 src/ASF/xmega/drivers/tc/tc.o
 .debug_ranges  0x000001c8       0x20 src/ASF/xmega/services/pwm/pwm.o
 .debug_ranges  0x000001e8       0x10 src/example1.o

.debug_macro    0x00000000     0x8d02
 *(.debug_macro)
 .debug_macro   0x00000000      0x1c8 src/ASF/common/services/clock/xmega/sysclk.o
 .debug_macro   0x000001c8      0x5ec src/ASF/common/services/clock/xmega/sysclk.o
 .debug_macro   0x000007b4       0x10 src/ASF/common/services/clock/xmega/sysclk.o
 .debug_macro   0x000007c4      0x1ad src/ASF/common/services/clock/xmega/sysclk.o
 .debug_macro   0x00000971      0x293 src/ASF/common/services/clock/xmega/sysclk.o
 .debug_macro   0x00000c04       0x9e src/ASF/common/services/clock/xmega/sysclk.o
 .debug_macro   0x00000ca2     0x5272 src/ASF/common/services/clock/xmega/sysclk.o
 .debug_macro   0x00005f14       0x9a src/ASF/common/services/clock/xmega/sysclk.o
 .debug_macro   0x00005fae       0xf1 src/ASF/common/services/clock/xmega/sysclk.o
 .debug_macro   0x0000609f       0x34 src/ASF/common/services/clock/xmega/sysclk.o
 .debug_macro   0x000060d3       0x18 src/ASF/common/services/clock/xmega/sysclk.o
 .debug_macro   0x000060eb       0x5e src/ASF/common/services/clock/xmega/sysclk.o
 .debug_macro   0x00006149       0x10 src/ASF/common/services/clock/xmega/sysclk.o
 .debug_macro   0x00006159       0x22 src/ASF/common/services/clock/xmega/sysclk.o
 .debug_macro   0x0000617b      0x16c src/ASF/common/services/clock/xmega/sysclk.o
 .debug_macro   0x000062e7       0x1c src/ASF/common/services/clock/xmega/sysclk.o
 .debug_macro   0x00006303       0x35 src/ASF/common/services/clock/xmega/sysclk.o
 .debug_macro   0x00006338       0x51 src/ASF/common/services/clock/xmega/sysclk.o
 .debug_macro   0x00006389      0x33b src/ASF/common/services/clock/xmega/sysclk.o
 .debug_macro   0x000066c4       0x97 src/ASF/common/services/clock/xmega/sysclk.o
 .debug_macro   0x0000675b       0x17 src/ASF/common/services/clock/xmega/sysclk.o
 .debug_macro   0x00006772      0x250 src/ASF/common/services/clock/xmega/sysclk.o
 .debug_macro   0x000069c2       0x76 src/ASF/common/services/clock/xmega/sysclk.o
 .debug_macro   0x00006a38       0x16 src/ASF/common/services/clock/xmega/sysclk.o
 .debug_macro   0x00006a4e      0x6e0 src/ASF/common/services/clock/xmega/sysclk.o
 .debug_macro   0x0000712e       0x10 src/ASF/common/services/clock/xmega/sysclk.o
 .debug_macro   0x0000713e      0x160 src/ASF/common/services/clock/xmega/sysclk.o
 .debug_macro   0x0000729e       0x40 src/ASF/common/services/clock/xmega/sysclk.o
 .debug_macro   0x000072de       0x69 src/ASF/common/services/clock/xmega/sysclk.o
 .debug_macro   0x00007347       0x32 src/ASF/common/services/clock/xmega/sysclk.o
 .debug_macro   0x00007379       0xe4 src/ASF/common/services/clock/xmega/sysclk.o
 .debug_macro   0x0000745d       0x1c src/ASF/common/services/clock/xmega/sysclk.o
 .debug_macro   0x00007479      0x1ea src/ASF/common/services/clock/xmega/sysclk.o
 .debug_macro   0x00007663      0x17a src/ASF/common/services/clock/xmega/sysclk.o
 .debug_macro   0x000077dd       0x82 src/ASF/common/services/clock/xmega/sysclk.o
 .debug_macro   0x0000785f       0x2f src/ASF/common/services/clock/xmega/sysclk.o
 .debug_macro   0x0000788e      0x13f src/ASF/common/services/clock/xmega/sysclk.o
 .debug_macro   0x000079cd      0x189 src/ASF/common/services/ioport/xmega/ioport_compat.o
 .debug_macro   0x00007b56       0x9a src/ASF/common/services/ioport/xmega/ioport_compat.o
 .debug_macro   0x00007bf0      0x109 src/ASF/common/services/ioport/xmega/ioport_compat.o
 .debug_macro   0x00007cf9      0x19a src/ASF/common/services/sleepmgr/xmega/sleepmgr.o
 .debug_macro   0x00007e93       0x5e src/ASF/common/services/sleepmgr/xmega/sleepmgr.o
 .debug_macro   0x00007ef1      0x1ac src/ASF/xmega/boards/xmega_a1_xplained/init.o
 .debug_macro   0x0000809d      0x1e4 src/ASF/xmega/boards/xmega_a1_xplained/init.o
 .debug_macro   0x00008281      0x21c src/ASF/xmega/drivers/tc/tc.o
 .debug_macro   0x0000849d      0x299 src/ASF/xmega/drivers/tc/tc.o
 .debug_macro   0x00008736       0x12 src/ASF/xmega/drivers/tc/tc.o
 .debug_macro   0x00008748      0x295 src/ASF/xmega/services/pwm/pwm.o
 .debug_macro   0x000089dd       0x34 src/ASF/xmega/services/pwm/pwm.o
 .debug_macro   0x00008a11       0x40 src/ASF/xmega/services/pwm/pwm.o
 .debug_macro   0x00008a51       0x1c src/ASF/xmega/services/pwm/pwm.o
 .debug_macro   0x00008a6d      0x295 src/example1.o
OUTPUT(PWM_EXAMPLE11.elf elf32-avr)
LOAD linker stubs

.BOOT           0x00020000        0x0
