Archive member included because of file (symbol)

c:/program files (x86)/atmel/atmel toolchain/avr8 gcc/native/3.4.2.1002/avr8-gnu-toolchain/bin/../lib/gcc/avr/4.7.2/avrxmega2\libgcc.a(_mulsi3.o)
                              src/main.o (__mulsi3)
c:/program files (x86)/atmel/atmel toolchain/avr8 gcc/native/3.4.2.1002/avr8-gnu-toolchain/bin/../lib/gcc/avr/4.7.2/avrxmega2\libgcc.a(_divmodhi4.o)
                              src/src-mylib2-xmega32a4u/ds18b20.o (__divmodhi4)
c:/program files (x86)/atmel/atmel toolchain/avr8 gcc/native/3.4.2.1002/avr8-gnu-toolchain/bin/../lib/gcc/avr/4.7.2/avrxmega2\libgcc.a(_udivmodsi4.o)
                              src/src-mylib2-xmega32a4u/epoch.o (__udivmodsi4)
c:/program files (x86)/atmel/atmel toolchain/avr8 gcc/native/3.4.2.1002/avr8-gnu-toolchain/bin/../lib/gcc/avr/4.7.2/avrxmega2\libgcc.a(_exit.o)
                              c:/program files (x86)/atmel/atmel toolchain/avr8 gcc/native/3.4.2.1002/avr8-gnu-toolchain/bin/../lib/gcc/avr/4.7.2/../../../../avr/lib/avrxmega2/crtx32a4u.o (exit)
c:/program files (x86)/atmel/atmel toolchain/avr8 gcc/native/3.4.2.1002/avr8-gnu-toolchain/bin/../lib/gcc/avr/4.7.2/avrxmega2\libgcc.a(_copy_data.o)
                              src/src-mylib2-xmega32a4u/awt.o (__do_copy_data)
c:/program files (x86)/atmel/atmel toolchain/avr8 gcc/native/3.4.2.1002/avr8-gnu-toolchain/bin/../lib/gcc/avr/4.7.2/avrxmega2\libgcc.a(_clear_bss.o)
                              src/src-mylib2-xmega32a4u/awt.o (__do_clear_bss)
c:/program files (x86)/atmel/atmel toolchain/avr8 gcc/native/3.4.2.1002/avr8-gnu-toolchain/bin/../lib/gcc/avr/4.7.2/avrxmega2\libgcc.a(_umulhisi3.o)
                              src/src-mylib2-xmega32a4u/uart_debug.o (__umulhisi3)
c:/program files (x86)/atmel/atmel toolchain/avr8 gcc/native/3.4.2.1002/avr8-gnu-toolchain/bin/../lib/gcc/avr/4.7.2/avrxmega2\libgcc.a(_muluhisi3.o)
                              src/main.o (__muluhisi3)
c:/program files (x86)/atmel/atmel toolchain/avr8 gcc/native/3.4.2.1002/avr8-gnu-toolchain/bin/../lib/gcc/avr/4.7.2/avrxmega2\libgcc.a(_mulshisi3.o)
                              src/main.o (__mulshisi3)
c:/program files (x86)/atmel/atmel toolchain/avr8 gcc/native/3.4.2.1002/avr8-gnu-toolchain/bin/../lib/gcc/avr/4.7.2/avrxmega2\libgcc.a(_udivmodhi4.o)
                              c:/program files (x86)/atmel/atmel toolchain/avr8 gcc/native/3.4.2.1002/avr8-gnu-toolchain/bin/../lib/gcc/avr/4.7.2/avrxmega2\libgcc.a(_divmodhi4.o) (__udivmodhi4)
c:/program files (x86)/atmel/atmel toolchain/avr8 gcc/native/3.4.2.1002/avr8-gnu-toolchain/bin/../lib/gcc/avr/4.7.2/../../../../avr/lib/avrxmega2\libc.a(strtoul.o)
                              src/src-mylib2-xmega32a4u/awt.o (strtoul)
c:/program files (x86)/atmel/atmel toolchain/avr8 gcc/native/3.4.2.1002/avr8-gnu-toolchain/bin/../lib/gcc/avr/4.7.2/../../../../avr/lib/avrxmega2\libc.a(atol.o)
                              src/src-mylib2-xmega32a4u/awt.o (atol)
c:/program files (x86)/atmel/atmel toolchain/avr8 gcc/native/3.4.2.1002/avr8-gnu-toolchain/bin/../lib/gcc/avr/4.7.2/../../../../avr/lib/avrxmega2\libc.a(isspace.o)
                              c:/program files (x86)/atmel/atmel toolchain/avr8 gcc/native/3.4.2.1002/avr8-gnu-toolchain/bin/../lib/gcc/avr/4.7.2/../../../../avr/lib/avrxmega2\libc.a(strtoul.o) (isspace)
c:/program files (x86)/atmel/atmel toolchain/avr8 gcc/native/3.4.2.1002/avr8-gnu-toolchain/bin/../lib/gcc/avr/4.7.2/../../../../avr/lib/avrxmega2\libc.a(strtok.o)
                              src/main.o (strtok)
c:/program files (x86)/atmel/atmel toolchain/avr8 gcc/native/3.4.2.1002/avr8-gnu-toolchain/bin/../lib/gcc/avr/4.7.2/../../../../avr/lib/avrxmega2\libc.a(memcpy.o)
                              src/ASF/xmega/drivers/nvm/nvm.o (memcpy)
c:/program files (x86)/atmel/atmel toolchain/avr8 gcc/native/3.4.2.1002/avr8-gnu-toolchain/bin/../lib/gcc/avr/4.7.2/../../../../avr/lib/avrxmega2\libc.a(strcat.o)
                              src/main.o (strcat)
c:/program files (x86)/atmel/atmel toolchain/avr8 gcc/native/3.4.2.1002/avr8-gnu-toolchain/bin/../lib/gcc/avr/4.7.2/../../../../avr/lib/avrxmega2\libc.a(strcmp.o)
                              src/src-mylib2-xmega32a4u/awt.o (strcmp)
c:/program files (x86)/atmel/atmel toolchain/avr8 gcc/native/3.4.2.1002/avr8-gnu-toolchain/bin/../lib/gcc/avr/4.7.2/../../../../avr/lib/avrxmega2\libc.a(strcpy.o)
                              src/main.o (strcpy)
c:/program files (x86)/atmel/atmel toolchain/avr8 gcc/native/3.4.2.1002/avr8-gnu-toolchain/bin/../lib/gcc/avr/4.7.2/../../../../avr/lib/avrxmega2\libc.a(strncmp.o)
                              src/src-mylib2-xmega32a4u/awt.o (strncmp)
c:/program files (x86)/atmel/atmel toolchain/avr8 gcc/native/3.4.2.1002/avr8-gnu-toolchain/bin/../lib/gcc/avr/4.7.2/../../../../avr/lib/avrxmega2\libc.a(strncpy.o)
                              src/src-mylib2-xmega32a4u/awt.o (strncpy)
[...]
Memory Configuration

Name             Origin             Length             Attributes
text             0x00000000         0x00100000         xr
data             0x00802000         0x0000ffa0         rw !x
eeprom           0x00810000         0x00010000         rw !x
fuse             0x00820000         0x00000400         rw !x
lock             0x00830000         0x00000400         rw !x
signature        0x00840000         0x00000400         rw !x
user_signatures  0x00850000         0x00000400         rw !x
*default*        0x00000000         0xffffffff

Linker script and memory map

LOAD c:/program files (x86)/atmel/atmel toolchain/avr8 gcc/native/3.4.2.1002/avr8-gnu-toolchain/bin/../lib/gcc/avr/4.7.2/../../../../avr/lib/avrxmega2/crtx32a4u.o
LOAD src/src-mylib2-xmega32a4u/awt.o
LOAD src/src-mylib2-xmega32a4u/crc.o
LOAD src/src-mylib2-xmega32a4u/ds18b20.o
LOAD src/src-mylib2-xmega32a4u/epoch.o
LOAD src/src-mylib2-xmega32a4u/owire.o
LOAD src/src-mylib2-xmega32a4u/ram_hex.o
LOAD src/src-mylib2-xmega32a4u/uartc1.o
LOAD src/src-mylib2-xmega32a4u/uarte0.o
LOAD src/src-mylib2-xmega32a4u/uart_debug.o
LOAD src/src-mylib2-xmega32a4u/uart_modem.o
LOAD src/ASF/common/boards/user_board/init.o
LOAD src/ASF/common/services/clock/xmega/sysclk.o
LOAD src/ASF/common/services/ioport/xmega/ioport_compat.o
LOAD src/ASF/common/services/sleepmgr/xmega/sleepmgr.o
LOAD src/ASF/xmega/drivers/cpu/ccp.o
LOAD src/ASF/xmega/drivers/nvm/nvm.o
LOAD src/ASF/xmega/drivers/nvm/nvm_asm.o
LOAD src/ASF/xmega/drivers/rtc/rtc.o
LOAD src/ASF/xmega/drivers/tc/tc.o
LOAD src/ASF/xmega/drivers/twi/twim.o
LOAD src/ASF/xmega/drivers/twi/twis.o
LOAD src/ASF/xmega/drivers/usart/usart.o
LOAD src/ASF/xmega/drivers/wdt/wdt.o
LOAD src/ASF/xmega/services/pwm/pwm.o
LOAD src/ASF/xmega/services/timeout/timeout.o
LOAD src/main.o
START GROUP
END GROUP
LOAD c:/program files (x86)/atmel/atmel toolchain/avr8 gcc/native/3.4.2.1002/avr8-gnu-toolchain/bin/../lib/gcc/avr/4.7.2/avrxmega2\libgcc.a
LOAD c:/program files (x86)/atmel/atmel toolchain/avr8 gcc/native/3.4.2.1002/avr8-gnu-toolchain/bin/../lib/gcc/avr/4.7.2/../../../../avr/lib/avrxmega2\libc.a
LOAD c:/program files (x86)/atmel/atmel toolchain/avr8 gcc/native/3.4.2.1002/avr8-gnu-toolchain/bin/../lib/gcc/avr/4.7.2/avrxmega2\libgcc.a

.hash
 *(.hash)

.dynsym
 *(.dynsym)

.dynstr
 *(.dynstr)

.gnu.version
 *(.gnu.version)

.gnu.version_d
 *(.gnu.version_d)

.gnu.version_r
 *(.gnu.version_r)

.rel.init
 *(.rel.init)

.rela.init
 *(.rela.init)

.rel.text
 *(.rel.text)
 *(.rel.text.*)
 *(.rel.gnu.linkonce.t*)

.rela.text
 *(.rela.text)
 *(.rela.text.*)
 *(.rela.gnu.linkonce.t*)

.rel.fini
 *(.rel.fini)

.rela.fini
 *(.rela.fini)

.rel.rodata
 *(.rel.rodata)
 *(.rel.rodata.*)
 *(.rel.gnu.linkonce.r*)

.rela.rodata
 *(.rela.rodata)
 *(.rela.rodata.*)
 *(.rela.gnu.linkonce.r*)

.rel.data
 *(.rel.data)
 *(.rel.data.*)
 *(.rel.gnu.linkonce.d*)

.rela.data
 *(.rela.data)
 *(.rela.data.*)
 *(.rela.gnu.linkonce.d*)

.rel.ctors
 *(.rel.ctors)

.rela.ctors
 *(.rela.ctors)

.rel.dtors
 *(.rel.dtors)

.rela.dtors
 *(.rela.dtors)

.rel.got
 *(.rel.got)

.rela.got
 *(.rela.got)

.rel.bss
 *(.rel.bss)

.rela.bss
 *(.rela.bss)

.rel.plt
 *(.rel.plt)

.rela.plt
 *(.rela.plt)

.text           0x00000000     0x3cf4
 *(.vectors)
 .vectors       0x00000000      0x1fc c:/program files (x86)/atmel/atmel toolchain/avr8 gcc/native/3.4.2.1002/avr8-gnu-toolchain/bin/../lib/gcc/avr/4.7.2/../../../../avr/lib/avrxmega2/crtx32a4u.o
                0x00000000                __vector_default
                0x00000000                __vectors
 *(.vectors)
 *(.progmem.gcc*)
 *(.progmem*)
                0x000001fc                . = ALIGN (0x2)
                0x000001fc                __trampolines_start = .
 *(.trampolines)
 .trampolines   0x000001fc        0x0 linker stubs
 *(.trampolines*)
                0x000001fc                __trampolines_end = .
 *(.jumptables)
 *(.jumptables*)
 *(.lowtext)
 *(.lowtext*)
                0x000001fc                __ctors_start = .
 *(.ctors)
                0x000001fc                __ctors_end = .
                0x000001fc                __dtors_start = .
 *(.dtors)
                0x000001fc                __dtors_end = .
 SORT(*)(.ctors)
 SORT(*)(.dtors)
 *(.init0)
 .init0         0x000001fc        0x0 c:/program files (x86)/atmel/atmel toolchain/avr8 gcc/native/3.4.2.1002/avr8-gnu-toolchain/bin/../lib/gcc/avr/4.7.2/../../../../avr/lib/avrxmega2/crtx32a4u.o
                0x000001fc                __init
 *(.init0)
 *(.init1)
 *(.init1)
 *(.init2)
 .init2         0x000001fc        0xc c:/program files (x86)/atmel/atmel toolchain/avr8 gcc/native/3.4.2.1002/avr8-gnu-toolchain/bin/../lib/gcc/avr/4.7.2/../../../../avr/lib/avrxmega2/crtx32a4u.o
 *(.init2)
 *(.init3)
 *(.init3)
 *(.init4)
 .init4         0x00000208       0x16 c:/program files (x86)/atmel/atmel toolchain/avr8 gcc/native/3.4.2.1002/avr8-gnu-toolchain/bin/../lib/gcc/avr/4.7.2/avrxmega2\libgcc.a(_copy_data.o)
                0x00000208                __do_copy_data
 .init4         0x0000021e       0x10 c:/program files (x86)/atmel/atmel toolchain/avr8 gcc/native/3.4.2.1002/avr8-gnu-toolchain/bin/../lib/gcc/avr/4.7.2/avrxmega2\libgcc.a(_clear_bss.o)
                0x0000021e                __do_clear_bss
 *(.init4)
 *(.init5)
 *(.init5)
 *(.init6)
 *(.init6)
 *(.init7)
 *(.init7)
 *(.init8)
 *(.init8)
 *(.init9)
 .init9         0x0000022e        0x8 c:/program files (x86)/atmel/atmel toolchain/avr8 gcc/native/3.4.2.1002/avr8-gnu-toolchain/bin/../lib/gcc/avr/4.7.2/../../../../avr/lib/avrxmega2/crtx32a4u.o
 *(.init9)
 *(.text)
 .text          0x00000236        0x2 c:/program files (x86)/atmel/atmel toolchain/avr8 gcc/native/3.4.2.1002/avr8-gnu-toolchain/bin/../lib/gcc/avr/4.7.2/../../../../avr/lib/avrxmega2/crtx32a4u.o
                0x00000236                __vector_38
                0x00000236                __vector_104
                0x00000236                __vector_63
                0x00000236                __vector_67
                0x00000236                __vector_1
                0x00000236                __vector_119
                0x00000236                __vector_32
                0x00000236                __vector_75
                0x00000236                __vector_71
                0x00000236                __vector_91
                0x00000236                __vector_62
                0x00000236                __vector_102
                0x00000236                __vector_24
                0x00000236                __vector_12
                0x00000236                __vector_55
                0x00000236                __vector_69
                0x00000236                __vector_90
                0x00000236                __bad_interrupt
                0x00000236                __vector_122
                0x00000236                __vector_72
                0x00000236                __vector_114
                0x00000236                __vector_6
                0x00000236                __vector_110
                0x00000236                __vector_31
                0x00000236                __vector_92
                0x00000236                __vector_35
                0x00000236                __vector_74
                0x00000236                __vector_117
                0x00000236                __vector_39
                0x00000236                __vector_107
                0x00000236                __vector_3
                0x00000236                __vector_105
                0x00000236                __vector_98
                0x00000236                __vector_68
                0x00000236                __vector_73
                0x00000236                __vector_45
                0x00000236                __vector_25
                0x00000236                __vector_93
                0x00000236                __vector_61
                0x00000236                __vector_54
                0x00000236                __vector_99
                0x00000236                __vector_56
                0x00000236                __vector_7
                0x00000236                __vector_125
                0x00000236                __vector_123
                0x00000236                __vector_41
                0x00000236                __vector_100
                0x00000236                __vector_101
                0x00000236                __vector_88
                0x00000236                __vector_109
                0x00000236                __vector_43
                0x00000236                __vector_27
                0x00000236                __vector_5
                0x00000236                __vector_113
                0x00000236                __vector_33
                0x00000236                __vector_76
                0x00000236                __vector_115
                0x00000236                __vector_37
                0x00000236                __vector_95
                0x00000236                __vector_103
                0x00000236                __vector_96
                0x00000236                __vector_89
                0x00000236                __vector_108
                0x00000236                __vector_4
                0x00000236                __vector_44
                0x00000236                __vector_106
                0x00000236                __vector_118
                0x00000236                __vector_9
                0x00000236                __vector_36
                0x00000236                __vector_70
                0x00000236                __vector_121
                0x00000236                __vector_40
                0x00000236                __vector_94
                0x00000236                __vector_126
                0x00000236                __vector_8
                0x00000236                __vector_26
                0x00000236                __vector_124
                0x00000236                __vector_116
                0x00000236                __vector_112
                0x00000236                __vector_111
                0x00000236                __vector_57
                0x00000236                __vector_53
                0x00000236                __vector_97
                0x00000236                __vector_42
                0x00000236                __vector_87
                0x00000236                __vector_65
                0x00000236                __vector_120
                0x00000238                . = ALIGN (0x2)
 *(.text.*)
 .text.crc8_update
                0x00000238       0x18 src/src-mylib2-xmega32a4u/crc.o
                0x00000238                crc8_update
 .text.crc8_compute
                0x00000250       0x26 src/src-mylib2-xmega32a4u/crc.o
                0x00000250                crc8_compute
 .text.__vector_28
                0x00000276       0x54 src/src-mylib2-xmega32a4u/uartc1.o
                0x00000276                __vector_28
 .text.__vector_30
                0x000002ca       0x14 src/src-mylib2-xmega32a4u/uartc1.o
                0x000002ca                __vector_30
 .text.__vector_29
                0x000002de       0x60 src/src-mylib2-xmega32a4u/uartc1.o
                0x000002de                __vector_29
 .text._uartc1_enable_interrupt
                0x0000033e       0x12 src/src-mylib2-xmega32a4u/uartc1.o
                0x0000033e                _uartc1_enable_interrupt
 .text._uartc1_init
                0x00000350       0x62 src/src-mylib2-xmega32a4u/uartc1.o
                0x00000350                _uartc1_init
 .text._uartc1_putc
                0x000003b2       0x70 src/src-mylib2-xmega32a4u/uartc1.o
                0x000003b2                _uartc1_putc
 .text.__vector_58
                0x00000422       0x54 src/src-mylib2-xmega32a4u/uarte0.o
                0x00000422                __vector_58
 .text.__vector_60
                0x00000476       0x14 src/src-mylib2-xmega32a4u/uarte0.o
                0x00000476                __vector_60
 .text.__vector_59
                0x0000048a       0x5e src/src-mylib2-xmega32a4u/uarte0.o
                0x0000048a                __vector_59
 .text._uarte0_enable_interrupt
                0x000004e8       0x12 src/src-mylib2-xmega32a4u/uarte0.o
                0x000004e8                _uarte0_enable_interrupt
 .text._uarte0_init
                0x000004fa       0x62 src/src-mylib2-xmega32a4u/uarte0.o
                0x000004fa                _uarte0_init
 .text._uarte0_getc
                0x0000055c       0x30 src/src-mylib2-xmega32a4u/uarte0.o
                0x0000055c                _uarte0_getc
 .text._uarte0_byte_available
                0x0000058c       0x12 src/src-mylib2-xmega32a4u/uarte0.o
                0x0000058c                _uarte0_byte_available
 .text._uarte0_putc
                0x0000059e       0x6e src/src-mylib2-xmega32a4u/uarte0.o
                0x0000059e                _uarte0_putc
 .text.DEBUG_puts
                0x0000060c       0x1c src/src-mylib2-xmega32a4u/uart_debug.o
                0x0000060c                DEBUG_puts
 .text.DEBUG_putcrlf
                0x00000628        0xc src/src-mylib2-xmega32a4u/uart_debug.o
                0x00000628                DEBUG_putcrlf
 .text.DEBUG_putu
                0x00000634       0x4e src/src-mylib2-xmega32a4u/uart_debug.o
                0x00000634                DEBUG_putu
 .text.MODEM_get_byte
                0x00000682        0x4 src/src-mylib2-xmega32a4u/uart_modem.o
                0x00000682                MODEM_get_byte
 .text.MODEM_raw_putb
                0x00000686        0xe src/src-mylib2-xmega32a4u/uart_modem.o
                0x00000686                MODEM_raw_putb
 .text.MODEM_raw_puts
                0x00000694       0x1c src/src-mylib2-xmega32a4u/uart_modem.o
                0x00000694                MODEM_raw_puts
 .text.board_init
                0x000006b0       0xcc src/ASF/common/boards/user_board/init.o
                0x000006b0                board_init
 .text.sysclk_init
                0x0000077c       0xa4 src/ASF/common/services/clock/xmega/sysclk.o
                0x0000077c                sysclk_init
 .text.sysclk_enable_module
                0x00000820       0x16 src/ASF/common/services/clock/xmega/sysclk.o
                0x00000820                sysclk_enable_module
 .text.ioport_configure_port_pin
                0x00000836       0x50 src/ASF/common/services/ioport/xmega/ioport_compat.o
                0x00000836                ioport_configure_port_pin
 .text.ccp_write_io
                0x00000886        0xc src/ASF/xmega/drivers/cpu/ccp.o
                0x00000886                ccp_write_io
 .text.nvm_eeprom_read_byte
                0x00000892       0x22 src/ASF/xmega/drivers/nvm/nvm.o
                0x00000892                nvm_eeprom_read_byte
 .text.nvm_eeprom_flush_buffer
                0x000008b4       0x22 src/ASF/xmega/drivers/nvm/nvm.o
                0x000008b4                nvm_eeprom_flush_buffer
 .text.nvm_eeprom_load_byte_to_buffer
                0x000008d6       0x24 src/ASF/xmega/drivers/nvm/nvm.o
                0x000008d6                nvm_eeprom_load_byte_to_buffer
 .text.nvm_eeprom_write_byte
                0x000008fa       0x4c src/ASF/xmega/drivers/nvm/nvm.o
                0x000008fa                nvm_eeprom_write_byte
 .text.nvm_eeprom_load_page_to_buffer
                0x00000946       0x3e src/ASF/xmega/drivers/nvm/nvm.o
                0x00000946                nvm_eeprom_load_page_to_buffer
 .text.nvm_eeprom_atomic_write_page
                0x00000984       0x3a src/ASF/xmega/drivers/nvm/nvm.o
                0x00000984                nvm_eeprom_atomic_write_page
 .text.nvm_eeprom_erase_and_write_buffer
                0x000009be       0x82 src/ASF/xmega/drivers/nvm/nvm.o
                0x000009be                nvm_eeprom_erase_and_write_buffer
 .text.rtc_set_time
                0x00000a40       0x24 src/ASF/xmega/drivers/rtc/rtc.o
                0x00000a40                rtc_set_time
 .text.rtc_get_time
                0x00000a64       0x56 src/ASF/xmega/drivers/rtc/rtc.o
                0x00000a64                rtc_get_time
 .text.rtc_set_alarm
                0x00000aba       0x30 src/ASF/xmega/drivers/rtc/rtc.o
                0x00000aba                rtc_set_alarm
 .text.rtc_set_callback
                0x00000aea        0xa src/ASF/xmega/drivers/rtc/rtc.o
                0x00000aea                rtc_set_callback
 .text.rtc_init
                0x00000af4       0x32 src/ASF/xmega/drivers/rtc/rtc.o
                0x00000af4                rtc_init
 .text.__vector_10
                0x00000b26       0x32 src/ASF/xmega/drivers/rtc/rtc.o
                0x00000b26                __vector_10
 .text.__vector_11
                0x00000b58       0xee src/ASF/xmega/drivers/rtc/rtc.o
                0x00000b58                __vector_11
 .text.__vector_14
                0x00000c46       0x52 src/ASF/xmega/drivers/tc/tc.o
                0x00000c46                __vector_14
 .text.__vector_15
                0x00000c98       0x52 src/ASF/xmega/drivers/tc/tc.o
                0x00000c98                __vector_15
 .text.__vector_16
                0x00000cea       0x52 src/ASF/xmega/drivers/tc/tc.o
                0x00000cea                __vector_16
 .text.__vector_17
                0x00000d3c       0x52 src/ASF/xmega/drivers/tc/tc.o
                0x00000d3c                __vector_17
 .text.__vector_18
                0x00000d8e       0x52 src/ASF/xmega/drivers/tc/tc.o
                0x00000d8e                __vector_18
 .text.__vector_19
                0x00000de0       0x52 src/ASF/xmega/drivers/tc/tc.o
                0x00000de0                __vector_19
 .text.__vector_20
                0x00000e32       0x52 src/ASF/xmega/drivers/tc/tc.o
                0x00000e32                __vector_20
 .text.__vector_21
                0x00000e84       0x52 src/ASF/xmega/drivers/tc/tc.o
                0x00000e84                __vector_21
 .text.__vector_22
                0x00000ed6       0x52 src/ASF/xmega/drivers/tc/tc.o
                0x00000ed6                __vector_22
 .text.__vector_23
                0x00000f28       0x52 src/ASF/xmega/drivers/tc/tc.o
                0x00000f28                __vector_23
 .text.__vector_77
                0x00000f7a       0x52 src/ASF/xmega/drivers/tc/tc.o
                0x00000f7a                __vector_77
 .text.__vector_78
                0x00000fcc       0x52 src/ASF/xmega/drivers/tc/tc.o
                0x00000fcc                __vector_78
 .text.__vector_79
                0x0000101e       0x52 src/ASF/xmega/drivers/tc/tc.o
                0x0000101e                __vector_79
 .text.__vector_80
                0x00001070       0x52 src/ASF/xmega/drivers/tc/tc.o
                0x00001070                __vector_80
 .text.__vector_81
                0x000010c2       0x52 src/ASF/xmega/drivers/tc/tc.o
                0x000010c2                __vector_81
 .text.__vector_82
                0x00001114       0x52 src/ASF/xmega/drivers/tc/tc.o
                0x00001114                __vector_82
 .text.__vector_83
                0x00001166       0x52 src/ASF/xmega/drivers/tc/tc.o
                0x00001166                __vector_83
 .text.__vector_84
                0x000011b8       0x52 src/ASF/xmega/drivers/tc/tc.o
                0x000011b8                __vector_84
 .text.__vector_85
                0x0000120a       0x52 src/ASF/xmega/drivers/tc/tc.o
                0x0000120a                __vector_85
 .text.__vector_86
                0x0000125c       0x52 src/ASF/xmega/drivers/tc/tc.o
                0x0000125c                __vector_86
 .text.__vector_47
                0x000012ae       0x52 src/ASF/xmega/drivers/tc/tc.o
                0x000012ae                __vector_47
 .text.__vector_48
                0x00001300       0x52 src/ASF/xmega/drivers/tc/tc.o
                0x00001300                __vector_48
 .text.__vector_49
                0x00001352       0x52 src/ASF/xmega/drivers/tc/tc.o
                0x00001352                __vector_49
 .text.__vector_50
                0x000013a4       0x52 src/ASF/xmega/drivers/tc/tc.o
                0x000013a4                __vector_50
 .text.__vector_51
                0x000013f6       0x52 src/ASF/xmega/drivers/tc/tc.o
                0x000013f6                __vector_51
 .text.__vector_52
                0x00001448       0x52 src/ASF/xmega/drivers/tc/tc.o
                0x00001448                __vector_52
 .text.tc_enable
                0x0000149a       0xa0 src/ASF/xmega/drivers/tc/tc.o
                0x0000149a                tc_enable
 .text.twim_interrupt_handler
                0x0000153a      0x14a src/ASF/xmega/drivers/twi/twim.o
 .text.__vector_13
                0x00001684       0x46 src/ASF/xmega/drivers/twi/twim.o
                0x00001684                __vector_13
 .text.__vector_46
                0x000016ca       0x46 src/ASF/xmega/drivers/twi/twim.o
                0x000016ca                __vector_46
 .text.usart_set_baudrate
                0x00001710      0x224 src/ASF/xmega/drivers/usart/usart.o
                0x00001710                usart_set_baudrate
 .text.usart_init_rs232
                0x00001934      0x238 src/ASF/xmega/drivers/usart/usart.o
                0x00001934                usart_init_rs232
 .text.pwm_set_frequency
                0x00001b6c       0xf6 src/ASF/xmega/services/pwm/pwm.o
                0x00001b6c                pwm_set_frequency
 .text.pwm_init
                0x00001c62      0x182 src/ASF/xmega/services/pwm/pwm.o
                0x00001c62                pwm_init
 .text.pwm_start
                0x00001de4       0xb0 src/ASF/xmega/services/pwm/pwm.o
                0x00001de4                pwm_start
 .text.tick_handler
                0x00001e94       0x8e src/ASF/xmega/services/timeout/timeout.o
 .text.timeout_init
                0x00001f22       0x22 src/ASF/xmega/services/timeout/timeout.o
                0x00001f22                timeout_init
 .text.timeout_start_offset
                0x00001f44       0x4c src/ASF/xmega/services/timeout/timeout.o
                0x00001f44                timeout_start_offset
 .text.timeout_start_singleshot
                0x00001f90        0x8 src/ASF/xmega/services/timeout/timeout.o
                0x00001f90                timeout_start_singleshot
 .text.timeout_test_and_clear_expired
                0x00001f98       0x4a src/ASF/xmega/services/timeout/timeout.o
                0x00001f98                timeout_test_and_clear_expired
 .text.timeout_stop
                0x00001fe2       0x26 src/ASF/xmega/services/timeout/timeout.o
                0x00001fe2                timeout_stop
 .text.get_current_pulse_counter
                0x00002008        0xe src/main.o
 .text.get_midnight_pulse_counter
                0x00002016        0xe src/main.o
 .text.reset_avr
                0x00002024       0x7c src/main.o
                0x00002024                reset_avr
 .text.__vector_64
                0x000020a0       0x28 src/main.o
                0x000020a0                __vector_64
 .text.__vector_2
                0x000020c8       0x28 src/main.o
                0x000020c8                __vector_2
 .text.__vector_34
                0x000020f0       0x28 src/main.o
                0x000020f0                __vector_34
 .text.__vector_66
                0x00002118       0x28 src/main.o
                0x00002118                __vector_66
 .text.wipe_ica1_eeprom
                0x00002140       0x56 src/main.o
                0x00002140                wipe_ica1_eeprom
 .text.wipe_ica2_eeprom
                0x00002196       0x56 src/main.o
                0x00002196                wipe_ica2_eeprom
 .text.wipe_ica3_eeprom
                0x000021ec       0x56 src/main.o
                0x000021ec                wipe_ica3_eeprom
 .text.get_unsolicited_commands
                0x00002242       0x56 src/main.o
                0x00002242                get_unsolicited_commands
 .text.clear_temp_string
                0x00002298       0x14 src/main.o
                0x00002298                clear_temp_string
 .text.ack_job  0x000022ac       0x5a src/main.o
                0x000022ac                ack_job
 .text.pwm_toggle
                0x00002306       0xe0 src/main.o
                0x00002306                pwm_toggle
 .text.decode   0x000023e6      0x29a src/main.o
                0x000023e6                decode
 .text.clear_eeprom
                0x00002680       0x2c src/main.o
                0x00002680                clear_eeprom
 .text.schedule_job
                0x000026ac      0x494 src/main.o
                0x000026ac                schedule_job
 .text.int_to_binary
                0x00002b40       0xc0 src/main.o
                0x00002b40                int_to_binary
 .text.execute_jobs
                0x00002c00      0xa04 src/main.o
                0x00002c00                execute_jobs
 .text.look_for_jobs
                0x00003604      0x2d0 src/main.o
                0x00003604                look_for_jobs
 .text.main     0x000038d4      0x2c4 src/main.o
                0x000038d4                main
 .text.libgcc.mul
                0x00003b98       0x1e c:/program files (x86)/atmel/atmel toolchain/avr8 gcc/native/3.4.2.1002/avr8-gnu-toolchain/bin/../lib/gcc/avr/4.7.2/avrxmega2\libgcc.a(_mulsi3.o)
                0x00003b98                __mulsi3
 .text.libgcc.div
                0x00003bb6       0x44 c:/program files (x86)/atmel/atmel toolchain/avr8 gcc/native/3.4.2.1002/avr8-gnu-toolchain/bin/../lib/gcc/avr/4.7.2/avrxmega2\libgcc.a(_udivmodsi4.o)
                0x00003bb6                __udivmodsi4
 .text.libgcc.mul
                0x00003bfa       0x18 c:/program files (x86)/atmel/atmel toolchain/avr8 gcc/native/3.4.2.1002/avr8-gnu-toolchain/bin/../lib/gcc/avr/4.7.2/avrxmega2\libgcc.a(_umulhisi3.o)
                0x00003bfa                __umulhisi3
 .text.libgcc.mul
                0x00003c12       0x14 c:/program files (x86)/atmel/atmel toolchain/avr8 gcc/native/3.4.2.1002/avr8-gnu-toolchain/bin/../lib/gcc/avr/4.7.2/avrxmega2\libgcc.a(_muluhisi3.o)
                0x00003c12                __muluhisi3
 .text.libgcc.mul
                0x00003c26        0xc c:/program files (x86)/atmel/atmel toolchain/avr8 gcc/native/3.4.2.1002/avr8-gnu-toolchain/bin/../lib/gcc/avr/4.7.2/avrxmega2\libgcc.a(_mulshisi3.o)
                0x00003c26                __mulshisi3
                0x00003c2a                __mulohisi3
 .text.avr-libc
                0x00003c32        0x6 c:/program files (x86)/atmel/atmel toolchain/avr8 gcc/native/3.4.2.1002/avr8-gnu-toolchain/bin/../lib/gcc/avr/4.7.2/../../../../avr/lib/avrxmega2\libc.a(strtok.o)
                0x00003c32                strtok
 .text.avr-libc
                0x00003c38       0x16 c:/program files (x86)/atmel/atmel toolchain/avr8 gcc/native/3.4.2.1002/avr8-gnu-toolchain/bin/../lib/gcc/avr/4.7.2/../../../../avr/lib/avrxmega2\libc.a(strcat.o)
                0x00003c38                strcat
 .text.avr-libc
                0x00003c4e       0x12 c:/program files (x86)/atmel/atmel toolchain/avr8 gcc/native/3.4.2.1002/avr8-gnu-toolchain/bin/../lib/gcc/avr/4.7.2/../../../../avr/lib/avrxmega2\libc.a(strcmp.o)
                0x00003c4e                strcmp
 .text.avr-libc
                0x00003c60        0xe c:/program files (x86)/atmel/atmel toolchain/avr8 gcc/native/3.4.2.1002/avr8-gnu-toolchain/bin/../lib/gcc/avr/4.7.2/../../../../avr/lib/avrxmega2\libc.a(strcpy.o)
                0x00003c60                strcpy
 .text.avr-libc
                0x00003c6e       0x34 c:/program files (x86)/atmel/atmel toolchain/avr8 gcc/native/3.4.2.1002/avr8-gnu-toolchain/bin/../lib/gcc/avr/4.7.2/../../../../avr/lib/avrxmega2\libc.a(strstr.o)
                0x00003c6e                strstr
 .text.avr-libc
                0x00003ca2       0x4e c:/program files (x86)/atmel/atmel toolchain/avr8 gcc/native/3.4.2.1002/avr8-gnu-toolchain/bin/../lib/gcc/avr/4.7.2/../../../../avr/lib/avrxmega2\libc.a(strtok_r.o)
                0x00003ca2                strtok_r
                0x00003cf0                . = ALIGN (0x2)
 *(.fini9)
 .fini9         0x00003cf0        0x0 c:/program files (x86)/atmel/atmel toolchain/avr8 gcc/native/3.4.2.1002/avr8-gnu-toolchain/bin/../lib/gcc/avr/4.7.2/avrxmega2\libgcc.a(_exit.o)
                0x00003cf0                _exit
                0x00003cf0                exit
 *(.fini9)
 *(.fini8)
 *(.fini8)
 *(.fini7)
 *(.fini7)
 *(.fini6)
 *(.fini6)
 *(.fini5)
 *(.fini5)
 *(.fini4)
 *(.fini4)
 *(.fini3)
 *(.fini3)
 *(.fini2)
 *(.fini2)
 *(.fini1)
 *(.fini1)
 *(.fini0)
 .fini0         0x00003cf0        0x4 c:/program files (x86)/atmel/atmel toolchain/avr8 gcc/native/3.4.2.1002/avr8-gnu-toolchain/bin/../lib/gcc/avr/4.7.2/avrxmega2\libgcc.a(_exit.o)
 *(.fini0)
                0x00003cf4                _etext = .

.data           0x00802000      0x39e load address 0x00003cf4
                0x00802000                PROVIDE (__data_start, .)
 *(.data)
 .data          0x00802000        0x0 c:/program files (x86)/atmel/atmel toolchain/avr8 gcc/native/3.4.2.1002/avr8-gnu-toolchain/bin/../lib/gcc/avr/4.7.2/../../../../avr/lib/avrxmega2/crtx32a4u.o
 .data          0x00802000        0x0 src/src-mylib2-xmega32a4u/awt.o
 .data          0x00802000        0x0 src/src-mylib2-xmega32a4u/crc.o
 .data          0x00802000        0x0 src/src-mylib2-xmega32a4u/ds18b20.o
 .data          0x00802000        0x0 src/src-mylib2-xmega32a4u/epoch.o
 .data          0x00802000        0x0 src/src-mylib2-xmega32a4u/owire.o
 .data          0x00802000        0x0 src/src-mylib2-xmega32a4u/ram_hex.o
 .data          0x00802000        0x0 src/src-mylib2-xmega32a4u/uartc1.o
 .data          0x00802000        0x0 src/src-mylib2-xmega32a4u/uarte0.o
 .data          0x00802000        0x0 src/src-mylib2-xmega32a4u/uart_debug.o
 .data          0x00802000        0x0 src/src-mylib2-xmega32a4u/uart_modem.o
 .data          0x00802000        0x0 src/ASF/common/boards/user_board/init.o
 .data          0x00802000        0x0 src/ASF/common/services/clock/xmega/sysclk.o
 .data          0x00802000        0x0 src/ASF/common/services/ioport/xmega/ioport_compat.o
 .data          0x00802000        0x0 src/ASF/common/services/sleepmgr/xmega/sleepmgr.o
 .data          0x00802000        0x0 src/ASF/xmega/drivers/cpu/ccp.o
 .data          0x00802000        0x0 src/ASF/xmega/drivers/nvm/nvm.o
 .data          0x00802000        0x0 src/ASF/xmega/drivers/nvm/nvm_asm.o
 .data          0x00802000        0x0 src/ASF/xmega/drivers/rtc/rtc.o
 .data          0x00802000        0x0 src/ASF/xmega/drivers/tc/tc.o
 .data          0x00802000        0x0 src/ASF/xmega/drivers/twi/twim.o
 .data          0x00802000        0x0 src/ASF/xmega/drivers/twi/twis.o
 .data          0x00802000        0x0 src/ASF/xmega/drivers/usart/usart.o
 .data          0x00802000        0x0 src/ASF/xmega/drivers/wdt/wdt.o
 .data          0x00802000        0x0 src/ASF/xmega/services/pwm/pwm.o
 .data          0x00802000        0x0 src/ASF/xmega/services/timeout/timeout.o
 .data          0x00802000        0x0 src/main.o
 .data          0x00802000        0x0 c:/program files (x86)/atmel/atmel toolchain/avr8 gcc/native/3.4.2.1002/avr8-gnu-toolchain/bin/../lib/gcc/avr/4.7.2/avrxmega2\libgcc.a(_mulsi3.o)
 .data          0x00802000        0x0 c:/program files (x86)/atmel/atmel toolchain/avr8 gcc/native/3.4.2.1002/avr8-gnu-toolchain/bin/../lib/gcc/avr/4.7.2/avrxmega2\libgcc.a(_divmodhi4.o)
 .data          0x00802000        0x0 c:/program files (x86)/atmel/atmel toolchain/avr8 gcc/native/3.4.2.1002/avr8-gnu-toolchain/bin/../lib/gcc/avr/4.7.2/avrxmega2\libgcc.a(_udivmodsi4.o)
 .data          0x00802000        0x0 c:/program files (x86)/atmel/atmel toolchain/avr8 gcc/native/3.4.2.1002/avr8-gnu-toolchain/bin/../lib/gcc/avr/4.7.2/avrxmega2\libgcc.a(_exit.o)
 .data          0x00802000        0x0 c:/program files (x86)/atmel/atmel toolchain/avr8 gcc/native/3.4.2.1002/avr8-gnu-toolchain/bin/../lib/gcc/avr/4.7.2/avrxmega2\libgcc.a(_copy_data.o)
 .data          0x00802000        0x0 c:/program files (x86)/atmel/atmel toolchain/avr8 gcc/native/3.4.2.1002/avr8-gnu-toolchain/bin/../lib/gcc/avr/4.7.2/avrxmega2\libgcc.a(_clear_bss.o)
 .data          0x00802000        0x0 c:/program files (x86)/atmel/atmel toolchain/avr8 gcc/native/3.4.2.1002/avr8-gnu-toolchain/bin/../lib/gcc/avr/4.7.2/avrxmega2\libgcc.a(_umulhisi3.o)
 .data          0x00802000        0x0 c:/program files (x86)/atmel/atmel toolchain/avr8 gcc/native/3.4.2.1002/avr8-gnu-toolchain/bin/../lib/gcc/avr/4.7.2/avrxmega2\libgcc.a(_muluhisi3.o)
 .data          0x00802000        0x0 c:/program files (x86)/atmel/atmel toolchain/avr8 gcc/native/3.4.2.1002/avr8-gnu-toolchain/bin/../lib/gcc/avr/4.7.2/avrxmega2\libgcc.a(_mulshisi3.o)
 .data          0x00802000        0x0 c:/program files (x86)/atmel/atmel toolchain/avr8 gcc/native/3.4.2.1002/avr8-gnu-toolchain/bin/../lib/gcc/avr/4.7.2/avrxmega2\libgcc.a(_udivmodhi4.o)
 .data          0x00802000        0x0 c:/program files (x86)/atmel/atmel toolchain/avr8 gcc/native/3.4.2.1002/avr8-gnu-toolchain/bin/../lib/gcc/avr/4.7.2/../../../../avr/lib/avrxmega2\libc.a(strtoul.o)
 .data          0x00802000        0x0 c:/program files (x86)/atmel/atmel toolchain/avr8 gcc/native/3.4.2.1002/avr8-gnu-toolchain/bin/../lib/gcc/avr/4.7.2/../../../../avr/lib/avrxmega2\libc.a(atol.o)
 .data          0x00802000        0x0 c:/program files (x86)/atmel/atmel toolchain/avr8 gcc/native/3.4.2.1002/avr8-gnu-toolchain/bin/../lib/gcc/avr/4.7.2/../../../../avr/lib/avrxmega2\libc.a(isspace.o)
 .data          0x00802000        0x0 c:/program files (x86)/atmel/atmel toolchain/avr8 gcc/native/3.4.2.1002/avr8-gnu-toolchain/bin/../lib/gcc/avr/4.7.2/../../../../avr/lib/avrxmega2\libc.a(strtok.o)
 .data          0x00802000        0x0 c:/program files (x86)/atmel/atmel toolchain/avr8 gcc/native/3.4.2.1002/avr8-gnu-toolchain/bin/../lib/gcc/avr/4.7.2/../../../../avr/lib/avrxmega2\libc.a(memcpy.o)
 .data          0x00802000        0x0 c:/program files (x86)/atmel/atmel toolchain/avr8 gcc/native/3.4.2.1002/avr8-gnu-toolchain/bin/../lib/gcc/avr/4.7.2/../../../../avr/lib/avrxmega2\libc.a(strcat.o)
 .data          0x00802000        0x0 c:/program files (x86)/atmel/atmel toolchain/avr8 gcc/native/3.4.2.1002/avr8-gnu-toolchain/bin/../lib/gcc/avr/4.7.2/../../../../avr/lib/avrxmega2\libc.a(strcmp.o)
 .data          0x00802000        0x0 c:/program files (x86)/atmel/atmel toolchain/avr8 gcc/native/3.4.2.1002/avr8-gnu-toolchain/bin/../lib/gcc/avr/4.7.2/../../../../avr/lib/avrxmega2\libc.a(strcpy.o)
 .data          0x00802000        0x0 c:/program files (x86)/atmel/atmel toolchain/avr8 gcc/native/3.4.2.1002/avr8-gnu-toolchain/bin/../lib/gcc/avr/4.7.2/../../../../avr/lib/avrxmega2\libc.a(strncmp.o)
 .data          0x00802000        0x0 c:/program files (x86)/atmel/atmel toolchain/avr8 gcc/native/3.4.2.1002/avr8-gnu-toolchain/bin/../lib/gcc/avr/4.7.2/../../../../avr/lib/avrxmega2\libc.a(strncpy.o)
 .data          0x00802000        0x0 c:/program files (x86)/atmel/atmel toolchain/avr8 gcc/native/3.4.2.1002/avr8-gnu-toolchain/bin/../lib/gcc/avr/4.7.2/../../../../avr/lib/avrxmega2\libc.a(strstr.o)
 .data          0x00802000        0x0 c:/program files (x86)/atmel/atmel toolchain/avr8 gcc/native/3.4.2.1002/avr8-gnu-toolchain/bin/../lib/gcc/avr/4.7.2/../../../../avr/lib/avrxmega2\libc.a(strtok_r.o)
 .data          0x00802000        0x0 c:/program files (x86)/atmel/atmel toolchain/avr8 gcc/native/3.4.2.1002/avr8-gnu-toolchain/bin/../lib/gcc/avr/4.7.2/../../../../avr/lib/avrxmega2\libc.a(itoa.o)
 .data          0x00802000        0x0 c:/program files (x86)/atmel/atmel toolchain/avr8 gcc/native/3.4.2.1002/avr8-gnu-toolchain/bin/../lib/gcc/avr/4.7.2/../../../../avr/lib/avrxmega2\libc.a(ltoa.o)
 .data          0x00802000        0x0 c:/program files (x86)/atmel/atmel toolchain/avr8 gcc/native/3.4.2.1002/avr8-gnu-toolchain/bin/../lib/gcc/avr/4.7.2/../../../../avr/lib/avrxmega2\libc.a(mulsi10.o)
 .data          0x00802000        0x0 c:/program files (x86)/atmel/atmel toolchain/avr8 gcc/native/3.4.2.1002/avr8-gnu-toolchain/bin/../lib/gcc/avr/4.7.2/../../../../avr/lib/avrxmega2\libc.a(ultoa.o)
 .data          0x00802000        0x0 c:/program files (x86)/atmel/atmel toolchain/avr8 gcc/native/3.4.2.1002/avr8-gnu-toolchain/bin/../lib/gcc/avr/4.7.2/../../../../avr/lib/avrxmega2\libc.a(utoa.o)
 .data          0x00802000        0x0 c:/program files (x86)/atmel/atmel toolchain/avr8 gcc/native/3.4.2.1002/avr8-gnu-toolchain/bin/../lib/gcc/avr/4.7.2/../../../../avr/lib/avrxmega2\libc.a(errno.o)
 .data          0x00802000        0x0 c:/program files (x86)/atmel/atmel toolchain/avr8 gcc/native/3.4.2.1002/avr8-gnu-toolchain/bin/../lib/gcc/avr/4.7.2/../../../../avr/lib/avrxmega2\libc.a(cty_isfalse.o)
 .data          0x00802000        0x0 c:/program files (x86)/atmel/atmel toolchain/avr8 gcc/native/3.4.2.1002/avr8-gnu-toolchain/bin/../lib/gcc/avr/4.7.2/../../../../avr/lib/avrxmega2\libc.a(strrev.o)
 .data          0x00802000        0x0 c:/program files (x86)/atmel/atmel toolchain/avr8 gcc/native/3.4.2.1002/avr8-gnu-toolchain/bin/../lib/gcc/avr/4.7.2/avrxmega2\libgcc.a(_prologue.o)
 .data          0x00802000        0x0 c:/program files (x86)/atmel/atmel toolchain/avr8 gcc/native/3.4.2.1002/avr8-gnu-toolchain/bin/../lib/gcc/avr/4.7.2/avrxmega2\libgcc.a(_epilogue.o)
 *(.data*)
 *(.rodata)
 .rodata        0x00802000        0x9 src/src-mylib2-xmega32a4u/uartc1.o
 .rodata        0x00802009        0x9 src/src-mylib2-xmega32a4u/uarte0.o
 *(.rodata*)
 .rodata.str1.1
                0x00802012        0x3 src/src-mylib2-xmega32a4u/uart_debug.o
 .rodata.str1.1
                0x00802015      0x36d src/main.o
                                0x373 (size before relaxing)
 .rodata.__FUNCTION__.6313
                0x00802382       0x1c src/main.o
 *(.gnu.linkonce.d*)
                0x0080239e                . = ALIGN (0x2)
                0x0080239e                _edata = .
                0x0080239e                PROVIDE (__data_end, .)

.bss            0x0080239e      0x22b
                0x0080239e                PROVIDE (__bss_start, .)
 *(.bss)
 .bss           0x0080239e        0x2 c:/program files (x86)/atmel/atmel toolchain/avr8 gcc/native/3.4.2.1002/avr8-gnu-toolchain/bin/../lib/gcc/avr/4.7.2/../../../../avr/lib/avrxmega2\libc.a(strtok.o)
 *(.bss*)
 .bss.buffer    0x008023a0       0x94 src/src-mylib2-xmega32a4u/uartc1.o
 .bss.buffer    0x00802434      0x104 src/src-mylib2-xmega32a4u/uarte0.o
 .bss.tc_tcc0_ovf_callback
                0x00802538        0x2 src/ASF/xmega/drivers/tc/tc.o
 .bss.tc_tcc0_err_callback
                0x0080253a        0x2 src/ASF/xmega/drivers/tc/tc.o
 .bss.tc_tcc0_cca_callback
                0x0080253c        0x2 src/ASF/xmega/drivers/tc/tc.o
 .bss.tc_tcc0_ccb_callback
                0x0080253e        0x2 src/ASF/xmega/drivers/tc/tc.o
 .bss.tc_tcc0_ccc_callback
                0x00802540        0x2 src/ASF/xmega/drivers/tc/tc.o
 .bss.tc_tcc0_ccd_callback
                0x00802542        0x2 src/ASF/xmega/drivers/tc/tc.o
 .bss.tc_tcc1_ovf_callback
                0x00802544        0x2 src/ASF/xmega/drivers/tc/tc.o
 .bss.tc_tcc1_err_callback
                0x00802546        0x2 src/ASF/xmega/drivers/tc/tc.o
 .bss.tc_tcc1_cca_callback
                0x00802548        0x2 src/ASF/xmega/drivers/tc/tc.o
 .bss.tc_tcc1_ccb_callback
                0x0080254a        0x2 src/ASF/xmega/drivers/tc/tc.o
 .bss.tc_tcd0_ovf_callback
                0x0080254c        0x2 src/ASF/xmega/drivers/tc/tc.o
 .bss.tc_tcd0_err_callback
                0x0080254e        0x2 src/ASF/xmega/drivers/tc/tc.o
 .bss.tc_tcd0_cca_callback
                0x00802550        0x2 src/ASF/xmega/drivers/tc/tc.o
 .bss.tc_tcd0_ccb_callback
                0x00802552        0x2 src/ASF/xmega/drivers/tc/tc.o
 .bss.tc_tcd0_ccc_callback
                0x00802554        0x2 src/ASF/xmega/drivers/tc/tc.o
 .bss.tc_tcd0_ccd_callback
                0x00802556        0x2 src/ASF/xmega/drivers/tc/tc.o
 .bss.tc_tcd1_ovf_callback
                0x00802558        0x2 src/ASF/xmega/drivers/tc/tc.o
 .bss.tc_tcd1_err_callback
                0x0080255a        0x2 src/ASF/xmega/drivers/tc/tc.o
 .bss.tc_tcd1_cca_callback
                0x0080255c        0x2 src/ASF/xmega/drivers/tc/tc.o
 .bss.tc_tcd1_ccb_callback
                0x0080255e        0x2 src/ASF/xmega/drivers/tc/tc.o
 .bss.tc_tce0_ovf_callback
                0x00802560        0x2 src/ASF/xmega/drivers/tc/tc.o
 .bss.tc_tce0_err_callback
                0x00802562        0x2 src/ASF/xmega/drivers/tc/tc.o
 .bss.tc_tce0_cca_callback
                0x00802564        0x2 src/ASF/xmega/drivers/tc/tc.o
 .bss.tc_tce0_ccb_callback
                0x00802566        0x2 src/ASF/xmega/drivers/tc/tc.o
 .bss.tc_tce0_ccc_callback
                0x00802568        0x2 src/ASF/xmega/drivers/tc/tc.o
 .bss.tc_tce0_ccd_callback
                0x0080256a        0x2 src/ASF/xmega/drivers/tc/tc.o
 .bss.transfer  0x0080256c        0xc src/ASF/xmega/drivers/twi/twim.o
 .bss.timeout_active
                0x00802578        0x1 src/ASF/xmega/services/timeout/timeout.o
 .bss.timeout_array
                0x00802579       0x20 src/ASF/xmega/services/timeout/timeout.o
 .bss.timeout_expired
                0x00802599        0x1 src/ASF/xmega/services/timeout/timeout.o
 .bss.model.6640
                0x0080259a       0x11 src/main.o
 .bss.scheduled_char_time.6795
                0x008025ab       0x10 src/main.o
 *(COMMON)
 COMMON         0x008025bb        0x6 src/ASF/common/services/sleepmgr/xmega/sleepmgr.o
                0x008025bb                sleepmgr_locks
 COMMON         0x008025c1        0x8 src/ASF/xmega/drivers/rtc/rtc.o
                0x008025c1                rtc_data
                0x008025c9                PROVIDE (__bss_end, .)
                0x00003cf4                __data_load_start = LOADADDR (.data)
                0x00004092                __data_load_end = (__data_load_start + SIZEOF (.data))

.noinit         0x008025c9        0x0
                0x008025c9                PROVIDE (__noinit_start, .)
 *(.noinit*)
                0x008025c9                PROVIDE (__noinit_end, .)
                0x008025c9                _end = .
                0x008025c9                PROVIDE (__heap_start, .)

.eeprom         0x00810000        0x0
 *(.eeprom*)
                0x00810000                __eeprom_end = .

.fuse
 *(.fuse)
 *(.lfuse)
 *(.hfuse)
 *(.efuse)

.lock
 *(.lock*)

.signature
 *(.signature*)

.user_signatures
 *(.user_signatures*)

.stab           0x00000000     0x1218
 *(.stab)
 .stab          0x00000000      0x6cc c:/program files (x86)/atmel/atmel toolchain/avr8 gcc/native/3.4.2.1002/avr8-gnu-toolchain/bin/../lib/gcc/avr/4.7.2/../../../../avr/lib/avrxmega2/crtx32a4u.o
 .stab          0x000006cc      0x1e0 c:/program files (x86)/atmel/atmel toolchain/avr8 gcc/native/3.4.2.1002/avr8-gnu-toolchain/bin/../lib/gcc/avr/4.7.2/../../../../avr/lib/avrxmega2\libc.a(atol.o)
                                0x1ec (size before relaxing)
 .stab          0x000008ac       0x18 c:/program files (x86)/atmel/atmel toolchain/avr8 gcc/native/3.4.2.1002/avr8-gnu-toolchain/bin/../lib/gcc/avr/4.7.2/../../../../avr/lib/avrxmega2\libc.a(isspace.o)
                                 0xa8 (size before relaxing)
 .stab          0x000008c4       0x84 c:/program files (x86)/atmel/atmel toolchain/avr8 gcc/native/3.4.2.1002/avr8-gnu-toolchain/bin/../lib/gcc/avr/4.7.2/../../../../avr/lib/avrxmega2\libc.a(memcpy.o)
                                 0x90 (size before relaxing)
 .stab          0x00000948       0x9c c:/program files (x86)/atmel/atmel toolchain/avr8 gcc/native/3.4.2.1002/avr8-gnu-toolchain/bin/../lib/gcc/avr/4.7.2/../../../../avr/lib/avrxmega2\libc.a(strcat.o)
                                 0xa8 (size before relaxing)
 .stab          0x000009e4       0x84 c:/program files (x86)/atmel/atmel toolchain/avr8 gcc/native/3.4.2.1002/avr8-gnu-toolchain/bin/../lib/gcc/avr/4.7.2/../../../../avr/lib/avrxmega2\libc.a(strcmp.o)
                                 0x90 (size before relaxing)
 .stab          0x00000a68       0x6c c:/program files (x86)/atmel/atmel toolchain/avr8 gcc/native/3.4.2.1002/avr8-gnu-toolchain/bin/../lib/gcc/avr/4.7.2/../../../../avr/lib/avrxmega2\libc.a(strcpy.o)
                                 0x78 (size before relaxing)
 .stab          0x00000ad4       0xc0 c:/program files (x86)/atmel/atmel toolchain/avr8 gcc/native/3.4.2.1002/avr8-gnu-toolchain/bin/../lib/gcc/avr/4.7.2/../../../../avr/lib/avrxmega2\libc.a(strncmp.o)
                                 0xcc (size before relaxing)
 .stab          0x00000b94       0xcc c:/program files (x86)/atmel/atmel toolchain/avr8 gcc/native/3.4.2.1002/avr8-gnu-toolchain/bin/../lib/gcc/avr/4.7.2/../../../../avr/lib/avrxmega2\libc.a(strncpy.o)
                                 0xd8 (size before relaxing)
 .stab          0x00000c60      0x150 c:/program files (x86)/atmel/atmel toolchain/avr8 gcc/native/3.4.2.1002/avr8-gnu-toolchain/bin/../lib/gcc/avr/4.7.2/../../../../avr/lib/avrxmega2\libc.a(strstr.o)
                                0x15c (size before relaxing)
 .stab          0x00000db0      0x204 c:/program files (x86)/atmel/atmel toolchain/avr8 gcc/native/3.4.2.1002/avr8-gnu-toolchain/bin/../lib/gcc/avr/4.7.2/../../../../avr/lib/avrxmega2\libc.a(strtok_r.o)
                                0x210 (size before relaxing)
 .stab          0x00000fb4       0x18 c:/program files (x86)/atmel/atmel toolchain/avr8 gcc/native/3.4.2.1002/avr8-gnu-toolchain/bin/../lib/gcc/avr/4.7.2/../../../../avr/lib/avrxmega2\libc.a(itoa.o)
                                0x1bc (size before relaxing)
 .stab          0x00000fcc       0x18 c:/program files (x86)/atmel/atmel toolchain/avr8 gcc/native/3.4.2.1002/avr8-gnu-toolchain/bin/../lib/gcc/avr/4.7.2/../../../../avr/lib/avrxmega2\libc.a(ltoa.o)
                                0x2a0 (size before relaxing)
 .stab          0x00000fe4      0x114 c:/program files (x86)/atmel/atmel toolchain/avr8 gcc/native/3.4.2.1002/avr8-gnu-toolchain/bin/../lib/gcc/avr/4.7.2/../../../../avr/lib/avrxmega2\libc.a(mulsi10.o)
                                0x120 (size before relaxing)
 .stab          0x000010f8       0x18 c:/program files (x86)/atmel/atmel toolchain/avr8 gcc/native/3.4.2.1002/avr8-gnu-toolchain/bin/../lib/gcc/avr/4.7.2/../../../../avr/lib/avrxmega2\libc.a(ultoa.o)
                                0x1ec (size before relaxing)
 .stab          0x00001110       0x18 c:/program files (x86)/atmel/atmel toolchain/avr8 gcc/native/3.4.2.1002/avr8-gnu-toolchain/bin/../lib/gcc/avr/4.7.2/../../../../avr/lib/avrxmega2\libc.a(utoa.o)
                                0x138 (size before relaxing)
 .stab          0x00001128       0x18 c:/program files (x86)/atmel/atmel toolchain/avr8 gcc/native/3.4.2.1002/avr8-gnu-toolchain/bin/../lib/gcc/avr/4.7.2/../../../../avr/lib/avrxmega2\libc.a(cty_isfalse.o)
                                 0x6c (size before relaxing)
 .stab          0x00001140       0xd8 c:/program files (x86)/atmel/atmel toolchain/avr8 gcc/native/3.4.2.1002/avr8-gnu-toolchain/bin/../lib/gcc/avr/4.7.2/../../../../avr/lib/avrxmega2\libc.a(strrev.o)
                                 0xe4 (size before relaxing)

.stabstr        0x00000000      0x817
 *(.stabstr)
 .stabstr       0x00000000      0x817 c:/program files (x86)/atmel/atmel toolchain/avr8 gcc/native/3.4.2.1002/avr8-gnu-toolchain/bin/../lib/gcc/avr/4.7.2/../../../../avr/lib/avrxmega2/crtx32a4u.o

.stab.excl
 *(.stab.excl)

.stab.exclstr
 *(.stab.exclstr)

.stab.index
 *(.stab.index)

.stab.indexstr
 *(.stab.indexstr)

.comment        0x00000000       0x2f
 *(.comment)
 .comment       0x00000000       0x2f src/src-mylib2-xmega32a4u/awt.o
                                 0x30 (size before relaxing)
 .comment       0x00000000       0x30 src/src-mylib2-xmega32a4u/crc.o
 .comment       0x00000000       0x30 src/src-mylib2-xmega32a4u/ds18b20.o
 .comment       0x00000000       0x30 src/src-mylib2-xmega32a4u/epoch.o
 .comment       0x00000000       0x30 src/src-mylib2-xmega32a4u/owire.o
 .comment       0x00000000       0x30 src/src-mylib2-xmega32a4u/ram_hex.o
 .comment       0x00000000       0x30 src/src-mylib2-xmega32a4u/uartc1.o
 .comment       0x00000000       0x30 src/src-mylib2-xmega32a4u/uarte0.o
 .comment       0x00000000       0x30 src/src-mylib2-xmega32a4u/uart_debug.o
 .comment       0x00000000       0x30 src/src-mylib2-xmega32a4u/uart_modem.o
 .comment       0x00000000       0x30 src/ASF/common/boards/user_board/init.o
 .comment       0x00000000       0x30 src/ASF/common/services/clock/xmega/sysclk.o
 .comment       0x00000000       0x30 src/ASF/common/services/ioport/xmega/ioport_compat.o
 .comment       0x00000000       0x30 src/ASF/common/services/sleepmgr/xmega/sleepmgr.o
 .comment       0x00000000       0x30 src/ASF/xmega/drivers/nvm/nvm.o
 .comment       0x00000000       0x30 src/ASF/xmega/drivers/rtc/rtc.o
 .comment       0x00000000       0x30 src/ASF/xmega/drivers/tc/tc.o
 .comment       0x00000000       0x30 src/ASF/xmega/drivers/twi/twim.o
 .comment       0x00000000       0x30 src/ASF/xmega/drivers/twi/twis.o
 .comment       0x00000000       0x30 src/ASF/xmega/drivers/usart/usart.o
 .comment       0x00000000       0x30 src/ASF/xmega/drivers/wdt/wdt.o
 .comment       0x00000000       0x30 src/ASF/xmega/services/pwm/pwm.o
 .comment       0x00000000       0x30 src/ASF/xmega/services/timeout/timeout.o
 .comment       0x00000000       0x30 src/main.o
 .comment       0x00000000       0x30 c:/program files (x86)/atmel/atmel toolchain/avr8 gcc/native/3.4.2.1002/avr8-gnu-toolchain/bin/../lib/gcc/avr/4.7.2/../../../../avr/lib/avrxmega2\libc.a(strtoul.o)
 .comment       0x00000000       0x30 c:/program files (x86)/atmel/atmel toolchain/avr8 gcc/native/3.4.2.1002/avr8-gnu-toolchain/bin/../lib/gcc/avr/4.7.2/../../../../avr/lib/avrxmega2\libc.a(strtok.o)
 .comment       0x00000000       0x30 c:/program files (x86)/atmel/atmel toolchain/avr8 gcc/native/3.4.2.1002/avr8-gnu-toolchain/bin/../lib/gcc/avr/4.7.2/../../../../avr/lib/avrxmega2\libc.a(errno.o)

.debug
 *(.debug)

.line
 *(.line)

.debug_srcinfo
 *(.debug_srcinfo)

.debug_sfnames
 *(.debug_sfnames)

.debug_aranges  0x00000000      0x8d8
 *(.debug_aranges)
 .debug_aranges
                0x00000000       0x80 src/src-mylib2-xmega32a4u/awt.o
 .debug_aranges
                0x00000080       0x38 src/src-mylib2-xmega32a4u/crc.o
 .debug_aranges
                0x000000b8       0x28 src/src-mylib2-xmega32a4u/ds18b20.o
 .debug_aranges
                0x000000e0       0x38 src/src-mylib2-xmega32a4u/epoch.o
 .debug_aranges
                0x00000118       0x60 src/src-mylib2-xmega32a4u/owire.o
 .debug_aranges
                0x00000178       0x18 src/src-mylib2-xmega32a4u/ram_hex.o
 .debug_aranges
                0x00000190       0x58 src/src-mylib2-xmega32a4u/uartc1.o
 .debug_aranges
                0x000001e8       0x58 src/src-mylib2-xmega32a4u/uarte0.o
 .debug_aranges
                0x00000240       0x58 src/src-mylib2-xmega32a4u/uart_debug.o
 .debug_aranges
                0x00000298       0x40 src/src-mylib2-xmega32a4u/uart_modem.o
 .debug_aranges
                0x000002d8       0x20 src/ASF/common/boards/user_board/init.o
 .debug_aranges
                0x000002f8       0x40 src/ASF/common/services/clock/xmega/sysclk.o
 .debug_aranges
                0x00000338       0x20 src/ASF/common/services/ioport/xmega/ioport_compat.o
 .debug_aranges
                0x00000358       0x18 src/ASF/common/services/sleepmgr/xmega/sleepmgr.o
 .debug_aranges
                0x00000370       0x20 src/ASF/xmega/drivers/cpu/ccp.o
 .debug_aranges
                0x00000390       0xc0 src/ASF/xmega/drivers/nvm/nvm.o
 .debug_aranges
                0x00000450       0x28 src/ASF/xmega/drivers/nvm/nvm_asm.o
 .debug_aranges
                0x00000478       0x58 src/ASF/xmega/drivers/rtc/rtc.o
 .debug_aranges
                0x000004d0      0x128 src/ASF/xmega/drivers/tc/tc.o
 .debug_aranges
                0x000005f8       0x40 src/ASF/xmega/drivers/twi/twim.o
 .debug_aranges
                0x00000638       0x60 src/ASF/xmega/drivers/twi/twis.o
 .debug_aranges
                0x00000698       0x50 src/ASF/xmega/drivers/usart/usart.o
 .debug_aranges
                0x000006e8       0x50 src/ASF/xmega/drivers/wdt/wdt.o
 .debug_aranges
                0x00000738       0x30 src/ASF/xmega/services/pwm/pwm.o
 .debug_aranges
                0x00000768       0x50 src/ASF/xmega/services/timeout/timeout.o
 .debug_aranges
                0x000007b8       0xc8 src/main.o
 .debug_aranges
                0x00000880       0x20 c:/program files (x86)/atmel/atmel toolchain/avr8 gcc/native/3.4.2.1002/avr8-gnu-toolchain/bin/../lib/gcc/avr/4.7.2/../../../../avr/lib/avrxmega2\libc.a(strtoul.o)
 .debug_aranges
                0x000008a0       0x20 c:/program files (x86)/atmel/atmel toolchain/avr8 gcc/native/3.4.2.1002/avr8-gnu-toolchain/bin/../lib/gcc/avr/4.7.2/../../../../avr/lib/avrxmega2\libc.a(strtok.o)
 .debug_aranges
                0x000008c0       0x18 c:/program files (x86)/atmel/atmel toolchain/avr8 gcc/native/3.4.2.1002/avr8-gnu-toolchain/bin/../lib/gcc/avr/4.7.2/../../../../avr/lib/avrxmega2\libc.a(errno.o)

.debug_pubnames
 *(.debug_pubnames)

.debug_info     0x00000000    0x13748
 *(.debug_info)
 .debug_info    0x00000000     0x28c8 src/src-mylib2-xmega32a4u/awt.o
 .debug_info    0x000028c8      0x28f src/src-mylib2-xmega32a4u/crc.o
 .debug_info    0x00002b57      0x371 src/src-mylib2-xmega32a4u/ds18b20.o
 .debug_info    0x00002ec8      0x311 src/src-mylib2-xmega32a4u/epoch.o
 .debug_info    0x000031d9      0xead src/src-mylib2-xmega32a4u/owire.o
 .debug_info    0x00004086      0x146 src/src-mylib2-xmega32a4u/ram_hex.o
 .debug_info    0x000041cc      0x6f9 src/src-mylib2-xmega32a4u/uartc1.o
 .debug_info    0x000048c5      0x6eb src/src-mylib2-xmega32a4u/uarte0.o
 .debug_info    0x00004fb0      0x50d src/src-mylib2-xmega32a4u/uart_debug.o
 .debug_info    0x000054bd      0x2f9 src/src-mylib2-xmega32a4u/uart_modem.o
 .debug_info    0x000057b6      0x88c src/ASF/common/boards/user_board/init.o
 .debug_info    0x00006042      0xc9c src/ASF/common/services/clock/xmega/sysclk.o
 .debug_info    0x00006cde      0x11d src/ASF/common/services/ioport/xmega/ioport_compat.o
 .debug_info    0x00006dfb      0x121 src/ASF/common/services/sleepmgr/xmega/sleepmgr.o
 .debug_info    0x00006f1c       0xa2 src/ASF/xmega/drivers/cpu/ccp.o
 .debug_info    0x00006fbe     0x1384 src/ASF/xmega/drivers/nvm/nvm.o
 .debug_info    0x00008342       0xa2 src/ASF/xmega/drivers/nvm/nvm_asm.o
 .debug_info    0x000083e4      0x706 src/ASF/xmega/drivers/rtc/rtc.o
 .debug_info    0x00008aea     0x174d src/ASF/xmega/drivers/tc/tc.o
 .debug_info    0x0000a237      0x908 src/ASF/xmega/drivers/twi/twim.o
 .debug_info    0x0000ab3f      0x6c8 src/ASF/xmega/drivers/twi/twis.o
 .debug_info    0x0000b207     0x24c5 src/ASF/xmega/drivers/usart/usart.o
 .debug_info    0x0000d6cc      0x4e1 src/ASF/xmega/drivers/wdt/wdt.o
 .debug_info    0x0000dbad     0x1390 src/ASF/xmega/services/pwm/pwm.o
 .debug_info    0x0000ef3d      0x588 src/ASF/xmega/services/timeout/timeout.o
 .debug_info    0x0000f4c5     0x403c src/main.o
 .debug_info    0x00013501      0x12d c:/program files (x86)/atmel/atmel toolchain/avr8 gcc/native/3.4.2.1002/avr8-gnu-toolchain/bin/../lib/gcc/avr/4.7.2/../../../../avr/lib/avrxmega2\libc.a(strtoul.o)
 .debug_info    0x0001362e       0xe7 c:/program files (x86)/atmel/atmel toolchain/avr8 gcc/native/3.4.2.1002/avr8-gnu-toolchain/bin/../lib/gcc/avr/4.7.2/../../../../avr/lib/avrxmega2\libc.a(strtok.o)
 .debug_info    0x00013715       0x33 c:/program files (x86)/atmel/atmel toolchain/avr8 gcc/native/3.4.2.1002/avr8-gnu-toolchain/bin/../lib/gcc/avr/4.7.2/../../../../avr/lib/avrxmega2\libc.a(errno.o)
 *(.gnu.linkonce.wi.*)

.debug_abbrev   0x00000000     0x39c6
 *(.debug_abbrev)
 .debug_abbrev  0x00000000      0x498 src/src-mylib2-xmega32a4u/awt.o
 .debug_abbrev  0x00000498      0x130 src/src-mylib2-xmega32a4u/crc.o
 .debug_abbrev  0x000005c8      0x18a src/src-mylib2-xmega32a4u/ds18b20.o
 .debug_abbrev  0x00000752      0x1a0 src/src-mylib2-xmega32a4u/epoch.o
 .debug_abbrev  0x000008f2      0x39a src/src-mylib2-xmega32a4u/owire.o
 .debug_abbrev  0x00000c8c       0x9b src/src-mylib2-xmega32a4u/ram_hex.o
 .debug_abbrev  0x00000d27      0x2ea src/src-mylib2-xmega32a4u/uartc1.o
 .debug_abbrev  0x00001011      0x2f9 src/src-mylib2-xmega32a4u/uarte0.o
 .debug_abbrev  0x0000130a      0x17c src/src-mylib2-xmega32a4u/uart_debug.o
 .debug_abbrev  0x00001486      0x187 src/src-mylib2-xmega32a4u/uart_modem.o
 .debug_abbrev  0x0000160d      0x1a0 src/ASF/common/boards/user_board/init.o
 .debug_abbrev  0x000017ad      0x2a2 src/ASF/common/services/clock/xmega/sysclk.o
 .debug_abbrev  0x00001a4f       0x93 src/ASF/common/services/ioport/xmega/ioport_compat.o
 .debug_abbrev  0x00001ae2       0x80 src/ASF/common/services/sleepmgr/xmega/sleepmgr.o
 .debug_abbrev  0x00001b62       0x14 src/ASF/xmega/drivers/cpu/ccp.o
 .debug_abbrev  0x00001b76      0x3f4 src/ASF/xmega/drivers/nvm/nvm.o
 .debug_abbrev  0x00001f6a       0x12 src/ASF/xmega/drivers/nvm/nvm_asm.o
 .debug_abbrev  0x00001f7c      0x2c4 src/ASF/xmega/drivers/rtc/rtc.o
 .debug_abbrev  0x00002240      0x2a7 src/ASF/xmega/drivers/tc/tc.o
 .debug_abbrev  0x000024e7      0x2a3 src/ASF/xmega/drivers/twi/twim.o
 .debug_abbrev  0x0000278a      0x216 src/ASF/xmega/drivers/twi/twis.o
 .debug_abbrev  0x000029a0      0x358 src/ASF/xmega/drivers/usart/usart.o
 .debug_abbrev  0x00002cf8      0x15d src/ASF/xmega/drivers/wdt/wdt.o
 .debug_abbrev  0x00002e55      0x29c src/ASF/xmega/services/pwm/pwm.o
 .debug_abbrev  0x000030f1      0x249 src/ASF/xmega/services/timeout/timeout.o
 .debug_abbrev  0x0000333a      0x4fe src/main.o
 .debug_abbrev  0x00003838       0xb9 c:/program files (x86)/atmel/atmel toolchain/avr8 gcc/native/3.4.2.1002/avr8-gnu-toolchain/bin/../lib/gcc/avr/4.7.2/../../../../avr/lib/avrxmega2\libc.a(strtoul.o)
 .debug_abbrev  0x000038f1       0xab c:/program files (x86)/atmel/atmel toolchain/avr8 gcc/native/3.4.2.1002/avr8-gnu-toolchain/bin/../lib/gcc/avr/4.7.2/../../../../avr/lib/avrxmega2\libc.a(strtok.o)
 .debug_abbrev  0x0000399c       0x2a c:/program files (x86)/atmel/atmel toolchain/avr8 gcc/native/3.4.2.1002/avr8-gnu-toolchain/bin/../lib/gcc/avr/4.7.2/../../../../avr/lib/avrxmega2\libc.a(errno.o)

.debug_line     0x00000000    0x108f8
 *(.debug_line)
 .debug_line    0x00000000     0x1796 src/src-mylib2-xmega32a4u/awt.o
 .debug_line    0x00001796      0xa49 src/src-mylib2-xmega32a4u/crc.o
 .debug_line    0x000021df      0xab7 src/src-mylib2-xmega32a4u/ds18b20.o
 .debug_line    0x00002c96      0xa85 src/src-mylib2-xmega32a4u/epoch.o
 .debug_line    0x0000371b      0xf37 src/src-mylib2-xmega32a4u/owire.o
 .debug_line    0x00004652      0x975 src/src-mylib2-xmega32a4u/ram_hex.o
 .debug_line    0x00004fc7      0xb30 src/src-mylib2-xmega32a4u/uartc1.o
 .debug_line    0x00005af7      0xb30 src/src-mylib2-xmega32a4u/uarte0.o
 .debug_line    0x00006627      0xb1c src/src-mylib2-xmega32a4u/uart_debug.o
 .debug_line    0x00007143      0xa38 src/src-mylib2-xmega32a4u/uart_modem.o
 .debug_line    0x00007b7b      0x962 src/ASF/common/boards/user_board/init.o
 .debug_line    0x000084dd      0x7ca src/ASF/common/services/clock/xmega/sysclk.o
 .debug_line    0x00008ca7      0x4f1 src/ASF/common/services/ioport/xmega/ioport_compat.o
 .debug_line    0x00009198      0x498 src/ASF/common/services/sleepmgr/xmega/sleepmgr.o
 .debug_line    0x00009630       0x6e src/ASF/xmega/drivers/cpu/ccp.o
 .debug_line    0x0000969e      0xbd5 src/ASF/xmega/drivers/nvm/nvm.o
 .debug_line    0x0000a273      0x11f src/ASF/xmega/drivers/nvm/nvm_asm.o
 .debug_line    0x0000a392      0x803 src/ASF/xmega/drivers/rtc/rtc.o
 .debug_line    0x0000ab95      0xca8 src/ASF/xmega/drivers/tc/tc.o
 .debug_line    0x0000b83d      0x667 src/ASF/xmega/drivers/twi/twim.o
 .debug_line    0x0000bea4      0x678 src/ASF/xmega/drivers/twi/twis.o
 .debug_line    0x0000c51c      0x997 src/ASF/xmega/drivers/usart/usart.o
 .debug_line    0x0000ceb3      0x5ae src/ASF/xmega/drivers/wdt/wdt.o
 .debug_line    0x0000d461      0xb8d src/ASF/xmega/services/pwm/pwm.o
 .debug_line    0x0000dfee      0xae0 src/ASF/xmega/services/timeout/timeout.o
 .debug_line    0x0000eace     0x1b48 src/main.o
 .debug_line    0x00010616      0x16d c:/program files (x86)/atmel/atmel toolchain/avr8 gcc/native/3.4.2.1002/avr8-gnu-toolchain/bin/../lib/gcc/avr/4.7.2/../../../../avr/lib/avrxmega2\libc.a(strtoul.o)
 .debug_line    0x00010783       0xf5 c:/program files (x86)/atmel/atmel toolchain/avr8 gcc/native/3.4.2.1002/avr8-gnu-toolchain/bin/../lib/gcc/avr/4.7.2/../../../../avr/lib/avrxmega2\libc.a(strtok.o)
 .debug_line    0x00010878       0x80 c:/program files (x86)/atmel/atmel toolchain/avr8 gcc/native/3.4.2.1002/avr8-gnu-toolchain/bin/../lib/gcc/avr/4.7.2/../../../../avr/lib/avrxmega2\libc.a(errno.o)

.debug_frame    0x00000000     0x21a4
 *(.debug_frame)
 .debug_frame   0x00000000      0x2fc src/src-mylib2-xmega32a4u/awt.o
 .debug_frame   0x000002fc       0x78 src/src-mylib2-xmega32a4u/crc.o
 .debug_frame   0x00000374       0x50 src/src-mylib2-xmega32a4u/ds18b20.o
 .debug_frame   0x000003c4       0xc8 src/src-mylib2-xmega32a4u/epoch.o
 .debug_frame   0x0000048c      0x1b8 src/src-mylib2-xmega32a4u/owire.o
 .debug_frame   0x00000644      0x124 src/src-mylib2-xmega32a4u/uartc1.o
 .debug_frame   0x00000768      0x124 src/src-mylib2-xmega32a4u/uarte0.o
 .debug_frame   0x0000088c      0x110 src/src-mylib2-xmega32a4u/uart_debug.o
 .debug_frame   0x0000099c       0x90 src/src-mylib2-xmega32a4u/uart_modem.o
 .debug_frame   0x00000a2c       0x24 src/ASF/common/boards/user_board/init.o
 .debug_frame   0x00000a50       0x70 src/ASF/common/services/clock/xmega/sysclk.o
 .debug_frame   0x00000ac0       0x30 src/ASF/common/services/ioport/xmega/ioport_compat.o
 .debug_frame   0x00000af0      0x340 src/ASF/xmega/drivers/nvm/nvm.o
 .debug_frame   0x00000e30      0x124 src/ASF/xmega/drivers/rtc/rtc.o
 .debug_frame   0x00000f54      0x994 src/ASF/xmega/drivers/tc/tc.o
 .debug_frame   0x000018e8      0x100 src/ASF/xmega/drivers/twi/twim.o
 .debug_frame   0x000019e8       0xbc src/ASF/xmega/drivers/twi/twis.o
 .debug_frame   0x00001aa4      0x11c src/ASF/xmega/drivers/usart/usart.o
 .debug_frame   0x00001bc0       0x84 src/ASF/xmega/drivers/wdt/wdt.o
 .debug_frame   0x00001c44       0x84 src/ASF/xmega/services/pwm/pwm.o
 .debug_frame   0x00001cc8       0x90 src/ASF/xmega/services/timeout/timeout.o
 .debug_frame   0x00001d58      0x3e0 src/main.o
 .debug_frame   0x00002138       0x48 c:/program files (x86)/atmel/atmel toolchain/avr8 gcc/native/3.4.2.1002/avr8-gnu-toolchain/bin/../lib/gcc/avr/4.7.2/../../../../avr/lib/avrxmega2\libc.a(strtoul.o)
 .debug_frame   0x00002180       0x24 c:/program files (x86)/atmel/atmel toolchain/avr8 gcc/native/3.4.2.1002/avr8-gnu-toolchain/bin/../lib/gcc/avr/4.7.2/../../../../avr/lib/avrxmega2\libc.a(strtok.o)

.debug_str      0x00000000    0x28ea3
 *(.debug_str)
 .debug_str     0x00000000    0x23974 src/src-mylib2-xmega32a4u/awt.o
                              0x24135 (size before relaxing)
 .debug_str     0x00023974       0x72 src/src-mylib2-xmega32a4u/crc.o
                              0x23102 (size before relaxing)
 .debug_str     0x000239e6      0x157 src/src-mylib2-xmega32a4u/ds18b20.o
                              0x231f3 (size before relaxing)
 .debug_str     0x00023b3d       0x7d src/src-mylib2-xmega32a4u/epoch.o
                              0x22fc7 (size before relaxing)
 .debug_str     0x00023bba      0x8b5 src/src-mylib2-xmega32a4u/owire.o
                              0x23a19 (size before relaxing)
 .debug_str     0x0002446f       0x26 src/src-mylib2-xmega32a4u/ram_hex.o
                              0x22f30 (size before relaxing)
 .debug_str     0x00024495      0x2d0 src/src-mylib2-xmega32a4u/uartc1.o
                              0x235dc (size before relaxing)
 .debug_str     0x00024765       0x73 src/src-mylib2-xmega32a4u/uarte0.o
                              0x235dd (size before relaxing)
 .debug_str     0x000247d8       0x70 src/src-mylib2-xmega32a4u/uart_debug.o
                              0x2325d (size before relaxing)
 .debug_str     0x00024848       0x29 src/src-mylib2-xmega32a4u/uart_modem.o
                              0x230e0 (size before relaxing)
 .debug_str     0x00024871       0xb5 src/ASF/common/boards/user_board/init.o
                              0x23133 (size before relaxing)
 .debug_str     0x00024926      0x3ef src/ASF/common/services/clock/xmega/sysclk.o
                              0x22126 (size before relaxing)
 .debug_str     0x00024d15       0x41 src/ASF/common/services/ioport/xmega/ioport_compat.o
                              0x20e93 (size before relaxing)
 .debug_str     0x00024d56       0xb3 src/ASF/common/services/sleepmgr/xmega/sleepmgr.o
                              0x20cd6 (size before relaxing)
 .debug_str     0x00024e09      0x939 src/ASF/xmega/drivers/nvm/nvm.o
                              0x21400 (size before relaxing)
 .debug_str     0x00025742      0x35f src/ASF/xmega/drivers/rtc/rtc.o
                              0x224e1 (size before relaxing)
 .debug_str     0x00025aa1      0x7db src/ASF/xmega/drivers/tc/tc.o
                              0x22935 (size before relaxing)
 .debug_str     0x0002627c      0x2b4 src/ASF/xmega/drivers/twi/twim.o
                              0x20ecb (size before relaxing)
 .debug_str     0x00026530      0x32a src/ASF/xmega/drivers/twi/twis.o
                              0x20cea (size before relaxing)
 .debug_str     0x0002685a      0x58b src/ASF/xmega/drivers/usart/usart.o
                              0x22ffb (size before relaxing)
 .debug_str     0x00026de5      0x4da src/ASF/xmega/drivers/wdt/wdt.o
                              0x20d55 (size before relaxing)
 .debug_str     0x000272bf      0x451 src/ASF/xmega/services/pwm/pwm.o
                              0x23921 (size before relaxing)
 .debug_str     0x00027710       0x9f src/ASF/xmega/services/timeout/timeout.o
                              0x23092 (size before relaxing)
 .debug_str     0x000277af     0x1593 src/main.o
                              0x25c9e (size before relaxing)
 .debug_str     0x00028d42       0x8b c:/program files (x86)/atmel/atmel toolchain/avr8 gcc/native/3.4.2.1002/avr8-gnu-toolchain/bin/../lib/gcc/avr/4.7.2/../../../../avr/lib/avrxmega2\libc.a(strtoul.o)
                                 0xeb (size before relaxing)
 .debug_str     0x00028dcd       0x73 c:/program files (x86)/atmel/atmel toolchain/avr8 gcc/native/3.4.2.1002/avr8-gnu-toolchain/bin/../lib/gcc/avr/4.7.2/../../../../avr/lib/avrxmega2\libc.a(strtok.o)
                                 0x98 (size before relaxing)
 .debug_str     0x00028e40       0x63 c:/program files (x86)/atmel/atmel toolchain/avr8 gcc/native/3.4.2.1002/avr8-gnu-toolchain/bin/../lib/gcc/avr/4.7.2/../../../../avr/lib/avrxmega2\libc.a(errno.o)
                                 0x75 (size before relaxing)

.debug_loc      0x00000000     0x9e72
 *(.debug_loc)
 .debug_loc     0x00000000     0x1702 src/src-mylib2-xmega32a4u/awt.o
 .debug_loc     0x00001702      0x242 src/src-mylib2-xmega32a4u/crc.o
 .debug_loc     0x00001944       0xa0 src/src-mylib2-xmega32a4u/ds18b20.o
 .debug_loc     0x000019e4      0x28b src/src-mylib2-xmega32a4u/epoch.o
 .debug_loc     0x00001c6f      0x902 src/src-mylib2-xmega32a4u/owire.o
 .debug_loc     0x00002571      0x30b src/src-mylib2-xmega32a4u/uartc1.o
 .debug_loc     0x0000287c      0x30b src/src-mylib2-xmega32a4u/uarte0.o
 .debug_loc     0x00002b87      0x4c4 src/src-mylib2-xmega32a4u/uart_debug.o
 .debug_loc     0x0000304b      0x1b7 src/src-mylib2-xmega32a4u/uart_modem.o
 .debug_loc     0x00003202      0x44f src/ASF/common/services/clock/xmega/sysclk.o
 .debug_loc     0x00003651       0x43 src/ASF/common/services/ioport/xmega/ioport_compat.o
 .debug_loc     0x00003694     0x114c src/ASF/xmega/drivers/nvm/nvm.o
 .debug_loc     0x000047e0      0x2cf src/ASF/xmega/drivers/rtc/rtc.o
 .debug_loc     0x00004aaf     0x17d4 src/ASF/xmega/drivers/tc/tc.o
 .debug_loc     0x00006283      0x441 src/ASF/xmega/drivers/twi/twim.o
 .debug_loc     0x000066c4      0x345 src/ASF/xmega/drivers/twi/twis.o
 .debug_loc     0x00006a09      0x8c6 src/ASF/xmega/drivers/usart/usart.o
 .debug_loc     0x000072cf      0x161 src/ASF/xmega/drivers/wdt/wdt.o
 .debug_loc     0x00007430      0x797 src/ASF/xmega/services/pwm/pwm.o
 .debug_loc     0x00007bc7      0x220 src/ASF/xmega/services/timeout/timeout.o
 .debug_loc     0x00007de7     0x1d42 src/main.o
 .debug_loc     0x00009b29      0x2fd c:/program files (x86)/atmel/atmel toolchain/avr8 gcc/native/3.4.2.1002/avr8-gnu-toolchain/bin/../lib/gcc/avr/4.7.2/../../../../avr/lib/avrxmega2\libc.a(strtoul.o)
 .debug_loc     0x00009e26       0x4c c:/program files (x86)/atmel/atmel toolchain/avr8 gcc/native/3.4.2.1002/avr8-gnu-toolchain/bin/../lib/gcc/avr/4.7.2/../../../../avr/lib/avrxmega2\libc.a(strtok.o)

.debug_macinfo
 *(.debug_macinfo)

.debug_pubtypes
 *(.debug_pubtypes)

.debug_ranges   0x00000000      0xa40
 *(.debug_ranges)
 .debug_ranges  0x00000000      0x1c8 src/src-mylib2-xmega32a4u/awt.o
 .debug_ranges  0x000001c8       0x28 src/src-mylib2-xmega32a4u/crc.o
 .debug_ranges  0x000001f0       0x18 src/src-mylib2-xmega32a4u/ds18b20.o
 .debug_ranges  0x00000208       0x28 src/src-mylib2-xmega32a4u/epoch.o
 .debug_ranges  0x00000230      0x128 src/src-mylib2-xmega32a4u/owire.o
 .debug_ranges  0x00000358       0x78 src/src-mylib2-xmega32a4u/uartc1.o
 .debug_ranges  0x000003d0       0x78 src/src-mylib2-xmega32a4u/uarte0.o
 .debug_ranges  0x00000448       0x48 src/src-mylib2-xmega32a4u/uart_debug.o
 .debug_ranges  0x00000490       0x30 src/src-mylib2-xmega32a4u/uart_modem.o
 .debug_ranges  0x000004c0       0x10 src/ASF/common/boards/user_board/init.o
 .debug_ranges  0x000004d0       0x30 src/ASF/common/services/clock/xmega/sysclk.o
 .debug_ranges  0x00000500       0x10 src/ASF/common/services/ioport/xmega/ioport_compat.o
 .debug_ranges  0x00000510       0xc8 src/ASF/xmega/drivers/nvm/nvm.o
 .debug_ranges  0x000005d8       0x20 src/ASF/xmega/drivers/nvm/nvm_asm.o
 .debug_ranges  0x000005f8       0x48 src/ASF/xmega/drivers/rtc/rtc.o
 .debug_ranges  0x00000640      0x118 src/ASF/xmega/drivers/tc/tc.o
 .debug_ranges  0x00000758       0x78 src/ASF/xmega/drivers/twi/twim.o
 .debug_ranges  0x000007d0       0x50 src/ASF/xmega/drivers/twi/twis.o
 .debug_ranges  0x00000820       0x40 src/ASF/xmega/drivers/usart/usart.o
 .debug_ranges  0x00000860       0x40 src/ASF/xmega/drivers/wdt/wdt.o
 .debug_ranges  0x000008a0       0x20 src/ASF/xmega/services/pwm/pwm.o
 .debug_ranges  0x000008c0       0x58 src/ASF/xmega/services/timeout/timeout.o
 .debug_ranges  0x00000918      0x108 src/main.o
 .debug_ranges  0x00000a20       0x10 c:/program files (x86)/atmel/atmel toolchain/avr8 gcc/native/3.4.2.1002/avr8-gnu-toolchain/bin/../lib/gcc/avr/4.7.2/../../../../avr/lib/avrxmega2\libc.a(strtoul.o)
 .debug_ranges  0x00000a30       0x10 c:/program files (x86)/atmel/atmel toolchain/avr8 gcc/native/3.4.2.1002/avr8-gnu-toolchain/bin/../lib/gcc/avr/4.7.2/../../../../avr/lib/avrxmega2\libc.a(strtok.o)

.debug_macro    0x00000000     0xc8e9
 *(.debug_macro)
 .debug_macro   0x00000000      0x3d7 src/src-mylib2-xmega32a4u/awt.o
 .debug_macro   0x000003d7      0x5b0 src/src-mylib2-xmega32a4u/awt.o
 .debug_macro   0x00000987       0x10 src/src-mylib2-xmega32a4u/awt.o
 .debug_macro   0x00000997      0x1ad src/src-mylib2-xmega32a4u/awt.o
 .debug_macro   0x00000b44      0x293 src/src-mylib2-xmega32a4u/awt.o
 .debug_macro   0x00000dd7       0x9e src/src-mylib2-xmega32a4u/awt.o
 .debug_macro   0x00000e75     0x54a2 src/src-mylib2-xmega32a4u/awt.o
 .debug_macro   0x00006317       0x9a src/src-mylib2-xmega32a4u/awt.o
 .debug_macro   0x000063b1       0xf1 src/src-mylib2-xmega32a4u/awt.o
 .debug_macro   0x000064a2       0x34 src/src-mylib2-xmega32a4u/awt.o
 .debug_macro   0x000064d6       0x18 src/src-mylib2-xmega32a4u/awt.o
 .debug_macro   0x000064ee       0x5e src/src-mylib2-xmega32a4u/awt.o
 .debug_macro   0x0000654c       0x10 src/src-mylib2-xmega32a4u/awt.o
 .debug_macro   0x0000655c       0x22 src/src-mylib2-xmega32a4u/awt.o
 .debug_macro   0x0000657e      0x16c src/src-mylib2-xmega32a4u/awt.o
 .debug_macro   0x000066ea       0x1c src/src-mylib2-xmega32a4u/awt.o
 .debug_macro   0x00006706       0x35 src/src-mylib2-xmega32a4u/awt.o
 .debug_macro   0x0000673b       0x51 src/src-mylib2-xmega32a4u/awt.o
 .debug_macro   0x0000678c      0x2bd src/src-mylib2-xmega32a4u/awt.o
 .debug_macro   0x00006a49       0x97 src/src-mylib2-xmega32a4u/awt.o
 .debug_macro   0x00006ae0       0x17 src/src-mylib2-xmega32a4u/awt.o
 .debug_macro   0x00006af7      0x250 src/src-mylib2-xmega32a4u/awt.o
 .debug_macro   0x00006d47       0x76 src/src-mylib2-xmega32a4u/awt.o
 .debug_macro   0x00006dbd       0x16 src/src-mylib2-xmega32a4u/awt.o
 .debug_macro   0x00006dd3      0x6e0 src/src-mylib2-xmega32a4u/awt.o
 .debug_macro   0x000074b3       0x10 src/src-mylib2-xmega32a4u/awt.o
 .debug_macro   0x000074c3      0x160 src/src-mylib2-xmega32a4u/awt.o
 .debug_macro   0x00007623       0x40 src/src-mylib2-xmega32a4u/awt.o
 .debug_macro   0x00007663       0x69 src/src-mylib2-xmega32a4u/awt.o
 .debug_macro   0x000076cc       0x32 src/src-mylib2-xmega32a4u/awt.o
 .debug_macro   0x000076fe       0xe4 src/src-mylib2-xmega32a4u/awt.o
 .debug_macro   0x000077e2       0x34 src/src-mylib2-xmega32a4u/awt.o
 .debug_macro   0x00007816       0x22 src/src-mylib2-xmega32a4u/awt.o
 .debug_macro   0x00007838       0x9a src/src-mylib2-xmega32a4u/awt.o
 .debug_macro   0x000078d2       0x28 src/src-mylib2-xmega32a4u/awt.o
 .debug_macro   0x000078fa      0x1c1 src/src-mylib2-xmega32a4u/awt.o
 .debug_macro   0x00007abb       0x66 src/src-mylib2-xmega32a4u/awt.o
 .debug_macro   0x00007b21       0x2f src/src-mylib2-xmega32a4u/awt.o
 .debug_macro   0x00007b50      0x15b src/src-mylib2-xmega32a4u/awt.o
 .debug_macro   0x00007cab       0x28 src/src-mylib2-xmega32a4u/awt.o
 .debug_macro   0x00007cd3       0x22 src/src-mylib2-xmega32a4u/awt.o
 .debug_macro   0x00007cf5       0x7c src/src-mylib2-xmega32a4u/awt.o
 .debug_macro   0x00007d71      0x109 src/src-mylib2-xmega32a4u/awt.o
 .debug_macro   0x00007e7a       0x26 src/src-mylib2-xmega32a4u/awt.o
 .debug_macro   0x00007ea0       0x10 src/src-mylib2-xmega32a4u/awt.o
 .debug_macro   0x00007eb0       0x5e src/src-mylib2-xmega32a4u/awt.o
 .debug_macro   0x00007f0e       0x12 src/src-mylib2-xmega32a4u/awt.o
 .debug_macro   0x00007f20       0x1c src/src-mylib2-xmega32a4u/awt.o
 .debug_macro   0x00007f3c       0x10 src/src-mylib2-xmega32a4u/awt.o
 .debug_macro   0x00007f4c       0x16 src/src-mylib2-xmega32a4u/awt.o
 .debug_macro   0x00007f62       0x22 src/src-mylib2-xmega32a4u/awt.o
 .debug_macro   0x00007f84       0x10 src/src-mylib2-xmega32a4u/awt.o
 .debug_macro   0x00007f94       0x28 src/src-mylib2-xmega32a4u/awt.o
 .debug_macro   0x00007fbc       0x52 src/src-mylib2-xmega32a4u/awt.o
 .debug_macro   0x0000800e       0x3a src/src-mylib2-xmega32a4u/awt.o
 .debug_macro   0x00008048       0x11 src/src-mylib2-xmega32a4u/awt.o
 .debug_macro   0x00008059       0x16 src/src-mylib2-xmega32a4u/awt.o
 .debug_macro   0x0000806f       0x58 src/src-mylib2-xmega32a4u/awt.o
 .debug_macro   0x000080c7       0x10 src/src-mylib2-xmega32a4u/awt.o
 .debug_macro   0x000080d7       0xeb src/src-mylib2-xmega32a4u/awt.o
 .debug_macro   0x000081c2       0x46 src/src-mylib2-xmega32a4u/awt.o
 .debug_macro   0x00008208       0x10 src/src-mylib2-xmega32a4u/awt.o
 .debug_macro   0x00008218      0x36f src/src-mylib2-xmega32a4u/crc.o
 .debug_macro   0x00008587      0x38e src/src-mylib2-xmega32a4u/ds18b20.o
 .debug_macro   0x00008915       0x10 src/src-mylib2-xmega32a4u/ds18b20.o
 .debug_macro   0x00008925      0x356 src/src-mylib2-xmega32a4u/epoch.o
 .debug_macro   0x00008c7b      0x442 src/src-mylib2-xmega32a4u/owire.o
 .debug_macro   0x000090bd      0x357 src/src-mylib2-xmega32a4u/ram_hex.o
 .debug_macro   0x00009414      0x38f src/src-mylib2-xmega32a4u/uartc1.o
 .debug_macro   0x000097a3       0x97 src/src-mylib2-xmega32a4u/uartc1.o
 .debug_macro   0x0000983a       0x16 src/src-mylib2-xmega32a4u/uartc1.o
 .debug_macro   0x00009850       0xf5 src/src-mylib2-xmega32a4u/uartc1.o
 .debug_macro   0x00009945       0x45 src/src-mylib2-xmega32a4u/uartc1.o
 .debug_macro   0x0000998a      0x38f src/src-mylib2-xmega32a4u/uarte0.o
 .debug_macro   0x00009d19      0x36d src/src-mylib2-xmega32a4u/uart_debug.o
 .debug_macro   0x0000a086      0x299 src/src-mylib2-xmega32a4u/uart_debug.o
 .debug_macro   0x0000a31f       0x40 src/src-mylib2-xmega32a4u/uart_debug.o
 .debug_macro   0x0000a35f      0x360 src/src-mylib2-xmega32a4u/uart_modem.o
 .debug_macro   0x0000a6bf      0x34d src/ASF/common/boards/user_board/init.o
 .debug_macro   0x0000aa0c      0x1e1 src/ASF/common/services/clock/xmega/sysclk.o
 .debug_macro   0x0000abed      0x189 src/ASF/common/services/ioport/xmega/ioport_compat.o
 .debug_macro   0x0000ad76      0x199 src/ASF/common/services/sleepmgr/xmega/sleepmgr.o
 .debug_macro   0x0000af0f      0x18e src/ASF/xmega/drivers/nvm/nvm.o
 .debug_macro   0x0000b09d      0x232 src/ASF/xmega/drivers/rtc/rtc.o
 .debug_macro   0x0000b2cf      0x22b src/ASF/xmega/drivers/tc/tc.o
 .debug_macro   0x0000b4fa      0x18e src/ASF/xmega/drivers/twi/twim.o
 .debug_macro   0x0000b688      0x17b src/ASF/xmega/drivers/twi/twis.o
 .debug_macro   0x0000b803       0x22 src/ASF/xmega/drivers/twi/twis.o
 .debug_macro   0x0000b825      0x227 src/ASF/xmega/drivers/usart/usart.o
 .debug_macro   0x0000ba4c       0x34 src/ASF/xmega/drivers/usart/usart.o
 .debug_macro   0x0000ba80      0x176 src/ASF/xmega/drivers/wdt/wdt.o
 .debug_macro   0x0000bbf6      0x34d src/ASF/xmega/services/pwm/pwm.o
 .debug_macro   0x0000bf43      0x34d src/ASF/xmega/services/timeout/timeout.o
 .debug_macro   0x0000c290      0x603 src/main.o
 .debug_macro   0x0000c893       0x1c src/main.o
 .debug_macro   0x0000c8af       0x3a src/main.o
OUTPUT(IESM-XMEGA32A4U--IrrigationController.elf elf32-avr)
LOAD linker stubs
