Archive member included because of file (symbol)

c:/program files (x86)/atmel/atmel toolchain/avr8 gcc/native/3.4.2.1002/avr8-gnu-toolchain/bin/../lib/gcc/avr/4.7.2/avrxmega2\libgcc.a(_divmodhi4.o)
                              src/src-mylib2-xmega32a4u/ds18b20.o (__divmodhi4)
c:/program files (x86)/atmel/atmel toolchain/avr8 gcc/native/3.4.2.1002/avr8-gnu-toolchain/bin/../lib/gcc/avr/4.7.2/avrxmega2\libgcc.a(_udivmodsi4.o)
                              src/src-mylib2-xmega32a4u/epoch.o (__udivmodsi4)
c:/program files (x86)/atmel/atmel toolchain/avr8 gcc/native/3.4.2.1002/avr8-gnu-toolchain/bin/../lib/gcc/avr/4.7.2/avrxmega2\libgcc.a(_exit.o)
                              c:/program files (x86)/atmel/atmel toolchain/avr8 gcc/native/3.4.2.1002/avr8-gnu-toolchain/bin/../lib/gcc/avr/4.7.2/../../../../avr/lib/avrxmega2/crtx32a4u.o (exit)
c:/program files (x86)/atmel/atmel toolchain/avr8 gcc/native/3.4.2.1002/avr8-gnu-toolchain/bin/../lib/gcc/avr/4.7.2/avrxmega2\libgcc.a(_copy_data.o)
                              src/src-mylib2-xmega32a4u/awt.o (__do_copy_data)
c:/program files (x86)/atmel/atmel toolchain/avr8 gcc/native/3.4.2.1002/avr8-gnu-toolchain/bin/../lib/gcc/avr/4.7.2/avrxmega2\libgcc.a(_clear_bss.o)
                              src/src-mylib2-xmega32a4u/awt.o (__do_clear_bss)
c:/program files (x86)/atmel/atmel toolchain/avr8 gcc/native/3.4.2.1002/avr8-gnu-toolchain/bin/../lib/gcc/avr/4.7.2/avrxmega2\libgcc.a(_umulhisi3.o)
                              src/src-mylib2-xmega32a4u/uart_debug.o (__umulhisi3)
c:/program files (x86)/atmel/atmel toolchain/avr8 gcc/native/3.4.2.1002/avr8-gnu-toolchain/bin/../lib/gcc/avr/4.7.2/avrxmega2\libgcc.a(_udivmodhi4.o)
                              c:/program files (x86)/atmel/atmel toolchain/avr8 gcc/native/3.4.2.1002/avr8-gnu-toolchain/bin/../lib/gcc/avr/4.7.2/avrxmega2\libgcc.a(_divmodhi4.o) (__udivmodhi4)
c:/program files (x86)/atmel/atmel toolchain/avr8 gcc/native/3.4.2.1002/avr8-gnu-toolchain/bin/../lib/gcc/avr/4.7.2/../../../../avr/lib/avrxmega2\libc.a(strtoul.o)
                              src/src-mylib2-xmega32a4u/awt.o (strtoul)
c:/program files (x86)/atmel/atmel toolchain/avr8 gcc/native/3.4.2.1002/avr8-gnu-toolchain/bin/../lib/gcc/avr/4.7.2/../../../../avr/lib/avrxmega2\libc.a(atol.o)
                              src/src-mylib2-xmega32a4u/awt.o (atol)
c:/program files (x86)/atmel/atmel toolchain/avr8 gcc/native/3.4.2.1002/avr8-gnu-toolchain/bin/../lib/gcc/avr/4.7.2/../../../../avr/lib/avrxmega2\libc.a(isspace.o)
                              c:/program files (x86)/atmel/atmel toolchain/avr8 gcc/native/3.4.2.1002/avr8-gnu-toolchain/bin/../lib/gcc/avr/4.7.2/../../../../avr/lib/avrxmega2\libc.a(strtoul.o) (isspace)
c:/program files (x86)/atmel/atmel toolchain/avr8 gcc/native/3.4.2.1002/avr8-gnu-toolchain/bin/../lib/gcc/avr/4.7.2/../../../../avr/lib/avrxmega2\libc.a(strtok.o)
                              src/main.o (strtok)
c:/program files (x86)/atmel/atmel toolchain/avr8 gcc/native/3.4.2.1002/avr8-gnu-toolchain/bin/../lib/gcc/avr/4.7.2/../../../../avr/lib/avrxmega2\libc.a(memcpy.o)
                              src/ASF/xmega/drivers/nvm/nvm.o (memcpy)
c:/program files (x86)/atmel/atmel toolchain/avr8 gcc/native/3.4.2.1002/avr8-gnu-toolchain/bin/../lib/gcc/avr/4.7.2/../../../../avr/lib/avrxmega2\libc.a(strcat.o)
                              src/main.o (strcat)
c:/program files (x86)/atmel/atmel toolchain/avr8 gcc/native/3.4.2.1002/avr8-gnu-toolchain/bin/../lib/gcc/avr/4.7.2/../../../../avr/lib/avrxmega2\libc.a(strcmp.o)
                              src/src-mylib2-xmega32a4u/awt.o (strcmp)
c:/program files (x86)/atmel/atmel toolchain/avr8 gcc/native/3.4.2.1002/avr8-gnu-toolchain/bin/../lib/gcc/avr/4.7.2/../../../../avr/lib/avrxmega2\libc.a(strncmp.o)
                              src/src-mylib2-xmega32a4u/awt.o (strncmp)
c:/program files (x86)/atmel/atmel toolchain/avr8 gcc/native/3.4.2.1002/avr8-gnu-toolchain/bin/../lib/gcc/avr/4.7.2/../../../../avr/lib/avrxmega2\libc.a(strncpy.o)
                              src/src-mylib2-xmega32a4u/awt.o (strncpy)
c:/program files (x86)/atmel/atmel toolchain/avr8 gcc/native/3.4.2.1002/avr8-gnu-toolchain/bin/../lib/gcc/avr/4.7.2/../../../../avr/lib/avrxmega2\libc.a(strtok_r.o)
                              c:/program files (x86)/atmel/atmel toolchain/avr8 gcc/native/3.4.2.1002/avr8-gnu-toolchain/bin/../lib/gcc/avr/4.7.2/../../../../avr/lib/avrxmega2\libc.a(strtok.o) (strtok_r)
c:/program files (x86)/atmel/atmel toolchain/avr8 gcc/native/3.4.2.1002/avr8-gnu-toolchain/bin/../lib/gcc/avr/4.7.2/../../../../avr/lib/avrxmega2\libc.a(itoa.o)
                              src/src-mylib2-xmega32a4u/awt.o (itoa)
c:/program files (x86)/atmel/atmel toolchain/avr8 gcc/native/3.4.2.1002/avr8-gnu-toolchain/bin/../lib/gcc/avr/4.7.2/../../../../avr/lib/avrxmega2\libc.a(ltoa.o)
                              src/src-mylib2-xmega32a4u/awt.o (ltoa)
[...]
Memory Configuration

Name             Origin             Length             Attributes
text             0x00000000         0x00100000         xr
data             0x00802000         0x0000ffa0         rw !x
eeprom           0x00810000         0x00010000         rw !x
fuse             0x00820000         0x00000400         rw !x
lock             0x00830000         0x00000400         rw !x
signature        0x00840000         0x00000400         rw !x
user_signatures  0x00850000         0x00000400         rw !x
*default*        0x00000000         0xffffffff

Linker script and memory map

LOAD c:/program files (x86)/atmel/atmel toolchain/avr8 gcc/native/3.4.2.1002/avr8-gnu-toolchain/bin/../lib/gcc/avr/4.7.2/../../../../avr/lib/avrxmega2/crtx32a4u.o
LOAD src/src-mylib2-xmega32a4u/awt.o
LOAD src/src-mylib2-xmega32a4u/crc.o
LOAD src/src-mylib2-xmega32a4u/ds18b20.o
LOAD src/src-mylib2-xmega32a4u/epoch.o
LOAD src/src-mylib2-xmega32a4u/owire.o
LOAD src/src-mylib2-xmega32a4u/ram_hex.o
LOAD src/src-mylib2-xmega32a4u/uartc1.o
LOAD src/src-mylib2-xmega32a4u/uarte0.o
LOAD src/src-mylib2-xmega32a4u/uart_debug.o
LOAD src/src-mylib2-xmega32a4u/uart_modem.o
LOAD src/ASF/common/boards/user_board/init.o
LOAD src/ASF/common/services/clock/xmega/sysclk.o
LOAD src/ASF/common/services/ioport/xmega/ioport_compat.o
LOAD src/ASF/common/services/sleepmgr/xmega/sleepmgr.o
LOAD src/ASF/xmega/drivers/cpu/ccp.o
LOAD src/ASF/xmega/drivers/nvm/nvm.o
LOAD src/ASF/xmega/drivers/nvm/nvm_asm.o
LOAD src/ASF/xmega/drivers/rtc/rtc.o
LOAD src/ASF/xmega/drivers/tc/tc.o
LOAD src/ASF/xmega/drivers/twi/twim.o
LOAD src/ASF/xmega/drivers/twi/twis.o
LOAD src/ASF/xmega/drivers/usart/usart.o
LOAD src/ASF/xmega/drivers/wdt/wdt.o
LOAD src/ASF/xmega/services/timeout/timeout.o
LOAD src/main.o
START GROUP
END GROUP
LOAD c:/program files (x86)/atmel/atmel toolchain/avr8 gcc/native/3.4.2.1002/avr8-gnu-toolchain/bin/../lib/gcc/avr/4.7.2/avrxmega2\libgcc.a
LOAD c:/program files (x86)/atmel/atmel toolchain/avr8 gcc/native/3.4.2.1002/avr8-gnu-toolchain/bin/../lib/gcc/avr/4.7.2/../../../../avr/lib/avrxmega2\libc.a
LOAD c:/program files (x86)/atmel/atmel toolchain/avr8 gcc/native/3.4.2.1002/avr8-gnu-toolchain/bin/../lib/gcc/avr/4.7.2/avrxmega2\libgcc.a

.hash
 *(.hash)

.dynsym
 *(.dynsym)

.dynstr
 *(.dynstr)

.gnu.version
 *(.gnu.version)

.gnu.version_d
 *(.gnu.version_d)

.gnu.version_r
 *(.gnu.version_r)

.rel.init
 *(.rel.init)

.rela.init
 *(.rela.init)

.rel.text
 *(.rel.text)
 *(.rel.text.*)
 *(.rel.gnu.linkonce.t*)

.rela.text
 *(.rela.text)
 *(.rela.text.*)
 *(.rela.gnu.linkonce.t*)

.rel.fini
 *(.rel.fini)

.rela.fini
 *(.rela.fini)

.rel.rodata
 *(.rel.rodata)
 *(.rel.rodata.*)
 *(.rel.gnu.linkonce.r*)

.rela.rodata
 *(.rela.rodata)
 *(.rela.rodata.*)
 *(.rela.gnu.linkonce.r*)

.rel.data
 *(.rel.data)
 *(.rel.data.*)
 *(.rel.gnu.linkonce.d*)

.rela.data
 *(.rela.data)
 *(.rela.data.*)
 *(.rela.gnu.linkonce.d*)

.rel.ctors
 *(.rel.ctors)

.rela.ctors
 *(.rela.ctors)

.rel.dtors
 *(.rel.dtors)

.rela.dtors
 *(.rela.dtors)

.rel.got
 *(.rel.got)

.rela.got
 *(.rela.got)

.rel.bss
 *(.rel.bss)

.rela.bss
 *(.rela.bss)

.rel.plt
 *(.rel.plt)

.rela.plt
 *(.rela.plt)

.text           0x00000000     0x2004
 *(.vectors)
 .vectors       0x00000000      0x1fc c:/program files (x86)/atmel/atmel toolchain/avr8 gcc/native/3.4.2.1002/avr8-gnu-toolchain/bin/../lib/gcc/avr/4.7.2/../../../../avr/lib/avrxmega2/crtx32a4u.o
                0x00000000                __vector_default
                0x00000000                __vectors
 *(.vectors)
 *(.progmem.gcc*)
 *(.progmem*)
                0x000001fc                . = ALIGN (0x2)
                0x000001fc                __trampolines_start = .
 *(.trampolines)
 .trampolines   0x000001fc        0x0 linker stubs
 *(.trampolines*)
                0x000001fc                __trampolines_end = .
 *(.jumptables)
 *(.jumptables*)
 *(.lowtext)
 *(.lowtext*)
                0x000001fc                __ctors_start = .
 *(.ctors)
                0x000001fc                __ctors_end = .
                0x000001fc                __dtors_start = .
 *(.dtors)
                0x000001fc                __dtors_end = .
 SORT(*)(.ctors)
 SORT(*)(.dtors)
 *(.init0)
 .init0         0x000001fc        0x0 c:/program files (x86)/atmel/atmel toolchain/avr8 gcc/native/3.4.2.1002/avr8-gnu-toolchain/bin/../lib/gcc/avr/4.7.2/../../../../avr/lib/avrxmega2/crtx32a4u.o
                0x000001fc                __init
 *(.init0)
 *(.init1)
 *(.init1)
 *(.init2)
 .init2         0x000001fc        0xc c:/program files (x86)/atmel/atmel toolchain/avr8 gcc/native/3.4.2.1002/avr8-gnu-toolchain/bin/../lib/gcc/avr/4.7.2/../../../../avr/lib/avrxmega2/crtx32a4u.o
 *(.init2)
 *(.init3)
 *(.init3)
 *(.init4)
 .init4         0x00000208       0x16 c:/program files (x86)/atmel/atmel toolchain/avr8 gcc/native/3.4.2.1002/avr8-gnu-toolchain/bin/../lib/gcc/avr/4.7.2/avrxmega2\libgcc.a(_copy_data.o)
                0x00000208                __do_copy_data
 .init4         0x0000021e       0x10 c:/program files (x86)/atmel/atmel toolchain/avr8 gcc/native/3.4.2.1002/avr8-gnu-toolchain/bin/../lib/gcc/avr/4.7.2/avrxmega2\libgcc.a(_clear_bss.o)
                0x0000021e                __do_clear_bss
 *(.init4)
 *(.init5)
 *(.init5)
 *(.init6)
 *(.init6)
 *(.init7)
 *(.init7)
 *(.init8)
 *(.init8)
 *(.init9)
 .init9         0x0000022e        0x8 c:/program files (x86)/atmel/atmel toolchain/avr8 gcc/native/3.4.2.1002/avr8-gnu-toolchain/bin/../lib/gcc/avr/4.7.2/../../../../avr/lib/avrxmega2/crtx32a4u.o
 *(.init9)
 *(.text)
 .text          0x00000236        0x2 c:/program files (x86)/atmel/atmel toolchain/avr8 gcc/native/3.4.2.1002/avr8-gnu-toolchain/bin/../lib/gcc/avr/4.7.2/../../../../avr/lib/avrxmega2/crtx32a4u.o
                0x00000236                __vector_38
                0x00000236                __vector_104
                0x00000236                __vector_63
                0x00000236                __vector_67
                0x00000236                __vector_1
                0x00000236                __vector_119
                0x00000236                __vector_32
                0x00000236                __vector_75
                0x00000236                __vector_71
                0x00000236                __vector_91
                0x00000236                __vector_62
                0x00000236                __vector_102
                0x00000236                __vector_24
                0x00000236                __vector_12
                0x00000236                __vector_55
                0x00000236                __vector_69
                0x00000236                __vector_90
                0x00000236                __bad_interrupt
                0x00000236                __vector_122
                0x00000236                __vector_72
                0x00000236                __vector_114
                0x00000236                __vector_6
                0x00000236                __vector_110
                0x00000236                __vector_31
                0x00000236                __vector_92
                0x00000236                __vector_35
                0x00000236                __vector_74
                0x00000236                __vector_117
                0x00000236                __vector_39
                0x00000236                __vector_107
                0x00000236                __vector_3
                0x00000236                __vector_105
                0x00000236                __vector_98
                0x00000236                __vector_68
                0x00000236                __vector_73
                0x00000236                __vector_45
                0x00000236                __vector_25
                0x00000236                __vector_93
                0x00000236                __vector_61
                0x00000236                __vector_54
                0x00000236                __vector_99
                0x00000236                __vector_56
                0x00000236                __vector_7
                0x00000236                __vector_125
                0x00000236                __vector_123
                0x00000236                __vector_41
                0x00000236                __vector_100
                0x00000236                __vector_101
                0x00000236                __vector_88
                0x00000236                __vector_109
                0x00000236                __vector_43
                0x00000236                __vector_27
                0x00000236                __vector_5
                0x00000236                __vector_113
                0x00000236                __vector_33
                0x00000236                __vector_76
                0x00000236                __vector_115
                0x00000236                __vector_37
                0x00000236                __vector_95
                0x00000236                __vector_103
                0x00000236                __vector_96
                0x00000236                __vector_89
                0x00000236                __vector_108
                0x00000236                __vector_4
                0x00000236                __vector_44
                0x00000236                __vector_106
                0x00000236                __vector_118
                0x00000236                __vector_9
                0x00000236                __vector_36
                0x00000236                __vector_70
                0x00000236                __vector_121
                0x00000236                __vector_40
                0x00000236                __vector_94
                0x00000236                __vector_126
                0x00000236                __vector_8
                0x00000236                __vector_26
                0x00000236                __vector_124
                0x00000236                __vector_116
                0x00000236                __vector_112
                0x00000236                __vector_111
                0x00000236                __vector_57
                0x00000236                __vector_53
                0x00000236                __vector_97
                0x00000236                __vector_42
                0x00000236                __vector_87
                0x00000236                __vector_65
                0x00000236                __vector_120
                0x00000238                . = ALIGN (0x2)
 *(.text.*)
 .text.crc8_update
                0x00000238       0x18 src/src-mylib2-xmega32a4u/crc.o
                0x00000238                crc8_update
 .text.crc8_compute
                0x00000250       0x26 src/src-mylib2-xmega32a4u/crc.o
                0x00000250                crc8_compute
 .text.__vector_28
                0x00000276       0x54 src/src-mylib2-xmega32a4u/uartc1.o
                0x00000276                __vector_28
 .text.__vector_30
                0x000002ca       0x14 src/src-mylib2-xmega32a4u/uartc1.o
                0x000002ca                __vector_30
 .text.__vector_29
                0x000002de       0x60 src/src-mylib2-xmega32a4u/uartc1.o
                0x000002de                __vector_29
 .text._uartc1_enable_interrupt
                0x0000033e       0x12 src/src-mylib2-xmega32a4u/uartc1.o
                0x0000033e                _uartc1_enable_interrupt
 .text._uartc1_init
                0x00000350       0x62 src/src-mylib2-xmega32a4u/uartc1.o
                0x00000350                _uartc1_init
 .text._uartc1_putc
                0x000003b2       0x70 src/src-mylib2-xmega32a4u/uartc1.o
                0x000003b2                _uartc1_putc
 .text.__vector_58
                0x00000422       0x54 src/src-mylib2-xmega32a4u/uarte0.o
                0x00000422                __vector_58
 .text.__vector_60
                0x00000476       0x14 src/src-mylib2-xmega32a4u/uarte0.o
                0x00000476                __vector_60
 .text.__vector_59
                0x0000048a       0x5e src/src-mylib2-xmega32a4u/uarte0.o
                0x0000048a                __vector_59
 .text._uarte0_enable_interrupt
                0x000004e8       0x12 src/src-mylib2-xmega32a4u/uarte0.o
                0x000004e8                _uarte0_enable_interrupt
 .text._uarte0_init
                0x000004fa       0x62 src/src-mylib2-xmega32a4u/uarte0.o
                0x000004fa                _uarte0_init
 .text._uarte0_getc
                0x0000055c       0x30 src/src-mylib2-xmega32a4u/uarte0.o
                0x0000055c                _uarte0_getc
 .text._uarte0_byte_available
                0x0000058c       0x12 src/src-mylib2-xmega32a4u/uarte0.o
                0x0000058c                _uarte0_byte_available
 .text._uarte0_putc
                0x0000059e       0x6e src/src-mylib2-xmega32a4u/uarte0.o
                0x0000059e                _uarte0_putc
 .text.DEBUG_puts
                0x0000060c       0x1c src/src-mylib2-xmega32a4u/uart_debug.o
                0x0000060c                DEBUG_puts
 .text.DEBUG_putcrlf
                0x00000628        0xc src/src-mylib2-xmega32a4u/uart_debug.o
                0x00000628                DEBUG_putcrlf
 .text.MODEM_get_byte
                0x00000634        0x4 src/src-mylib2-xmega32a4u/uart_modem.o
                0x00000634                MODEM_get_byte
 .text.MODEM_raw_putb
                0x00000638        0xe src/src-mylib2-xmega32a4u/uart_modem.o
                0x00000638                MODEM_raw_putb
 .text.MODEM_raw_puts
                0x00000646       0x1c src/src-mylib2-xmega32a4u/uart_modem.o
                0x00000646                MODEM_raw_puts
 .text.board_init
                0x00000662       0xcc src/ASF/common/boards/user_board/init.o
                0x00000662                board_init
 .text.sysclk_init
                0x0000072e       0xa4 src/ASF/common/services/clock/xmega/sysclk.o
                0x0000072e                sysclk_init
 .text.sysclk_enable_module
                0x000007d2       0x16 src/ASF/common/services/clock/xmega/sysclk.o
                0x000007d2                sysclk_enable_module
 .text.ioport_configure_port_pin
                0x000007e8       0x50 src/ASF/common/services/ioport/xmega/ioport_compat.o
                0x000007e8                ioport_configure_port_pin
 .text.ccp_write_io
                0x00000838        0xc src/ASF/xmega/drivers/cpu/ccp.o
                0x00000838                ccp_write_io
 .text.nvm_eeprom_flush_buffer
                0x00000844       0x22 src/ASF/xmega/drivers/nvm/nvm.o
                0x00000844                nvm_eeprom_flush_buffer
 .text.nvm_eeprom_load_byte_to_buffer
                0x00000866       0x24 src/ASF/xmega/drivers/nvm/nvm.o
                0x00000866                nvm_eeprom_load_byte_to_buffer
 .text.nvm_eeprom_write_byte
                0x0000088a       0x4c src/ASF/xmega/drivers/nvm/nvm.o
                0x0000088a                nvm_eeprom_write_byte
 .text.nvm_eeprom_load_page_to_buffer
                0x000008d6       0x3e src/ASF/xmega/drivers/nvm/nvm.o
                0x000008d6                nvm_eeprom_load_page_to_buffer
 .text.nvm_eeprom_atomic_write_page
                0x00000914       0x3a src/ASF/xmega/drivers/nvm/nvm.o
                0x00000914                nvm_eeprom_atomic_write_page
 .text.nvm_eeprom_erase_and_write_buffer
                0x0000094e       0x82 src/ASF/xmega/drivers/nvm/nvm.o
                0x0000094e                nvm_eeprom_erase_and_write_buffer
 .text.rtc_set_time
                0x000009d0       0x24 src/ASF/xmega/drivers/rtc/rtc.o
                0x000009d0                rtc_set_time
 .text.rtc_get_time
                0x000009f4       0x56 src/ASF/xmega/drivers/rtc/rtc.o
                0x000009f4                rtc_get_time
 .text.rtc_set_alarm
                0x00000a4a       0x30 src/ASF/xmega/drivers/rtc/rtc.o
                0x00000a4a                rtc_set_alarm
 .text.rtc_set_callback
                0x00000a7a        0xa src/ASF/xmega/drivers/rtc/rtc.o
                0x00000a7a                rtc_set_callback
 .text.rtc_init
                0x00000a84       0x32 src/ASF/xmega/drivers/rtc/rtc.o
                0x00000a84                rtc_init
 .text.__vector_10
                0x00000ab6       0x32 src/ASF/xmega/drivers/rtc/rtc.o
                0x00000ab6                __vector_10
 .text.__vector_11
                0x00000ae8       0xee src/ASF/xmega/drivers/rtc/rtc.o
                0x00000ae8                __vector_11
 .text.__vector_14
                0x00000bd6       0x52 src/ASF/xmega/drivers/tc/tc.o
                0x00000bd6                __vector_14
 .text.__vector_15
                0x00000c28       0x52 src/ASF/xmega/drivers/tc/tc.o
                0x00000c28                __vector_15
 .text.__vector_16
                0x00000c7a       0x52 src/ASF/xmega/drivers/tc/tc.o
                0x00000c7a                __vector_16
 .text.__vector_17
                0x00000ccc       0x52 src/ASF/xmega/drivers/tc/tc.o
                0x00000ccc                __vector_17
 .text.__vector_18
                0x00000d1e       0x52 src/ASF/xmega/drivers/tc/tc.o
                0x00000d1e                __vector_18
 .text.__vector_19
                0x00000d70       0x52 src/ASF/xmega/drivers/tc/tc.o
                0x00000d70                __vector_19
 .text.__vector_20
                0x00000dc2       0x52 src/ASF/xmega/drivers/tc/tc.o
                0x00000dc2                __vector_20
 .text.__vector_21
                0x00000e14       0x52 src/ASF/xmega/drivers/tc/tc.o
                0x00000e14                __vector_21
 .text.__vector_22
                0x00000e66       0x52 src/ASF/xmega/drivers/tc/tc.o
                0x00000e66                __vector_22
 .text.__vector_23
                0x00000eb8       0x52 src/ASF/xmega/drivers/tc/tc.o
                0x00000eb8                __vector_23
 .text.__vector_77
                0x00000f0a       0x52 src/ASF/xmega/drivers/tc/tc.o
                0x00000f0a                __vector_77
 .text.__vector_78
                0x00000f5c       0x52 src/ASF/xmega/drivers/tc/tc.o
                0x00000f5c                __vector_78
 .text.__vector_79
                0x00000fae       0x52 src/ASF/xmega/drivers/tc/tc.o
                0x00000fae                __vector_79
 .text.__vector_80
                0x00001000       0x52 src/ASF/xmega/drivers/tc/tc.o
                0x00001000                __vector_80
 .text.__vector_81
                0x00001052       0x52 src/ASF/xmega/drivers/tc/tc.o
                0x00001052                __vector_81
 .text.__vector_82
                0x000010a4       0x52 src/ASF/xmega/drivers/tc/tc.o
                0x000010a4                __vector_82
 .text.__vector_83
                0x000010f6       0x52 src/ASF/xmega/drivers/tc/tc.o
                0x000010f6                __vector_83
 .text.__vector_84
                0x00001148       0x52 src/ASF/xmega/drivers/tc/tc.o
                0x00001148                __vector_84
 .text.__vector_85
                0x0000119a       0x52 src/ASF/xmega/drivers/tc/tc.o
                0x0000119a                __vector_85
 .text.__vector_86
                0x000011ec       0x52 src/ASF/xmega/drivers/tc/tc.o
                0x000011ec                __vector_86
 .text.__vector_47
                0x0000123e       0x52 src/ASF/xmega/drivers/tc/tc.o
                0x0000123e                __vector_47
 .text.__vector_48
                0x00001290       0x52 src/ASF/xmega/drivers/tc/tc.o
                0x00001290                __vector_48
 .text.__vector_49
                0x000012e2       0x52 src/ASF/xmega/drivers/tc/tc.o
                0x000012e2                __vector_49
 .text.__vector_50
                0x00001334       0x52 src/ASF/xmega/drivers/tc/tc.o
                0x00001334                __vector_50
 .text.__vector_51
                0x00001386       0x52 src/ASF/xmega/drivers/tc/tc.o
                0x00001386                __vector_51
 .text.__vector_52
                0x000013d8       0x52 src/ASF/xmega/drivers/tc/tc.o
                0x000013d8                __vector_52
 .text.twim_interrupt_handler
                0x0000142a      0x14a src/ASF/xmega/drivers/twi/twim.o
 .text.__vector_13
                0x00001574       0x46 src/ASF/xmega/drivers/twi/twim.o
                0x00001574                __vector_13
 .text.__vector_46
                0x000015ba       0x46 src/ASF/xmega/drivers/twi/twim.o
                0x000015ba                __vector_46
 .text.usart_set_baudrate
                0x00001600      0x21c src/ASF/xmega/drivers/usart/usart.o
                0x00001600                usart_set_baudrate
 .text.usart_init_rs232
                0x0000181c      0x238 src/ASF/xmega/drivers/usart/usart.o
                0x0000181c                usart_init_rs232
 .text.tick_handler
                0x00001a54       0x8e src/ASF/xmega/services/timeout/timeout.o
 .text.timeout_init
                0x00001ae2       0x22 src/ASF/xmega/services/timeout/timeout.o
                0x00001ae2                timeout_init
 .text.timeout_start_offset
                0x00001b04       0x4c src/ASF/xmega/services/timeout/timeout.o
                0x00001b04                timeout_start_offset
 .text.timeout_start_singleshot
                0x00001b50        0x8 src/ASF/xmega/services/timeout/timeout.o
                0x00001b50                timeout_start_singleshot
 .text.timeout_test_and_clear_expired
                0x00001b58       0x4a src/ASF/xmega/services/timeout/timeout.o
                0x00001b58                timeout_test_and_clear_expired
 .text.timeout_stop
                0x00001ba2       0x26 src/ASF/xmega/services/timeout/timeout.o
                0x00001ba2                timeout_stop
 .text.get_current_pulse_counter
                0x00001bc8        0xe src/main.o
 .text.get_midnight_pulse_counter
                0x00001bd6        0xe src/main.o
 .text.reset_avr
                0x00001be4       0x7c src/main.o
                0x00001be4                reset_avr
 .text.__vector_64
                0x00001c60       0x28 src/main.o
                0x00001c60                __vector_64
 .text.__vector_2
                0x00001c88       0x28 src/main.o
                0x00001c88                __vector_2
 .text.__vector_34
                0x00001cb0       0x28 src/main.o
                0x00001cb0                __vector_34
 .text.__vector_66
                0x00001cd8       0x28 src/main.o
                0x00001cd8                __vector_66
 .text.get_unsolicited_commands
                0x00001d00       0x56 src/main.o
                0x00001d00                get_unsolicited_commands
 .text.clear_temp_string
                0x00001d56       0x14 src/main.o
                0x00001d56                clear_temp_string
 .text.ack_job  0x00001d6a       0x48 src/main.o
                0x00001d6a                ack_job
 .text.decode   0x00001db2       0x4c src/main.o
                0x00001db2                decode
 .text.main     0x00001dfe      0x154 src/main.o
                0x00001dfe                main
 .text.libgcc.div
                0x00001f52       0x44 c:/program files (x86)/atmel/atmel toolchain/avr8 gcc/native/3.4.2.1002/avr8-gnu-toolchain/bin/../lib/gcc/avr/4.7.2/avrxmega2\libgcc.a(_udivmodsi4.o)
                0x00001f52                __udivmodsi4
 .text.avr-libc
                0x00001f96        0x6 c:/program files (x86)/atmel/atmel toolchain/avr8 gcc/native/3.4.2.1002/avr8-gnu-toolchain/bin/../lib/gcc/avr/4.7.2/../../../../avr/lib/avrxmega2\libc.a(strtok.o)
                0x00001f96                strtok
 .text.avr-libc
                0x00001f9c       0x16 c:/program files (x86)/atmel/atmel toolchain/avr8 gcc/native/3.4.2.1002/avr8-gnu-toolchain/bin/../lib/gcc/avr/4.7.2/../../../../avr/lib/avrxmega2\libc.a(strcat.o)
                0x00001f9c                strcat
 .text.avr-libc
                0x00001fb2       0x4e c:/program files (x86)/atmel/atmel toolchain/avr8 gcc/native/3.4.2.1002/avr8-gnu-toolchain/bin/../lib/gcc/avr/4.7.2/../../../../avr/lib/avrxmega2\libc.a(strtok_r.o)
                0x00001fb2                strtok_r
                0x00002000                . = ALIGN (0x2)
 *(.fini9)
 .fini9         0x00002000        0x0 c:/program files (x86)/atmel/atmel toolchain/avr8 gcc/native/3.4.2.1002/avr8-gnu-toolchain/bin/../lib/gcc/avr/4.7.2/avrxmega2\libgcc.a(_exit.o)
                0x00002000                _exit
                0x00002000                exit
 *(.fini9)
 *(.fini8)
 *(.fini8)
 *(.fini7)
 *(.fini7)
 *(.fini6)
 *(.fini6)
 *(.fini5)
 *(.fini5)
 *(.fini4)
 *(.fini4)
 *(.fini3)
 *(.fini3)
 *(.fini2)
 *(.fini2)
 *(.fini1)
 *(.fini1)
 *(.fini0)
 .fini0         0x00002000        0x4 c:/program files (x86)/atmel/atmel toolchain/avr8 gcc/native/3.4.2.1002/avr8-gnu-toolchain/bin/../lib/gcc/avr/4.7.2/avrxmega2\libgcc.a(_exit.o)
 *(.fini0)
                0x00002004                _etext = .

.data           0x00802000       0x7c load address 0x00002004
                0x00802000                PROVIDE (__data_start, .)
 *(.data)
 .data          0x00802000        0x0 c:/program files (x86)/atmel/atmel toolchain/avr8 gcc/native/3.4.2.1002/avr8-gnu-toolchain/bin/../lib/gcc/avr/4.7.2/../../../../avr/lib/avrxmega2/crtx32a4u.o
 .data          0x00802000        0x0 src/src-mylib2-xmega32a4u/awt.o
 .data          0x00802000        0x0 src/src-mylib2-xmega32a4u/crc.o
 .data          0x00802000        0x0 src/src-mylib2-xmega32a4u/ds18b20.o
 .data          0x00802000        0x0 src/src-mylib2-xmega32a4u/epoch.o
 .data          0x00802000        0x0 src/src-mylib2-xmega32a4u/owire.o
 .data          0x00802000        0x0 src/src-mylib2-xmega32a4u/ram_hex.o
 .data          0x00802000        0x0 src/src-mylib2-xmega32a4u/uartc1.o
 .data          0x00802000        0x0 src/src-mylib2-xmega32a4u/uarte0.o
 .data          0x00802000        0x0 src/src-mylib2-xmega32a4u/uart_debug.o
 .data          0x00802000        0x0 src/src-mylib2-xmega32a4u/uart_modem.o
 .data          0x00802000        0x0 src/ASF/common/boards/user_board/init.o
 .data          0x00802000        0x0 src/ASF/common/services/clock/xmega/sysclk.o
 .data          0x00802000        0x0 src/ASF/common/services/ioport/xmega/ioport_compat.o
 .data          0x00802000        0x0 src/ASF/common/services/sleepmgr/xmega/sleepmgr.o
 .data          0x00802000        0x0 src/ASF/xmega/drivers/cpu/ccp.o
 .data          0x00802000        0x0 src/ASF/xmega/drivers/nvm/nvm.o
 .data          0x00802000        0x0 src/ASF/xmega/drivers/nvm/nvm_asm.o
 .data          0x00802000        0x0 src/ASF/xmega/drivers/rtc/rtc.o
 .data          0x00802000        0x0 src/ASF/xmega/drivers/tc/tc.o
 .data          0x00802000        0x0 src/ASF/xmega/drivers/twi/twim.o
 .data          0x00802000        0x0 src/ASF/xmega/drivers/twi/twis.o
 .data          0x00802000        0x0 src/ASF/xmega/drivers/usart/usart.o
 .data          0x00802000        0x0 src/ASF/xmega/drivers/wdt/wdt.o
 .data          0x00802000        0x0 src/ASF/xmega/services/timeout/timeout.o
 .data          0x00802000        0x0 src/main.o
 .data          0x00802000        0x0 c:/program files (x86)/atmel/atmel toolchain/avr8 gcc/native/3.4.2.1002/avr8-gnu-toolchain/bin/../lib/gcc/avr/4.7.2/avrxmega2\libgcc.a(_divmodhi4.o)
 .data          0x00802000        0x0 c:/program files (x86)/atmel/atmel toolchain/avr8 gcc/native/3.4.2.1002/avr8-gnu-toolchain/bin/../lib/gcc/avr/4.7.2/avrxmega2\libgcc.a(_udivmodsi4.o)
 .data          0x00802000        0x0 c:/program files (x86)/atmel/atmel toolchain/avr8 gcc/native/3.4.2.1002/avr8-gnu-toolchain/bin/../lib/gcc/avr/4.7.2/avrxmega2\libgcc.a(_exit.o)
 .data          0x00802000        0x0 c:/program files (x86)/atmel/atmel toolchain/avr8 gcc/native/3.4.2.1002/avr8-gnu-toolchain/bin/../lib/gcc/avr/4.7.2/avrxmega2\libgcc.a(_copy_data.o)
 .data          0x00802000        0x0 c:/program files (x86)/atmel/atmel toolchain/avr8 gcc/native/3.4.2.1002/avr8-gnu-toolchain/bin/../lib/gcc/avr/4.7.2/avrxmega2\libgcc.a(_clear_bss.o)
 .data          0x00802000        0x0 c:/program files (x86)/atmel/atmel toolchain/avr8 gcc/native/3.4.2.1002/avr8-gnu-toolchain/bin/../lib/gcc/avr/4.7.2/avrxmega2\libgcc.a(_umulhisi3.o)
 .data          0x00802000        0x0 c:/program files (x86)/atmel/atmel toolchain/avr8 gcc/native/3.4.2.1002/avr8-gnu-toolchain/bin/../lib/gcc/avr/4.7.2/avrxmega2\libgcc.a(_udivmodhi4.o)
 .data          0x00802000        0x0 c:/program files (x86)/atmel/atmel toolchain/avr8 gcc/native/3.4.2.1002/avr8-gnu-toolchain/bin/../lib/gcc/avr/4.7.2/../../../../avr/lib/avrxmega2\libc.a(strtoul.o)
 .data          0x00802000        0x0 c:/program files (x86)/atmel/atmel toolchain/avr8 gcc/native/3.4.2.1002/avr8-gnu-toolchain/bin/../lib/gcc/avr/4.7.2/../../../../avr/lib/avrxmega2\libc.a(atol.o)
 .data          0x00802000        0x0 c:/program files (x86)/atmel/atmel toolchain/avr8 gcc/native/3.4.2.1002/avr8-gnu-toolchain/bin/../lib/gcc/avr/4.7.2/../../../../avr/lib/avrxmega2\libc.a(isspace.o)
 .data          0x00802000        0x0 c:/program files (x86)/atmel/atmel toolchain/avr8 gcc/native/3.4.2.1002/avr8-gnu-toolchain/bin/../lib/gcc/avr/4.7.2/../../../../avr/lib/avrxmega2\libc.a(strtok.o)
 .data          0x00802000        0x0 c:/program files (x86)/atmel/atmel toolchain/avr8 gcc/native/3.4.2.1002/avr8-gnu-toolchain/bin/../lib/gcc/avr/4.7.2/../../../../avr/lib/avrxmega2\libc.a(memcpy.o)
 .data          0x00802000        0x0 c:/program files (x86)/atmel/atmel toolchain/avr8 gcc/native/3.4.2.1002/avr8-gnu-toolchain/bin/../lib/gcc/avr/4.7.2/../../../../avr/lib/avrxmega2\libc.a(strcat.o)
 .data          0x00802000        0x0 c:/program files (x86)/atmel/atmel toolchain/avr8 gcc/native/3.4.2.1002/avr8-gnu-toolchain/bin/../lib/gcc/avr/4.7.2/../../../../avr/lib/avrxmega2\libc.a(strcmp.o)
 .data          0x00802000        0x0 c:/program files (x86)/atmel/atmel toolchain/avr8 gcc/native/3.4.2.1002/avr8-gnu-toolchain/bin/../lib/gcc/avr/4.7.2/../../../../avr/lib/avrxmega2\libc.a(strncmp.o)
 .data          0x00802000        0x0 c:/program files (x86)/atmel/atmel toolchain/avr8 gcc/native/3.4.2.1002/avr8-gnu-toolchain/bin/../lib/gcc/avr/4.7.2/../../../../avr/lib/avrxmega2\libc.a(strncpy.o)
 .data          0x00802000        0x0 c:/program files (x86)/atmel/atmel toolchain/avr8 gcc/native/3.4.2.1002/avr8-gnu-toolchain/bin/../lib/gcc/avr/4.7.2/../../../../avr/lib/avrxmega2\libc.a(strtok_r.o)
 .data          0x00802000        0x0 c:/program files (x86)/atmel/atmel toolchain/avr8 gcc/native/3.4.2.1002/avr8-gnu-toolchain/bin/../lib/gcc/avr/4.7.2/../../../../avr/lib/avrxmega2\libc.a(itoa.o)
 .data          0x00802000        0x0 c:/program files (x86)/atmel/atmel toolchain/avr8 gcc/native/3.4.2.1002/avr8-gnu-toolchain/bin/../lib/gcc/avr/4.7.2/../../../../avr/lib/avrxmega2\libc.a(ltoa.o)
 .data          0x00802000        0x0 c:/program files (x86)/atmel/atmel toolchain/avr8 gcc/native/3.4.2.1002/avr8-gnu-toolchain/bin/../lib/gcc/avr/4.7.2/../../../../avr/lib/avrxmega2\libc.a(mulsi10.o)
 .data          0x00802000        0x0 c:/program files (x86)/atmel/atmel toolchain/avr8 gcc/native/3.4.2.1002/avr8-gnu-toolchain/bin/../lib/gcc/avr/4.7.2/../../../../avr/lib/avrxmega2\libc.a(ultoa.o)
 .data          0x00802000        0x0 c:/program files (x86)/atmel/atmel toolchain/avr8 gcc/native/3.4.2.1002/avr8-gnu-toolchain/bin/../lib/gcc/avr/4.7.2/../../../../avr/lib/avrxmega2\libc.a(utoa.o)
 .data          0x00802000        0x0 c:/program files (x86)/atmel/atmel toolchain/avr8 gcc/native/3.4.2.1002/avr8-gnu-toolchain/bin/../lib/gcc/avr/4.7.2/../../../../avr/lib/avrxmega2\libc.a(errno.o)
 .data          0x00802000        0x0 c:/program files (x86)/atmel/atmel toolchain/avr8 gcc/native/3.4.2.1002/avr8-gnu-toolchain/bin/../lib/gcc/avr/4.7.2/../../../../avr/lib/avrxmega2\libc.a(cty_isfalse.o)
 .data          0x00802000        0x0 c:/program files (x86)/atmel/atmel toolchain/avr8 gcc/native/3.4.2.1002/avr8-gnu-toolchain/bin/../lib/gcc/avr/4.7.2/../../../../avr/lib/avrxmega2\libc.a(strrev.o)
 .data          0x00802000        0x0 c:/program files (x86)/atmel/atmel toolchain/avr8 gcc/native/3.4.2.1002/avr8-gnu-toolchain/bin/../lib/gcc/avr/4.7.2/avrxmega2\libgcc.a(_mulsi3.o)
 .data          0x00802000        0x0 c:/program files (x86)/atmel/atmel toolchain/avr8 gcc/native/3.4.2.1002/avr8-gnu-toolchain/bin/../lib/gcc/avr/4.7.2/avrxmega2\libgcc.a(_muluhisi3.o)
 .data          0x00802000        0x0 c:/program files (x86)/atmel/atmel toolchain/avr8 gcc/native/3.4.2.1002/avr8-gnu-toolchain/bin/../lib/gcc/avr/4.7.2/avrxmega2\libgcc.a(_prologue.o)
 .data          0x00802000        0x0 c:/program files (x86)/atmel/atmel toolchain/avr8 gcc/native/3.4.2.1002/avr8-gnu-toolchain/bin/../lib/gcc/avr/4.7.2/avrxmega2\libgcc.a(_epilogue.o)
 *(.data*)
 *(.rodata)
 .rodata        0x00802000        0x9 src/src-mylib2-xmega32a4u/uartc1.o
 .rodata        0x00802009        0x9 src/src-mylib2-xmega32a4u/uarte0.o
 *(.rodata*)
 .rodata.str1.1
                0x00802012        0x3 src/src-mylib2-xmega32a4u/uart_debug.o
 .rodata.str1.1
                0x00802015       0x4b src/main.o
                                 0x4d (size before relaxing)
 .rodata.__FUNCTION__.6245
                0x00802060       0x1c src/main.o
 *(.gnu.linkonce.d*)
                0x0080207c                . = ALIGN (0x2)
                0x0080207c                _edata = .
                0x0080207c                PROVIDE (__data_end, .)

.bss            0x0080207c      0x20a
                0x0080207c                PROVIDE (__bss_start, .)
 *(.bss)
 .bss           0x0080207c        0x2 c:/program files (x86)/atmel/atmel toolchain/avr8 gcc/native/3.4.2.1002/avr8-gnu-toolchain/bin/../lib/gcc/avr/4.7.2/../../../../avr/lib/avrxmega2\libc.a(strtok.o)
 *(.bss*)
 .bss.buffer    0x0080207e       0x94 src/src-mylib2-xmega32a4u/uartc1.o
 .bss.buffer    0x00802112      0x104 src/src-mylib2-xmega32a4u/uarte0.o
 .bss.tc_tcc0_ovf_callback
                0x00802216        0x2 src/ASF/xmega/drivers/tc/tc.o
 .bss.tc_tcc0_err_callback
                0x00802218        0x2 src/ASF/xmega/drivers/tc/tc.o
 .bss.tc_tcc0_cca_callback
                0x0080221a        0x2 src/ASF/xmega/drivers/tc/tc.o
 .bss.tc_tcc0_ccb_callback
                0x0080221c        0x2 src/ASF/xmega/drivers/tc/tc.o
 .bss.tc_tcc0_ccc_callback
                0x0080221e        0x2 src/ASF/xmega/drivers/tc/tc.o
 .bss.tc_tcc0_ccd_callback
                0x00802220        0x2 src/ASF/xmega/drivers/tc/tc.o
 .bss.tc_tcc1_ovf_callback
                0x00802222        0x2 src/ASF/xmega/drivers/tc/tc.o
 .bss.tc_tcc1_err_callback
                0x00802224        0x2 src/ASF/xmega/drivers/tc/tc.o
 .bss.tc_tcc1_cca_callback
                0x00802226        0x2 src/ASF/xmega/drivers/tc/tc.o
 .bss.tc_tcc1_ccb_callback
                0x00802228        0x2 src/ASF/xmega/drivers/tc/tc.o
 .bss.tc_tcd0_ovf_callback
                0x0080222a        0x2 src/ASF/xmega/drivers/tc/tc.o
 .bss.tc_tcd0_err_callback
                0x0080222c        0x2 src/ASF/xmega/drivers/tc/tc.o
 .bss.tc_tcd0_cca_callback
                0x0080222e        0x2 src/ASF/xmega/drivers/tc/tc.o
 .bss.tc_tcd0_ccb_callback
                0x00802230        0x2 src/ASF/xmega/drivers/tc/tc.o
 .bss.tc_tcd0_ccc_callback
                0x00802232        0x2 src/ASF/xmega/drivers/tc/tc.o
 .bss.tc_tcd0_ccd_callback
                0x00802234        0x2 src/ASF/xmega/drivers/tc/tc.o
 .bss.tc_tcd1_ovf_callback
                0x00802236        0x2 src/ASF/xmega/drivers/tc/tc.o
 .bss.tc_tcd1_err_callback
                0x00802238        0x2 src/ASF/xmega/drivers/tc/tc.o
 .bss.tc_tcd1_cca_callback
                0x0080223a        0x2 src/ASF/xmega/drivers/tc/tc.o
 .bss.tc_tcd1_ccb_callback
                0x0080223c        0x2 src/ASF/xmega/drivers/tc/tc.o
 .bss.tc_tce0_ovf_callback
                0x0080223e        0x2 src/ASF/xmega/drivers/tc/tc.o
 .bss.tc_tce0_err_callback
                0x00802240        0x2 src/ASF/xmega/drivers/tc/tc.o
 .bss.tc_tce0_cca_callback
                0x00802242        0x2 src/ASF/xmega/drivers/tc/tc.o
 .bss.tc_tce0_ccb_callback
                0x00802244        0x2 src/ASF/xmega/drivers/tc/tc.o
 .bss.tc_tce0_ccc_callback
                0x00802246        0x2 src/ASF/xmega/drivers/tc/tc.o
 .bss.tc_tce0_ccd_callback
                0x00802248        0x2 src/ASF/xmega/drivers/tc/tc.o
 .bss.transfer  0x0080224a        0xc src/ASF/xmega/drivers/twi/twim.o
 .bss.timeout_active
                0x00802256        0x1 src/ASF/xmega/services/timeout/timeout.o
 .bss.timeout_array
                0x00802257       0x20 src/ASF/xmega/services/timeout/timeout.o
 .bss.timeout_expired
                0x00802277        0x1 src/ASF/xmega/services/timeout/timeout.o
 *(COMMON)
 COMMON         0x00802278        0x6 src/ASF/common/services/sleepmgr/xmega/sleepmgr.o
                0x00802278                sleepmgr_locks
 COMMON         0x0080227e        0x8 src/ASF/xmega/drivers/rtc/rtc.o
                0x0080227e                rtc_data
                0x00802286                PROVIDE (__bss_end, .)
                0x00002004                __data_load_start = LOADADDR (.data)
                0x00002080                __data_load_end = (__data_load_start + SIZEOF (.data))

.noinit         0x00802286        0x0
                0x00802286                PROVIDE (__noinit_start, .)
 *(.noinit*)
                0x00802286                PROVIDE (__noinit_end, .)
                0x00802286                _end = .
                0x00802286                PROVIDE (__heap_start, .)

.eeprom         0x00810000        0x0
 *(.eeprom*)
                0x00810000                __eeprom_end = .

.fuse
 *(.fuse)
 *(.lfuse)
 *(.hfuse)
 *(.efuse)

.lock
 *(.lock*)

.signature
 *(.signature*)

.user_signatures
 *(.user_signatures*)

.stab           0x00000000     0x105c
 *(.stab)
 .stab          0x00000000      0x6cc c:/program files (x86)/atmel/atmel toolchain/avr8 gcc/native/3.4.2.1002/avr8-gnu-toolchain/bin/../lib/gcc/avr/4.7.2/../../../../avr/lib/avrxmega2/crtx32a4u.o
 .stab          0x000006cc      0x1e0 c:/program files (x86)/atmel/atmel toolchain/avr8 gcc/native/3.4.2.1002/avr8-gnu-toolchain/bin/../lib/gcc/avr/4.7.2/../../../../avr/lib/avrxmega2\libc.a(atol.o)
                                0x1ec (size before relaxing)
 .stab          0x000008ac       0x18 c:/program files (x86)/atmel/atmel toolchain/avr8 gcc/native/3.4.2.1002/avr8-gnu-toolchain/bin/../lib/gcc/avr/4.7.2/../../../../avr/lib/avrxmega2\libc.a(isspace.o)
                                 0xa8 (size before relaxing)
 .stab          0x000008c4       0x84 c:/program files (x86)/atmel/atmel toolchain/avr8 gcc/native/3.4.2.1002/avr8-gnu-toolchain/bin/../lib/gcc/avr/4.7.2/../../../../avr/lib/avrxmega2\libc.a(memcpy.o)
                                 0x90 (size before relaxing)
 .stab          0x00000948       0x9c c:/program files (x86)/atmel/atmel toolchain/avr8 gcc/native/3.4.2.1002/avr8-gnu-toolchain/bin/../lib/gcc/avr/4.7.2/../../../../avr/lib/avrxmega2\libc.a(strcat.o)
                                 0xa8 (size before relaxing)
 .stab          0x000009e4       0x84 c:/program files (x86)/atmel/atmel toolchain/avr8 gcc/native/3.4.2.1002/avr8-gnu-toolchain/bin/../lib/gcc/avr/4.7.2/../../../../avr/lib/avrxmega2\libc.a(strcmp.o)
                                 0x90 (size before relaxing)
 .stab          0x00000a68       0xc0 c:/program files (x86)/atmel/atmel toolchain/avr8 gcc/native/3.4.2.1002/avr8-gnu-toolchain/bin/../lib/gcc/avr/4.7.2/../../../../avr/lib/avrxmega2\libc.a(strncmp.o)
                                 0xcc (size before relaxing)
 .stab          0x00000b28       0xcc c:/program files (x86)/atmel/atmel toolchain/avr8 gcc/native/3.4.2.1002/avr8-gnu-toolchain/bin/../lib/gcc/avr/4.7.2/../../../../avr/lib/avrxmega2\libc.a(strncpy.o)
                                 0xd8 (size before relaxing)
 .stab          0x00000bf4      0x204 c:/program files (x86)/atmel/atmel toolchain/avr8 gcc/native/3.4.2.1002/avr8-gnu-toolchain/bin/../lib/gcc/avr/4.7.2/../../../../avr/lib/avrxmega2\libc.a(strtok_r.o)
                                0x210 (size before relaxing)
 .stab          0x00000df8       0x18 c:/program files (x86)/atmel/atmel toolchain/avr8 gcc/native/3.4.2.1002/avr8-gnu-toolchain/bin/../lib/gcc/avr/4.7.2/../../../../avr/lib/avrxmega2\libc.a(itoa.o)
                                0x1bc (size before relaxing)
 .stab          0x00000e10       0x18 c:/program files (x86)/atmel/atmel toolchain/avr8 gcc/native/3.4.2.1002/avr8-gnu-toolchain/bin/../lib/gcc/avr/4.7.2/../../../../avr/lib/avrxmega2\libc.a(ltoa.o)
                                0x2a0 (size before relaxing)
 .stab          0x00000e28      0x114 c:/program files (x86)/atmel/atmel toolchain/avr8 gcc/native/3.4.2.1002/avr8-gnu-toolchain/bin/../lib/gcc/avr/4.7.2/../../../../avr/lib/avrxmega2\libc.a(mulsi10.o)
                                0x120 (size before relaxing)
 .stab          0x00000f3c       0x18 c:/program files (x86)/atmel/atmel toolchain/avr8 gcc/native/3.4.2.1002/avr8-gnu-toolchain/bin/../lib/gcc/avr/4.7.2/../../../../avr/lib/avrxmega2\libc.a(ultoa.o)
                                0x1ec (size before relaxing)
 .stab          0x00000f54       0x18 c:/program files (x86)/atmel/atmel toolchain/avr8 gcc/native/3.4.2.1002/avr8-gnu-toolchain/bin/../lib/gcc/avr/4.7.2/../../../../avr/lib/avrxmega2\libc.a(utoa.o)
                                0x138 (size before relaxing)
 .stab          0x00000f6c       0x18 c:/program files (x86)/atmel/atmel toolchain/avr8 gcc/native/3.4.2.1002/avr8-gnu-toolchain/bin/../lib/gcc/avr/4.7.2/../../../../avr/lib/avrxmega2\libc.a(cty_isfalse.o)
                                 0x6c (size before relaxing)
 .stab          0x00000f84       0xd8 c:/program files (x86)/atmel/atmel toolchain/avr8 gcc/native/3.4.2.1002/avr8-gnu-toolchain/bin/../lib/gcc/avr/4.7.2/../../../../avr/lib/avrxmega2\libc.a(strrev.o)
                                 0xe4 (size before relaxing)

.stabstr        0x00000000      0x72f
 *(.stabstr)
 .stabstr       0x00000000      0x72f c:/program files (x86)/atmel/atmel toolchain/avr8 gcc/native/3.4.2.1002/avr8-gnu-toolchain/bin/../lib/gcc/avr/4.7.2/../../../../avr/lib/avrxmega2/crtx32a4u.o

.stab.excl
 *(.stab.excl)

.stab.exclstr
 *(.stab.exclstr)

.stab.index
 *(.stab.index)

.stab.indexstr
 *(.stab.indexstr)

.comment        0x00000000       0x2f
 *(.comment)
 .comment       0x00000000       0x2f src/src-mylib2-xmega32a4u/awt.o
                                 0x30 (size before relaxing)
 .comment       0x00000000       0x30 src/src-mylib2-xmega32a4u/crc.o
 .comment       0x00000000       0x30 src/src-mylib2-xmega32a4u/ds18b20.o
 .comment       0x00000000       0x30 src/src-mylib2-xmega32a4u/epoch.o
 .comment       0x00000000       0x30 src/src-mylib2-xmega32a4u/owire.o
 .comment       0x00000000       0x30 src/src-mylib2-xmega32a4u/ram_hex.o
 .comment       0x00000000       0x30 src/src-mylib2-xmega32a4u/uartc1.o
 .comment       0x00000000       0x30 src/src-mylib2-xmega32a4u/uarte0.o
 .comment       0x00000000       0x30 src/src-mylib2-xmega32a4u/uart_debug.o
 .comment       0x00000000       0x30 src/src-mylib2-xmega32a4u/uart_modem.o
 .comment       0x00000000       0x30 src/ASF/common/boards/user_board/init.o
 .comment       0x00000000       0x30 src/ASF/common/services/clock/xmega/sysclk.o
 .comment       0x00000000       0x30 src/ASF/common/services/ioport/xmega/ioport_compat.o
 .comment       0x00000000       0x30 src/ASF/common/services/sleepmgr/xmega/sleepmgr.o
 .comment       0x00000000       0x30 src/ASF/xmega/drivers/nvm/nvm.o
 .comment       0x00000000       0x30 src/ASF/xmega/drivers/rtc/rtc.o
 .comment       0x00000000       0x30 src/ASF/xmega/drivers/tc/tc.o
 .comment       0x00000000       0x30 src/ASF/xmega/drivers/twi/twim.o
 .comment       0x00000000       0x30 src/ASF/xmega/drivers/twi/twis.o
 .comment       0x00000000       0x30 src/ASF/xmega/drivers/usart/usart.o
 .comment       0x00000000       0x30 src/ASF/xmega/drivers/wdt/wdt.o
 .comment       0x00000000       0x30 src/ASF/xmega/services/timeout/timeout.o
 .comment       0x00000000       0x30 src/main.o
 .comment       0x00000000       0x30 c:/program files (x86)/atmel/atmel toolchain/avr8 gcc/native/3.4.2.1002/avr8-gnu-toolchain/bin/../lib/gcc/avr/4.7.2/../../../../avr/lib/avrxmega2\libc.a(strtoul.o)
 .comment       0x00000000       0x30 c:/program files (x86)/atmel/atmel toolchain/avr8 gcc/native/3.4.2.1002/avr8-gnu-toolchain/bin/../lib/gcc/avr/4.7.2/../../../../avr/lib/avrxmega2\libc.a(strtok.o)
 .comment       0x00000000       0x30 c:/program files (x86)/atmel/atmel toolchain/avr8 gcc/native/3.4.2.1002/avr8-gnu-toolchain/bin/../lib/gcc/avr/4.7.2/../../../../avr/lib/avrxmega2\libc.a(errno.o)

.debug
 *(.debug)

.line
 *(.line)

.debug_srcinfo
 *(.debug_srcinfo)

.debug_sfnames
 *(.debug_sfnames)

.debug_aranges  0x00000000      0x858
 *(.debug_aranges)
 .debug_aranges
                0x00000000       0x80 src/src-mylib2-xmega32a4u/awt.o
 .debug_aranges
                0x00000080       0x38 src/src-mylib2-xmega32a4u/crc.o
 .debug_aranges
                0x000000b8       0x28 src/src-mylib2-xmega32a4u/ds18b20.o
 .debug_aranges
                0x000000e0       0x38 src/src-mylib2-xmega32a4u/epoch.o
 .debug_aranges
                0x00000118       0x60 src/src-mylib2-xmega32a4u/owire.o
 .debug_aranges
                0x00000178       0x18 src/src-mylib2-xmega32a4u/ram_hex.o
 .debug_aranges
                0x00000190       0x58 src/src-mylib2-xmega32a4u/uartc1.o
 .debug_aranges
                0x000001e8       0x58 src/src-mylib2-xmega32a4u/uarte0.o
 .debug_aranges
                0x00000240       0x58 src/src-mylib2-xmega32a4u/uart_debug.o
 .debug_aranges
                0x00000298       0x40 src/src-mylib2-xmega32a4u/uart_modem.o
 .debug_aranges
                0x000002d8       0x20 src/ASF/common/boards/user_board/init.o
 .debug_aranges
                0x000002f8       0x40 src/ASF/common/services/clock/xmega/sysclk.o
 .debug_aranges
                0x00000338       0x20 src/ASF/common/services/ioport/xmega/ioport_compat.o
 .debug_aranges
                0x00000358       0x18 src/ASF/common/services/sleepmgr/xmega/sleepmgr.o
 .debug_aranges
                0x00000370       0x20 src/ASF/xmega/drivers/cpu/ccp.o
 .debug_aranges
                0x00000390       0xc0 src/ASF/xmega/drivers/nvm/nvm.o
 .debug_aranges
                0x00000450       0x28 src/ASF/xmega/drivers/nvm/nvm_asm.o
 .debug_aranges
                0x00000478       0x58 src/ASF/xmega/drivers/rtc/rtc.o
 .debug_aranges
                0x000004d0      0x128 src/ASF/xmega/drivers/tc/tc.o
 .debug_aranges
                0x000005f8       0x40 src/ASF/xmega/drivers/twi/twim.o
 .debug_aranges
                0x00000638       0x60 src/ASF/xmega/drivers/twi/twis.o
 .debug_aranges
                0x00000698       0x50 src/ASF/xmega/drivers/usart/usart.o
 .debug_aranges
                0x000006e8       0x50 src/ASF/xmega/drivers/wdt/wdt.o
 .debug_aranges
                0x00000738       0x50 src/ASF/xmega/services/timeout/timeout.o
 .debug_aranges
                0x00000788       0x78 src/main.o
 .debug_aranges
                0x00000800       0x20 c:/program files (x86)/atmel/atmel toolchain/avr8 gcc/native/3.4.2.1002/avr8-gnu-toolchain/bin/../lib/gcc/avr/4.7.2/../../../../avr/lib/avrxmega2\libc.a(strtoul.o)
 .debug_aranges
                0x00000820       0x20 c:/program files (x86)/atmel/atmel toolchain/avr8 gcc/native/3.4.2.1002/avr8-gnu-toolchain/bin/../lib/gcc/avr/4.7.2/../../../../avr/lib/avrxmega2\libc.a(strtok.o)
 .debug_aranges
                0x00000840       0x18 c:/program files (x86)/atmel/atmel toolchain/avr8 gcc/native/3.4.2.1002/avr8-gnu-toolchain/bin/../lib/gcc/avr/4.7.2/../../../../avr/lib/avrxmega2\libc.a(errno.o)

.debug_pubnames
 *(.debug_pubnames)

.debug_info     0x00000000     0xfd24
 *(.debug_info)
 .debug_info    0x00000000     0x28c8 src/src-mylib2-xmega32a4u/awt.o
 .debug_info    0x000028c8      0x28f src/src-mylib2-xmega32a4u/crc.o
 .debug_info    0x00002b57      0x371 src/src-mylib2-xmega32a4u/ds18b20.o
 .debug_info    0x00002ec8      0x311 src/src-mylib2-xmega32a4u/epoch.o
 .debug_info    0x000031d9      0xead src/src-mylib2-xmega32a4u/owire.o
 .debug_info    0x00004086      0x146 src/src-mylib2-xmega32a4u/ram_hex.o
 .debug_info    0x000041cc      0x6f9 src/src-mylib2-xmega32a4u/uartc1.o
 .debug_info    0x000048c5      0x6eb src/src-mylib2-xmega32a4u/uarte0.o
 .debug_info    0x00004fb0      0x50d src/src-mylib2-xmega32a4u/uart_debug.o
 .debug_info    0x000054bd      0x2f9 src/src-mylib2-xmega32a4u/uart_modem.o
 .debug_info    0x000057b6      0x88c src/ASF/common/boards/user_board/init.o
 .debug_info    0x00006042      0xc9c src/ASF/common/services/clock/xmega/sysclk.o
 .debug_info    0x00006cde      0x11d src/ASF/common/services/ioport/xmega/ioport_compat.o
 .debug_info    0x00006dfb      0x121 src/ASF/common/services/sleepmgr/xmega/sleepmgr.o
 .debug_info    0x00006f1c       0xa2 src/ASF/xmega/drivers/cpu/ccp.o
 .debug_info    0x00006fbe     0x1384 src/ASF/xmega/drivers/nvm/nvm.o
 .debug_info    0x00008342       0xa2 src/ASF/xmega/drivers/nvm/nvm_asm.o
 .debug_info    0x000083e4      0x706 src/ASF/xmega/drivers/rtc/rtc.o
 .debug_info    0x00008aea     0x174d src/ASF/xmega/drivers/tc/tc.o
 .debug_info    0x0000a237      0x908 src/ASF/xmega/drivers/twi/twim.o
 .debug_info    0x0000ab3f      0x6c8 src/ASF/xmega/drivers/twi/twis.o
 .debug_info    0x0000b207     0x24c5 src/ASF/xmega/drivers/usart/usart.o
 .debug_info    0x0000d6cc      0x4e1 src/ASF/xmega/drivers/wdt/wdt.o
 .debug_info    0x0000dbad      0x588 src/ASF/xmega/services/timeout/timeout.o
 .debug_info    0x0000e135     0x19a8 src/main.o
 .debug_info    0x0000fadd      0x12d c:/program files (x86)/atmel/atmel toolchain/avr8 gcc/native/3.4.2.1002/avr8-gnu-toolchain/bin/../lib/gcc/avr/4.7.2/../../../../avr/lib/avrxmega2\libc.a(strtoul.o)
 .debug_info    0x0000fc0a       0xe7 c:/program files (x86)/atmel/atmel toolchain/avr8 gcc/native/3.4.2.1002/avr8-gnu-toolchain/bin/../lib/gcc/avr/4.7.2/../../../../avr/lib/avrxmega2\libc.a(strtok.o)
 .debug_info    0x0000fcf1       0x33 c:/program files (x86)/atmel/atmel toolchain/avr8 gcc/native/3.4.2.1002/avr8-gnu-toolchain/bin/../lib/gcc/avr/4.7.2/../../../../avr/lib/avrxmega2\libc.a(errno.o)
 *(.gnu.linkonce.wi.*)

.debug_abbrev   0x00000000     0x369c
 *(.debug_abbrev)
 .debug_abbrev  0x00000000      0x498 src/src-mylib2-xmega32a4u/awt.o
 .debug_abbrev  0x00000498      0x130 src/src-mylib2-xmega32a4u/crc.o
 .debug_abbrev  0x000005c8      0x18a src/src-mylib2-xmega32a4u/ds18b20.o
 .debug_abbrev  0x00000752      0x1a0 src/src-mylib2-xmega32a4u/epoch.o
 .debug_abbrev  0x000008f2      0x39a src/src-mylib2-xmega32a4u/owire.o
 .debug_abbrev  0x00000c8c       0x9b src/src-mylib2-xmega32a4u/ram_hex.o
 .debug_abbrev  0x00000d27      0x2ea src/src-mylib2-xmega32a4u/uartc1.o
 .debug_abbrev  0x00001011      0x2f9 src/src-mylib2-xmega32a4u/uarte0.o
 .debug_abbrev  0x0000130a      0x17c src/src-mylib2-xmega32a4u/uart_debug.o
 .debug_abbrev  0x00001486      0x187 src/src-mylib2-xmega32a4u/uart_modem.o
 .debug_abbrev  0x0000160d      0x1a0 src/ASF/common/boards/user_board/init.o
 .debug_abbrev  0x000017ad      0x2a2 src/ASF/common/services/clock/xmega/sysclk.o
 .debug_abbrev  0x00001a4f       0x93 src/ASF/common/services/ioport/xmega/ioport_compat.o
 .debug_abbrev  0x00001ae2       0x80 src/ASF/common/services/sleepmgr/xmega/sleepmgr.o
 .debug_abbrev  0x00001b62       0x14 src/ASF/xmega/drivers/cpu/ccp.o
 .debug_abbrev  0x00001b76      0x3f4 src/ASF/xmega/drivers/nvm/nvm.o
 .debug_abbrev  0x00001f6a       0x12 src/ASF/xmega/drivers/nvm/nvm_asm.o
 .debug_abbrev  0x00001f7c      0x2c4 src/ASF/xmega/drivers/rtc/rtc.o
 .debug_abbrev  0x00002240      0x2a7 src/ASF/xmega/drivers/tc/tc.o
 .debug_abbrev  0x000024e7      0x2a3 src/ASF/xmega/drivers/twi/twim.o
 .debug_abbrev  0x0000278a      0x216 src/ASF/xmega/drivers/twi/twis.o
 .debug_abbrev  0x000029a0      0x358 src/ASF/xmega/drivers/usart/usart.o
 .debug_abbrev  0x00002cf8      0x15d src/ASF/xmega/drivers/wdt/wdt.o
 .debug_abbrev  0x00002e55      0x249 src/ASF/xmega/services/timeout/timeout.o
 .debug_abbrev  0x0000309e      0x470 src/main.o
 .debug_abbrev  0x0000350e       0xb9 c:/program files (x86)/atmel/atmel toolchain/avr8 gcc/native/3.4.2.1002/avr8-gnu-toolchain/bin/../lib/gcc/avr/4.7.2/../../../../avr/lib/avrxmega2\libc.a(strtoul.o)
 .debug_abbrev  0x000035c7       0xab c:/program files (x86)/atmel/atmel toolchain/avr8 gcc/native/3.4.2.1002/avr8-gnu-toolchain/bin/../lib/gcc/avr/4.7.2/../../../../avr/lib/avrxmega2\libc.a(strtok.o)
 .debug_abbrev  0x00003672       0x2a c:/program files (x86)/atmel/atmel toolchain/avr8 gcc/native/3.4.2.1002/avr8-gnu-toolchain/bin/../lib/gcc/avr/4.7.2/../../../../avr/lib/avrxmega2\libc.a(errno.o)

.debug_line     0x00000000     0xec8f
 *(.debug_line)
 .debug_line    0x00000000     0x176f src/src-mylib2-xmega32a4u/awt.o
 .debug_line    0x0000176f      0xa22 src/src-mylib2-xmega32a4u/crc.o
 .debug_line    0x00002191      0xa90 src/src-mylib2-xmega32a4u/ds18b20.o
 .debug_line    0x00002c21      0xa5e src/src-mylib2-xmega32a4u/epoch.o
 .debug_line    0x0000367f      0xf10 src/src-mylib2-xmega32a4u/owire.o
 .debug_line    0x0000458f      0x94e src/src-mylib2-xmega32a4u/ram_hex.o
 .debug_line    0x00004edd      0xb09 src/src-mylib2-xmega32a4u/uartc1.o
 .debug_line    0x000059e6      0xb09 src/src-mylib2-xmega32a4u/uarte0.o
 .debug_line    0x000064ef      0xaf5 src/src-mylib2-xmega32a4u/uart_debug.o
 .debug_line    0x00006fe4      0xa11 src/src-mylib2-xmega32a4u/uart_modem.o
 .debug_line    0x000079f5      0x93b src/ASF/common/boards/user_board/init.o
 .debug_line    0x00008330      0x7ae src/ASF/common/services/clock/xmega/sysclk.o
 .debug_line    0x00008ade      0x4d5 src/ASF/common/services/ioport/xmega/ioport_compat.o
 .debug_line    0x00008fb3      0x47c src/ASF/common/services/sleepmgr/xmega/sleepmgr.o
 .debug_line    0x0000942f       0x6e src/ASF/xmega/drivers/cpu/ccp.o
 .debug_line    0x0000949d      0xbb9 src/ASF/xmega/drivers/nvm/nvm.o
 .debug_line    0x0000a056      0x11f src/ASF/xmega/drivers/nvm/nvm_asm.o
 .debug_line    0x0000a175      0x7e7 src/ASF/xmega/drivers/rtc/rtc.o
 .debug_line    0x0000a95c      0xca8 src/ASF/xmega/drivers/tc/tc.o
 .debug_line    0x0000b604      0x64b src/ASF/xmega/drivers/twi/twim.o
 .debug_line    0x0000bc4f      0x65c src/ASF/xmega/drivers/twi/twis.o
 .debug_line    0x0000c2ab      0x97b src/ASF/xmega/drivers/usart/usart.o
 .debug_line    0x0000cc26      0x592 src/ASF/xmega/drivers/wdt/wdt.o
 .debug_line    0x0000d1b8      0xab9 src/ASF/xmega/services/timeout/timeout.o
 .debug_line    0x0000dc71      0xd3c src/main.o
 .debug_line    0x0000e9ad      0x16d c:/program files (x86)/atmel/atmel toolchain/avr8 gcc/native/3.4.2.1002/avr8-gnu-toolchain/bin/../lib/gcc/avr/4.7.2/../../../../avr/lib/avrxmega2\libc.a(strtoul.o)
 .debug_line    0x0000eb1a       0xf5 c:/program files (x86)/atmel/atmel toolchain/avr8 gcc/native/3.4.2.1002/avr8-gnu-toolchain/bin/../lib/gcc/avr/4.7.2/../../../../avr/lib/avrxmega2\libc.a(strtok.o)
 .debug_line    0x0000ec0f       0x80 c:/program files (x86)/atmel/atmel toolchain/avr8 gcc/native/3.4.2.1002/avr8-gnu-toolchain/bin/../lib/gcc/avr/4.7.2/../../../../avr/lib/avrxmega2\libc.a(errno.o)

.debug_frame    0x00000000     0x1ef0
 *(.debug_frame)
 .debug_frame   0x00000000      0x2fc src/src-mylib2-xmega32a4u/awt.o
 .debug_frame   0x000002fc       0x78 src/src-mylib2-xmega32a4u/crc.o
 .debug_frame   0x00000374       0x50 src/src-mylib2-xmega32a4u/ds18b20.o
 .debug_frame   0x000003c4       0xc8 src/src-mylib2-xmega32a4u/epoch.o
 .debug_frame   0x0000048c      0x1b8 src/src-mylib2-xmega32a4u/owire.o
 .debug_frame   0x00000644      0x124 src/src-mylib2-xmega32a4u/uartc1.o
 .debug_frame   0x00000768      0x124 src/src-mylib2-xmega32a4u/uarte0.o
 .debug_frame   0x0000088c      0x110 src/src-mylib2-xmega32a4u/uart_debug.o
 .debug_frame   0x0000099c       0x90 src/src-mylib2-xmega32a4u/uart_modem.o
 .debug_frame   0x00000a2c       0x24 src/ASF/common/boards/user_board/init.o
 .debug_frame   0x00000a50       0x70 src/ASF/common/services/clock/xmega/sysclk.o
 .debug_frame   0x00000ac0       0x30 src/ASF/common/services/ioport/xmega/ioport_compat.o
 .debug_frame   0x00000af0      0x340 src/ASF/xmega/drivers/nvm/nvm.o
 .debug_frame   0x00000e30      0x124 src/ASF/xmega/drivers/rtc/rtc.o
 .debug_frame   0x00000f54      0x994 src/ASF/xmega/drivers/tc/tc.o
 .debug_frame   0x000018e8      0x100 src/ASF/xmega/drivers/twi/twim.o
 .debug_frame   0x000019e8       0xbc src/ASF/xmega/drivers/twi/twis.o
 .debug_frame   0x00001aa4      0x11c src/ASF/xmega/drivers/usart/usart.o
 .debug_frame   0x00001bc0       0x84 src/ASF/xmega/drivers/wdt/wdt.o
 .debug_frame   0x00001c44       0x90 src/ASF/xmega/services/timeout/timeout.o
 .debug_frame   0x00001cd4      0x1b0 src/main.o
 .debug_frame   0x00001e84       0x48 c:/program files (x86)/atmel/atmel toolchain/avr8 gcc/native/3.4.2.1002/avr8-gnu-toolchain/bin/../lib/gcc/avr/4.7.2/../../../../avr/lib/avrxmega2\libc.a(strtoul.o)
 .debug_frame   0x00001ecc       0x24 c:/program files (x86)/atmel/atmel toolchain/avr8 gcc/native/3.4.2.1002/avr8-gnu-toolchain/bin/../lib/gcc/avr/4.7.2/../../../../avr/lib/avrxmega2\libc.a(strtok.o)

.debug_str      0x00000000    0x287d9
 *(.debug_str)
 .debug_str     0x00000000    0x2396d src/src-mylib2-xmega32a4u/awt.o
                              0x2412e (size before relaxing)
 .debug_str     0x0002396d       0x72 src/src-mylib2-xmega32a4u/crc.o
                              0x230fb (size before relaxing)
 .debug_str     0x000239df      0x157 src/src-mylib2-xmega32a4u/ds18b20.o
                              0x231ec (size before relaxing)
 .debug_str     0x00023b36       0x7d src/src-mylib2-xmega32a4u/epoch.o
                              0x22fc0 (size before relaxing)
 .debug_str     0x00023bb3      0x8b5 src/src-mylib2-xmega32a4u/owire.o
                              0x23a12 (size before relaxing)
 .debug_str     0x00024468       0x26 src/src-mylib2-xmega32a4u/ram_hex.o
                              0x22f29 (size before relaxing)
 .debug_str     0x0002448e      0x2d0 src/src-mylib2-xmega32a4u/uartc1.o
                              0x235d5 (size before relaxing)
 .debug_str     0x0002475e       0x73 src/src-mylib2-xmega32a4u/uarte0.o
                              0x235d6 (size before relaxing)
 .debug_str     0x000247d1       0x70 src/src-mylib2-xmega32a4u/uart_debug.o
                              0x23256 (size before relaxing)
 .debug_str     0x00024841       0x29 src/src-mylib2-xmega32a4u/uart_modem.o
                              0x230d9 (size before relaxing)
 .debug_str     0x0002486a       0xb5 src/ASF/common/boards/user_board/init.o
                              0x2312c (size before relaxing)
 .debug_str     0x0002491f      0x3f9 src/ASF/common/services/clock/xmega/sysclk.o
                              0x22126 (size before relaxing)
 .debug_str     0x00024d18       0x41 src/ASF/common/services/ioport/xmega/ioport_compat.o
                              0x20e93 (size before relaxing)
 .debug_str     0x00024d59       0xb3 src/ASF/common/services/sleepmgr/xmega/sleepmgr.o
                              0x20cd6 (size before relaxing)
 .debug_str     0x00024e0c      0x939 src/ASF/xmega/drivers/nvm/nvm.o
                              0x21400 (size before relaxing)
 .debug_str     0x00025745      0x35f src/ASF/xmega/drivers/rtc/rtc.o
                              0x224e1 (size before relaxing)
 .debug_str     0x00025aa4      0x7db src/ASF/xmega/drivers/tc/tc.o
                              0x22935 (size before relaxing)
 .debug_str     0x0002627f      0x2b4 src/ASF/xmega/drivers/twi/twim.o
                              0x20ecb (size before relaxing)
 .debug_str     0x00026533      0x32a src/ASF/xmega/drivers/twi/twis.o
                              0x20cea (size before relaxing)
 .debug_str     0x0002685d      0x58b src/ASF/xmega/drivers/usart/usart.o
                              0x22ffb (size before relaxing)
 .debug_str     0x00026de8      0x4da src/ASF/xmega/drivers/wdt/wdt.o
                              0x20d55 (size before relaxing)
 .debug_str     0x000272c2       0x9f src/ASF/xmega/services/timeout/timeout.o
                              0x2308b (size before relaxing)
 .debug_str     0x00027361     0x1317 src/main.o
                              0x25410 (size before relaxing)
 .debug_str     0x00028678       0x8b c:/program files (x86)/atmel/atmel toolchain/avr8 gcc/native/3.4.2.1002/avr8-gnu-toolchain/bin/../lib/gcc/avr/4.7.2/../../../../avr/lib/avrxmega2\libc.a(strtoul.o)
                                 0xeb (size before relaxing)
 .debug_str     0x00028703       0x73 c:/program files (x86)/atmel/atmel toolchain/avr8 gcc/native/3.4.2.1002/avr8-gnu-toolchain/bin/../lib/gcc/avr/4.7.2/../../../../avr/lib/avrxmega2\libc.a(strtok.o)
                                 0x98 (size before relaxing)
 .debug_str     0x00028776       0x63 c:/program files (x86)/atmel/atmel toolchain/avr8 gcc/native/3.4.2.1002/avr8-gnu-toolchain/bin/../lib/gcc/avr/4.7.2/../../../../avr/lib/avrxmega2\libc.a(errno.o)
                                 0x75 (size before relaxing)

.debug_loc      0x00000000     0x7f3e
 *(.debug_loc)
 .debug_loc     0x00000000     0x1702 src/src-mylib2-xmega32a4u/awt.o
 .debug_loc     0x00001702      0x242 src/src-mylib2-xmega32a4u/crc.o
 .debug_loc     0x00001944       0xa0 src/src-mylib2-xmega32a4u/ds18b20.o
 .debug_loc     0x000019e4      0x28b src/src-mylib2-xmega32a4u/epoch.o
 .debug_loc     0x00001c6f      0x902 src/src-mylib2-xmega32a4u/owire.o
 .debug_loc     0x00002571      0x30b src/src-mylib2-xmega32a4u/uartc1.o
 .debug_loc     0x0000287c      0x30b src/src-mylib2-xmega32a4u/uarte0.o
 .debug_loc     0x00002b87      0x4c4 src/src-mylib2-xmega32a4u/uart_debug.o
 .debug_loc     0x0000304b      0x1b7 src/src-mylib2-xmega32a4u/uart_modem.o
 .debug_loc     0x00003202      0x44f src/ASF/common/services/clock/xmega/sysclk.o
 .debug_loc     0x00003651       0x43 src/ASF/common/services/ioport/xmega/ioport_compat.o
 .debug_loc     0x00003694     0x114c src/ASF/xmega/drivers/nvm/nvm.o
 .debug_loc     0x000047e0      0x2cf src/ASF/xmega/drivers/rtc/rtc.o
 .debug_loc     0x00004aaf     0x17d4 src/ASF/xmega/drivers/tc/tc.o
 .debug_loc     0x00006283      0x441 src/ASF/xmega/drivers/twi/twim.o
 .debug_loc     0x000066c4      0x345 src/ASF/xmega/drivers/twi/twis.o
 .debug_loc     0x00006a09      0x8c6 src/ASF/xmega/drivers/usart/usart.o
 .debug_loc     0x000072cf      0x161 src/ASF/xmega/drivers/wdt/wdt.o
 .debug_loc     0x00007430      0x220 src/ASF/xmega/services/timeout/timeout.o
 .debug_loc     0x00007650      0x5a5 src/main.o
 .debug_loc     0x00007bf5      0x2fd c:/program files (x86)/atmel/atmel toolchain/avr8 gcc/native/3.4.2.1002/avr8-gnu-toolchain/bin/../lib/gcc/avr/4.7.2/../../../../avr/lib/avrxmega2\libc.a(strtoul.o)
 .debug_loc     0x00007ef2       0x4c c:/program files (x86)/atmel/atmel toolchain/avr8 gcc/native/3.4.2.1002/avr8-gnu-toolchain/bin/../lib/gcc/avr/4.7.2/../../../../avr/lib/avrxmega2\libc.a(strtok.o)

.debug_macinfo
 *(.debug_macinfo)

.debug_pubtypes
 *(.debug_pubtypes)

.debug_ranges   0x00000000      0x980
 *(.debug_ranges)
 .debug_ranges  0x00000000      0x1c8 src/src-mylib2-xmega32a4u/awt.o
 .debug_ranges  0x000001c8       0x28 src/src-mylib2-xmega32a4u/crc.o
 .debug_ranges  0x000001f0       0x18 src/src-mylib2-xmega32a4u/ds18b20.o
 .debug_ranges  0x00000208       0x28 src/src-mylib2-xmega32a4u/epoch.o
 .debug_ranges  0x00000230      0x128 src/src-mylib2-xmega32a4u/owire.o
 .debug_ranges  0x00000358       0x78 src/src-mylib2-xmega32a4u/uartc1.o
 .debug_ranges  0x000003d0       0x78 src/src-mylib2-xmega32a4u/uarte0.o
 .debug_ranges  0x00000448       0x48 src/src-mylib2-xmega32a4u/uart_debug.o
 .debug_ranges  0x00000490       0x30 src/src-mylib2-xmega32a4u/uart_modem.o
 .debug_ranges  0x000004c0       0x10 src/ASF/common/boards/user_board/init.o
 .debug_ranges  0x000004d0       0x30 src/ASF/common/services/clock/xmega/sysclk.o
 .debug_ranges  0x00000500       0x10 src/ASF/common/services/ioport/xmega/ioport_compat.o
 .debug_ranges  0x00000510       0xc8 src/ASF/xmega/drivers/nvm/nvm.o
 .debug_ranges  0x000005d8       0x20 src/ASF/xmega/drivers/nvm/nvm_asm.o
 .debug_ranges  0x000005f8       0x48 src/ASF/xmega/drivers/rtc/rtc.o
 .debug_ranges  0x00000640      0x118 src/ASF/xmega/drivers/tc/tc.o
 .debug_ranges  0x00000758       0x78 src/ASF/xmega/drivers/twi/twim.o
 .debug_ranges  0x000007d0       0x50 src/ASF/xmega/drivers/twi/twis.o
 .debug_ranges  0x00000820       0x40 src/ASF/xmega/drivers/usart/usart.o
 .debug_ranges  0x00000860       0x40 src/ASF/xmega/drivers/wdt/wdt.o
 .debug_ranges  0x000008a0       0x58 src/ASF/xmega/services/timeout/timeout.o
 .debug_ranges  0x000008f8       0x68 src/main.o
 .debug_ranges  0x00000960       0x10 c:/program files (x86)/atmel/atmel toolchain/avr8 gcc/native/3.4.2.1002/avr8-gnu-toolchain/bin/../lib/gcc/avr/4.7.2/../../../../avr/lib/avrxmega2\libc.a(strtoul.o)
 .debug_ranges  0x00000970       0x10 c:/program files (x86)/atmel/atmel toolchain/avr8 gcc/native/3.4.2.1002/avr8-gnu-toolchain/bin/../lib/gcc/avr/4.7.2/../../../../avr/lib/avrxmega2\libc.a(strtok.o)

.debug_macro    0x00000000     0xc514
 *(.debug_macro)
 .debug_macro   0x00000000      0x3cd src/src-mylib2-xmega32a4u/awt.o
 .debug_macro   0x000003cd      0x5b0 src/src-mylib2-xmega32a4u/awt.o
 .debug_macro   0x0000097d       0x10 src/src-mylib2-xmega32a4u/awt.o
 .debug_macro   0x0000098d      0x1ad src/src-mylib2-xmega32a4u/awt.o
 .debug_macro   0x00000b3a      0x293 src/src-mylib2-xmega32a4u/awt.o
 .debug_macro   0x00000dcd       0x9e src/src-mylib2-xmega32a4u/awt.o
 .debug_macro   0x00000e6b     0x54a2 src/src-mylib2-xmega32a4u/awt.o
 .debug_macro   0x0000630d       0x9a src/src-mylib2-xmega32a4u/awt.o
 .debug_macro   0x000063a7       0xf1 src/src-mylib2-xmega32a4u/awt.o
 .debug_macro   0x00006498       0x34 src/src-mylib2-xmega32a4u/awt.o
 .debug_macro   0x000064cc       0x18 src/src-mylib2-xmega32a4u/awt.o
 .debug_macro   0x000064e4       0x5e src/src-mylib2-xmega32a4u/awt.o
 .debug_macro   0x00006542       0x10 src/src-mylib2-xmega32a4u/awt.o
 .debug_macro   0x00006552       0x22 src/src-mylib2-xmega32a4u/awt.o
 .debug_macro   0x00006574      0x16c src/src-mylib2-xmega32a4u/awt.o
 .debug_macro   0x000066e0       0x1c src/src-mylib2-xmega32a4u/awt.o
 .debug_macro   0x000066fc       0x35 src/src-mylib2-xmega32a4u/awt.o
 .debug_macro   0x00006731       0x51 src/src-mylib2-xmega32a4u/awt.o
 .debug_macro   0x00006782      0x2bd src/src-mylib2-xmega32a4u/awt.o
 .debug_macro   0x00006a3f       0x97 src/src-mylib2-xmega32a4u/awt.o
 .debug_macro   0x00006ad6       0x17 src/src-mylib2-xmega32a4u/awt.o
 .debug_macro   0x00006aed      0x250 src/src-mylib2-xmega32a4u/awt.o
 .debug_macro   0x00006d3d       0x76 src/src-mylib2-xmega32a4u/awt.o
 .debug_macro   0x00006db3       0x16 src/src-mylib2-xmega32a4u/awt.o
 .debug_macro   0x00006dc9      0x6e0 src/src-mylib2-xmega32a4u/awt.o
 .debug_macro   0x000074a9       0x10 src/src-mylib2-xmega32a4u/awt.o
 .debug_macro   0x000074b9      0x160 src/src-mylib2-xmega32a4u/awt.o
 .debug_macro   0x00007619       0x40 src/src-mylib2-xmega32a4u/awt.o
 .debug_macro   0x00007659       0x69 src/src-mylib2-xmega32a4u/awt.o
 .debug_macro   0x000076c2       0x32 src/src-mylib2-xmega32a4u/awt.o
 .debug_macro   0x000076f4       0xe4 src/src-mylib2-xmega32a4u/awt.o
 .debug_macro   0x000077d8       0x34 src/src-mylib2-xmega32a4u/awt.o
 .debug_macro   0x0000780c       0x22 src/src-mylib2-xmega32a4u/awt.o
 .debug_macro   0x0000782e       0x9a src/src-mylib2-xmega32a4u/awt.o
 .debug_macro   0x000078c8       0x28 src/src-mylib2-xmega32a4u/awt.o
 .debug_macro   0x000078f0      0x1c1 src/src-mylib2-xmega32a4u/awt.o
 .debug_macro   0x00007ab1       0x66 src/src-mylib2-xmega32a4u/awt.o
 .debug_macro   0x00007b17       0x2f src/src-mylib2-xmega32a4u/awt.o
 .debug_macro   0x00007b46      0x15b src/src-mylib2-xmega32a4u/awt.o
 .debug_macro   0x00007ca1       0x28 src/src-mylib2-xmega32a4u/awt.o
 .debug_macro   0x00007cc9       0x22 src/src-mylib2-xmega32a4u/awt.o
 .debug_macro   0x00007ceb       0x7c src/src-mylib2-xmega32a4u/awt.o
 .debug_macro   0x00007d67      0x109 src/src-mylib2-xmega32a4u/awt.o
 .debug_macro   0x00007e70       0x26 src/src-mylib2-xmega32a4u/awt.o
 .debug_macro   0x00007e96       0x1c src/src-mylib2-xmega32a4u/awt.o
 .debug_macro   0x00007eb2       0x10 src/src-mylib2-xmega32a4u/awt.o
 .debug_macro   0x00007ec2       0x5e src/src-mylib2-xmega32a4u/awt.o
 .debug_macro   0x00007f20       0x10 src/src-mylib2-xmega32a4u/awt.o
 .debug_macro   0x00007f30       0x12 src/src-mylib2-xmega32a4u/awt.o
 .debug_macro   0x00007f42       0x16 src/src-mylib2-xmega32a4u/awt.o
 .debug_macro   0x00007f58       0x22 src/src-mylib2-xmega32a4u/awt.o
 .debug_macro   0x00007f7a       0x10 src/src-mylib2-xmega32a4u/awt.o
 .debug_macro   0x00007f8a       0x28 src/src-mylib2-xmega32a4u/awt.o
 .debug_macro   0x00007fb2       0x52 src/src-mylib2-xmega32a4u/awt.o
 .debug_macro   0x00008004       0x3a src/src-mylib2-xmega32a4u/awt.o
 .debug_macro   0x0000803e       0x11 src/src-mylib2-xmega32a4u/awt.o
 .debug_macro   0x0000804f       0x16 src/src-mylib2-xmega32a4u/awt.o
 .debug_macro   0x00008065       0x58 src/src-mylib2-xmega32a4u/awt.o
 .debug_macro   0x000080bd       0x10 src/src-mylib2-xmega32a4u/awt.o
 .debug_macro   0x000080cd       0xeb src/src-mylib2-xmega32a4u/awt.o
 .debug_macro   0x000081b8       0x46 src/src-mylib2-xmega32a4u/awt.o
 .debug_macro   0x000081fe       0x10 src/src-mylib2-xmega32a4u/awt.o
 .debug_macro   0x0000820e      0x365 src/src-mylib2-xmega32a4u/crc.o
 .debug_macro   0x00008573      0x384 src/src-mylib2-xmega32a4u/ds18b20.o
 .debug_macro   0x000088f7       0x10 src/src-mylib2-xmega32a4u/ds18b20.o
 .debug_macro   0x00008907      0x34c src/src-mylib2-xmega32a4u/epoch.o
 .debug_macro   0x00008c53      0x438 src/src-mylib2-xmega32a4u/owire.o
 .debug_macro   0x0000908b      0x34d src/src-mylib2-xmega32a4u/ram_hex.o
 .debug_macro   0x000093d8      0x385 src/src-mylib2-xmega32a4u/uartc1.o
 .debug_macro   0x0000975d       0x97 src/src-mylib2-xmega32a4u/uartc1.o
 .debug_macro   0x000097f4       0x16 src/src-mylib2-xmega32a4u/uartc1.o
 .debug_macro   0x0000980a       0xf5 src/src-mylib2-xmega32a4u/uartc1.o
 .debug_macro   0x000098ff       0x45 src/src-mylib2-xmega32a4u/uartc1.o
 .debug_macro   0x00009944      0x385 src/src-mylib2-xmega32a4u/uarte0.o
 .debug_macro   0x00009cc9      0x363 src/src-mylib2-xmega32a4u/uart_debug.o
 .debug_macro   0x0000a02c      0x299 src/src-mylib2-xmega32a4u/uart_debug.o
 .debug_macro   0x0000a2c5       0x40 src/src-mylib2-xmega32a4u/uart_debug.o
 .debug_macro   0x0000a305      0x356 src/src-mylib2-xmega32a4u/uart_modem.o
 .debug_macro   0x0000a65b      0x343 src/ASF/common/boards/user_board/init.o
 .debug_macro   0x0000a99e      0x1e1 src/ASF/common/services/clock/xmega/sysclk.o
 .debug_macro   0x0000ab7f      0x189 src/ASF/common/services/ioport/xmega/ioport_compat.o
 .debug_macro   0x0000ad08      0x199 src/ASF/common/services/sleepmgr/xmega/sleepmgr.o
 .debug_macro   0x0000aea1      0x18e src/ASF/xmega/drivers/nvm/nvm.o
 .debug_macro   0x0000b02f      0x232 src/ASF/xmega/drivers/rtc/rtc.o
 .debug_macro   0x0000b261      0x22b src/ASF/xmega/drivers/tc/tc.o
 .debug_macro   0x0000b48c      0x18e src/ASF/xmega/drivers/twi/twim.o
 .debug_macro   0x0000b61a      0x17b src/ASF/xmega/drivers/twi/twis.o
 .debug_macro   0x0000b795       0x22 src/ASF/xmega/drivers/twi/twis.o
 .debug_macro   0x0000b7b7      0x227 src/ASF/xmega/drivers/usart/usart.o
 .debug_macro   0x0000b9de       0x34 src/ASF/xmega/drivers/usart/usart.o
 .debug_macro   0x0000ba12      0x176 src/ASF/xmega/drivers/wdt/wdt.o
 .debug_macro   0x0000bb88      0x343 src/ASF/xmega/services/timeout/timeout.o
 .debug_macro   0x0000becb      0x5f3 src/main.o
 .debug_macro   0x0000c4be       0x1c src/main.o
 .debug_macro   0x0000c4da       0x3a src/main.o
OUTPUT(IESM-XMEGA32A4U--IrrigationController.elf elf32-avr)
LOAD linker stubs
