Archive member included because of file (symbol)

c:/program files/atmel/atmel toolchain/avr8 gcc/native/3.4.2.1002/avr8-gnu-toolchain/bin/../lib/gcc/avr/4.7.2/avrxmega2\libgcc.a(_udivmodhi4.o)
                              src/src-mylib2-xmega32a4u/uart_debug.o (__udivmodhi4)
c:/program files/atmel/atmel toolchain/avr8 gcc/native/3.4.2.1002/avr8-gnu-toolchain/bin/../lib/gcc/avr/4.7.2/avrxmega2\libgcc.a(_divmodhi4.o)
                              src/src-mylib2-xmega32a4u/ds18b20.o (__divmodhi4)
c:/program files/atmel/atmel toolchain/avr8 gcc/native/3.4.2.1002/avr8-gnu-toolchain/bin/../lib/gcc/avr/4.7.2/avrxmega2\libgcc.a(_udivmodsi4.o)
                              src/src-mylib2-xmega32a4u/epoch.o (__udivmodsi4)
c:/program files/atmel/atmel toolchain/avr8 gcc/native/3.4.2.1002/avr8-gnu-toolchain/bin/../lib/gcc/avr/4.7.2/avrxmega2\libgcc.a(_exit.o)
                              c:/program files/atmel/atmel toolchain/avr8 gcc/native/3.4.2.1002/avr8-gnu-toolchain/bin/../lib/gcc/avr/4.7.2/../../../../avr/lib/avrxmega2/crtx32a4u.o (exit)
c:/program files/atmel/atmel toolchain/avr8 gcc/native/3.4.2.1002/avr8-gnu-toolchain/bin/../lib/gcc/avr/4.7.2/avrxmega2\libgcc.a(_copy_data.o)
                              src/src-mylib2-xmega32a4u/awt.o (__do_copy_data)
c:/program files/atmel/atmel toolchain/avr8 gcc/native/3.4.2.1002/avr8-gnu-toolchain/bin/../lib/gcc/avr/4.7.2/avrxmega2\libgcc.a(_clear_bss.o)
                              src/src-mylib2-xmega32a4u/awt.o (__do_clear_bss)
c:/program files/atmel/atmel toolchain/avr8 gcc/native/3.4.2.1002/avr8-gnu-toolchain/bin/../lib/gcc/avr/4.7.2/avrxmega2\libgcc.a(_muluhisi3.o)
                              src/src-mylib2-xmega32a4u/awt.o (__muluhisi3)
c:/program files/atmel/atmel toolchain/avr8 gcc/native/3.4.2.1002/avr8-gnu-toolchain/bin/../lib/gcc/avr/4.7.2/avrxmega2\libgcc.a(_umulhisi3.o)
                              c:/program files/atmel/atmel toolchain/avr8 gcc/native/3.4.2.1002/avr8-gnu-toolchain/bin/../lib/gcc/avr/4.7.2/avrxmega2\libgcc.a(_muluhisi3.o) (__umulhisi3)
c:/program files/atmel/atmel toolchain/avr8 gcc/native/3.4.2.1002/avr8-gnu-toolchain/bin/../lib/gcc/avr/4.7.2/../../../../avr/lib/avrxmega2\libc.a(strtoul.o)
                              src/src-mylib2-xmega32a4u/awt.o (strtoul)
c:/program files/atmel/atmel toolchain/avr8 gcc/native/3.4.2.1002/avr8-gnu-toolchain/bin/../lib/gcc/avr/4.7.2/../../../../avr/lib/avrxmega2\libc.a(atol.o)
                              src/src-mylib2-xmega32a4u/awt.o (atol)
c:/program files/atmel/atmel toolchain/avr8 gcc/native/3.4.2.1002/avr8-gnu-toolchain/bin/../lib/gcc/avr/4.7.2/../../../../avr/lib/avrxmega2\libc.a(isspace.o)
                              c:/program files/atmel/atmel toolchain/avr8 gcc/native/3.4.2.1002/avr8-gnu-toolchain/bin/../lib/gcc/avr/4.7.2/../../../../avr/lib/avrxmega2\libc.a(strtoul.o) (isspace)
c:/program files/atmel/atmel toolchain/avr8 gcc/native/3.4.2.1002/avr8-gnu-toolchain/bin/../lib/gcc/avr/4.7.2/../../../../avr/lib/avrxmega2\libc.a(memcmp.o)
                              src/main.o (memcmp)
c:/program files/atmel/atmel toolchain/avr8 gcc/native/3.4.2.1002/avr8-gnu-toolchain/bin/../lib/gcc/avr/4.7.2/../../../../avr/lib/avrxmega2\libc.a(memcpy.o)
                              src/ASF/xmega/drivers/nvm/nvm.o (memcpy)
c:/program files/atmel/atmel toolchain/avr8 gcc/native/3.4.2.1002/avr8-gnu-toolchain/bin/../lib/gcc/avr/4.7.2/../../../../avr/lib/avrxmega2\libc.a(memset.o)
                              src/main.o (memset)
c:/program files/atmel/atmel toolchain/avr8 gcc/native/3.4.2.1002/avr8-gnu-toolchain/bin/../lib/gcc/avr/4.7.2/../../../../avr/lib/avrxmega2\libc.a(strcmp.o)
                              src/src-mylib2-xmega32a4u/awt.o (strcmp)
c:/program files/atmel/atmel toolchain/avr8 gcc/native/3.4.2.1002/avr8-gnu-toolchain/bin/../lib/gcc/avr/4.7.2/../../../../avr/lib/avrxmega2\libc.a(strncmp.o)
                              src/src-mylib2-xmega32a4u/awt.o (strncmp)
c:/program files/atmel/atmel toolchain/avr8 gcc/native/3.4.2.1002/avr8-gnu-toolchain/bin/../lib/gcc/avr/4.7.2/../../../../avr/lib/avrxmega2\libc.a(strncpy.o)
                              src/src-mylib2-xmega32a4u/awt.o (strncpy)
c:/program files/atmel/atmel toolchain/avr8 gcc/native/3.4.2.1002/avr8-gnu-toolchain/bin/../lib/gcc/avr/4.7.2/../../../../avr/lib/avrxmega2\libc.a(itoa.o)
                              src/src-mylib2-xmega32a4u/awt.o (itoa)
c:/program files/atmel/atmel toolchain/avr8 gcc/native/3.4.2.1002/avr8-gnu-toolchain/bin/../lib/gcc/avr/4.7.2/../../../../avr/lib/avrxmega2\libc.a(ltoa.o)
                              src/src-mylib2-xmega32a4u/awt.o (ltoa)
c:/program files/atmel/atmel toolchain/avr8 gcc/native/3.4.2.1002/avr8-gnu-toolchain/bin/../lib/gcc/avr/4.7.2/../../../../avr/lib/avrxmega2\libc.a(mulsi10.o)
                              c:/program files/atmel/atmel toolchain/avr8 gcc/native/3.4.2.1002/avr8-gnu-toolchain/bin/../lib/gcc/avr/4.7.2/../../../../avr/lib/avrxmega2\libc.a(atol.o) (__mulsi_const_10)
[...]
Memory Configuration

Name             Origin             Length             Attributes
text             0x00000000         0x00100000         xr
data             0x00802000         0x0000ffa0         rw !x
eeprom           0x00810000         0x00010000         rw !x
fuse             0x00820000         0x00000400         rw !x
lock             0x00830000         0x00000400         rw !x
signature        0x00840000         0x00000400         rw !x
user_signatures  0x00850000         0x00000400         rw !x
*default*        0x00000000         0xffffffff

Linker script and memory map

LOAD c:/program files/atmel/atmel toolchain/avr8 gcc/native/3.4.2.1002/avr8-gnu-toolchain/bin/../lib/gcc/avr/4.7.2/../../../../avr/lib/avrxmega2/crtx32a4u.o
LOAD src/src-mylib2-xmega32a4u/awt.o
LOAD src/src-mylib2-xmega32a4u/crc.o
LOAD src/src-mylib2-xmega32a4u/ds18b20.o
LOAD src/src-mylib2-xmega32a4u/epoch.o
LOAD src/src-mylib2-xmega32a4u/owire.o
LOAD src/src-mylib2-xmega32a4u/ram_hex.o
LOAD src/src-mylib2-xmega32a4u/uartc1.o
LOAD src/src-mylib2-xmega32a4u/uarte0.o
LOAD src/src-mylib2-xmega32a4u/uart_debug.o
LOAD src/src-mylib2-xmega32a4u/uart_modem.o
LOAD src/ASF/common/boards/user_board/init.o
LOAD src/ASF/common/services/clock/xmega/sysclk.o
LOAD src/ASF/common/services/ioport/xmega/ioport_compat.o
LOAD src/ASF/common/services/sleepmgr/xmega/sleepmgr.o
LOAD src/ASF/xmega/drivers/cpu/ccp.o
LOAD src/ASF/xmega/drivers/nvm/nvm.o
LOAD src/ASF/xmega/drivers/nvm/nvm_asm.o
LOAD src/ASF/xmega/drivers/rtc/rtc.o
LOAD src/ASF/xmega/drivers/tc/tc.o
LOAD src/ASF/xmega/drivers/twi/twim.o
LOAD src/ASF/xmega/drivers/twi/twis.o
LOAD src/ASF/xmega/drivers/usart/usart.o
LOAD src/ASF/xmega/drivers/wdt/wdt.o
LOAD src/ASF/xmega/services/timeout/timeout.o
LOAD src/main.o
START GROUP
END GROUP
LOAD c:/program files/atmel/atmel toolchain/avr8 gcc/native/3.4.2.1002/avr8-gnu-toolchain/bin/../lib/gcc/avr/4.7.2/avrxmega2\libgcc.a
LOAD c:/program files/atmel/atmel toolchain/avr8 gcc/native/3.4.2.1002/avr8-gnu-toolchain/bin/../lib/gcc/avr/4.7.2/../../../../avr/lib/avrxmega2\libc.a
LOAD c:/program files/atmel/atmel toolchain/avr8 gcc/native/3.4.2.1002/avr8-gnu-toolchain/bin/../lib/gcc/avr/4.7.2/avrxmega2\libgcc.a

.hash
 *(.hash)

.dynsym
 *(.dynsym)

.dynstr
 *(.dynstr)

.gnu.version
 *(.gnu.version)

.gnu.version_d
 *(.gnu.version_d)

.gnu.version_r
 *(.gnu.version_r)

.rel.init
 *(.rel.init)

.rela.init
 *(.rela.init)

.rel.text
 *(.rel.text)
 *(.rel.text.*)
 *(.rel.gnu.linkonce.t*)

.rela.text
 *(.rela.text)
 *(.rela.text.*)
 *(.rela.gnu.linkonce.t*)

.rel.fini
 *(.rel.fini)

.rela.fini
 *(.rela.fini)

.rel.rodata
 *(.rel.rodata)
 *(.rel.rodata.*)
 *(.rel.gnu.linkonce.r*)

.rela.rodata
 *(.rela.rodata)
 *(.rela.rodata.*)
 *(.rela.gnu.linkonce.r*)

.rel.data
 *(.rel.data)
 *(.rel.data.*)
 *(.rel.gnu.linkonce.d*)

.rela.data
 *(.rela.data)
 *(.rela.data.*)
 *(.rela.gnu.linkonce.d*)

.rel.ctors
 *(.rel.ctors)

.rela.ctors
 *(.rela.ctors)

.rel.dtors
 *(.rel.dtors)

.rela.dtors
 *(.rela.dtors)

.rel.got
 *(.rel.got)

.rela.got
 *(.rela.got)

.rel.bss
 *(.rel.bss)

.rela.bss
 *(.rela.bss)

.rel.plt
 *(.rel.plt)

.rela.plt
 *(.rela.plt)

.text           0x00000000     0x66ba
 *(.vectors)
 .vectors       0x00000000      0x1fc c:/program files/atmel/atmel toolchain/avr8 gcc/native/3.4.2.1002/avr8-gnu-toolchain/bin/../lib/gcc/avr/4.7.2/../../../../avr/lib/avrxmega2/crtx32a4u.o
                0x00000000                __vector_default
                0x00000000                __vectors
 *(.vectors)
 *(.progmem.gcc*)
 *(.progmem*)
                0x000001fc                . = ALIGN (0x2)
                0x000001fc                __trampolines_start = .
 *(.trampolines)
 .trampolines   0x000001fc        0x0 linker stubs
 *(.trampolines*)
                0x000001fc                __trampolines_end = .
 *(.jumptables)
 *(.jumptables*)
 *(.lowtext)
 *(.lowtext*)
                0x000001fc                __ctors_start = .
 *(.ctors)
                0x000001fc                __ctors_end = .
                0x000001fc                __dtors_start = .
 *(.dtors)
                0x000001fc                __dtors_end = .
 SORT(*)(.ctors)
 SORT(*)(.dtors)
 *(.init0)
 .init0         0x000001fc        0x0 c:/program files/atmel/atmel toolchain/avr8 gcc/native/3.4.2.1002/avr8-gnu-toolchain/bin/../lib/gcc/avr/4.7.2/../../../../avr/lib/avrxmega2/crtx32a4u.o
                0x000001fc                __init
 *(.init0)
 *(.init1)
 *(.init1)
 *(.init2)
 .init2         0x000001fc        0xc c:/program files/atmel/atmel toolchain/avr8 gcc/native/3.4.2.1002/avr8-gnu-toolchain/bin/../lib/gcc/avr/4.7.2/../../../../avr/lib/avrxmega2/crtx32a4u.o
 *(.init2)
 *(.init3)
 *(.init3)
 *(.init4)
 .init4         0x00000208       0x16 c:/program files/atmel/atmel toolchain/avr8 gcc/native/3.4.2.1002/avr8-gnu-toolchain/bin/../lib/gcc/avr/4.7.2/avrxmega2\libgcc.a(_copy_data.o)
                0x00000208                __do_copy_data
 .init4         0x0000021e       0x10 c:/program files/atmel/atmel toolchain/avr8 gcc/native/3.4.2.1002/avr8-gnu-toolchain/bin/../lib/gcc/avr/4.7.2/avrxmega2\libgcc.a(_clear_bss.o)
                0x0000021e                __do_clear_bss
 *(.init4)
 *(.init5)
 *(.init5)
 *(.init6)
 *(.init6)
 *(.init7)
 *(.init7)
 *(.init8)
 *(.init8)
 *(.init9)
 .init9         0x0000022e        0x8 c:/program files/atmel/atmel toolchain/avr8 gcc/native/3.4.2.1002/avr8-gnu-toolchain/bin/../lib/gcc/avr/4.7.2/../../../../avr/lib/avrxmega2/crtx32a4u.o
 *(.init9)
 *(.text)
 .text          0x00000236        0x2 c:/program files/atmel/atmel toolchain/avr8 gcc/native/3.4.2.1002/avr8-gnu-toolchain/bin/../lib/gcc/avr/4.7.2/../../../../avr/lib/avrxmega2/crtx32a4u.o
                0x00000236                __vector_38
                0x00000236                __vector_104
                0x00000236                __vector_63
                0x00000236                __vector_67
                0x00000236                __vector_1
                0x00000236                __vector_119
                0x00000236                __vector_32
                0x00000236                __vector_75
                0x00000236                __vector_71
                0x00000236                __vector_91
                0x00000236                __vector_62
                0x00000236                __vector_102
                0x00000236                __vector_24
                0x00000236                __vector_12
                0x00000236                __vector_55
                0x00000236                __vector_69
                0x00000236                __vector_90
                0x00000236                __bad_interrupt
                0x00000236                __vector_122
                0x00000236                __vector_72
                0x00000236                __vector_114
                0x00000236                __vector_6
                0x00000236                __vector_110
                0x00000236                __vector_31
                0x00000236                __vector_92
                0x00000236                __vector_35
                0x00000236                __vector_74
                0x00000236                __vector_117
                0x00000236                __vector_39
                0x00000236                __vector_107
                0x00000236                __vector_3
                0x00000236                __vector_105
                0x00000236                __vector_98
                0x00000236                __vector_68
                0x00000236                __vector_73
                0x00000236                __vector_45
                0x00000236                __vector_25
                0x00000236                __vector_93
                0x00000236                __vector_61
                0x00000236                __vector_54
                0x00000236                __vector_99
                0x00000236                __vector_56
                0x00000236                __vector_7
                0x00000236                __vector_125
                0x00000236                __vector_123
                0x00000236                __vector_41
                0x00000236                __vector_100
                0x00000236                __vector_101
                0x00000236                __vector_88
                0x00000236                __vector_109
                0x00000236                __vector_43
                0x00000236                __vector_27
                0x00000236                __vector_5
                0x00000236                __vector_113
                0x00000236                __vector_33
                0x00000236                __vector_76
                0x00000236                __vector_115
                0x00000236                __vector_37
                0x00000236                __vector_95
                0x00000236                __vector_103
                0x00000236                __vector_96
                0x00000236                __vector_89
                0x00000236                __vector_108
                0x00000236                __vector_4
                0x00000236                __vector_44
                0x00000236                __vector_106
                0x00000236                __vector_118
                0x00000236                __vector_9
                0x00000236                __vector_36
                0x00000236                __vector_70
                0x00000236                __vector_121
                0x00000236                __vector_40
                0x00000236                __vector_94
                0x00000236                __vector_126
                0x00000236                __vector_8
                0x00000236                __vector_26
                0x00000236                __vector_124
                0x00000236                __vector_116
                0x00000236                __vector_112
                0x00000236                __vector_111
                0x00000236                __vector_57
                0x00000236                __vector_53
                0x00000236                __vector_97
                0x00000236                __vector_42
                0x00000236                __vector_87
                0x00000236                __vector_65
                0x00000236                __vector_120
                0x00000238                . = ALIGN (0x2)
 *(.text.*)
 .text.reset_state
                0x00000238       0x8c src/src-mylib2-xmega32a4u/awt.o
 .text.poll_modem
                0x000002c4      0x68c src/src-mylib2-xmega32a4u/awt.o
 .text.blocked_poll_response
                0x00000950       0x50 src/src-mylib2-xmega32a4u/awt.o
 .text.put_path
                0x000009a0       0x20 src/src-mylib2-xmega32a4u/awt.o
 .text.blocked_at_req
                0x000009c0       0x7c src/src-mylib2-xmega32a4u/awt.o
 .text.blocked_sync_modem.constprop.1
                0x00000a3c       0x2c src/src-mylib2-xmega32a4u/awt.o
 .text.awt_dispatch_event_req
                0x00000a68      0x11a src/src-mylib2-xmega32a4u/awt.o
                0x00000a68                awt_dispatch_event_req
 .text.awt_dispatch_data_req
                0x00000b82      0x188 src/src-mylib2-xmega32a4u/awt.o
                0x00000b82                awt_dispatch_data_req
 .text.awt_send_any_enqueued_acks
                0x00000d0a      0x152 src/src-mylib2-xmega32a4u/awt.o
                0x00000d0a                awt_send_any_enqueued_acks
 .text.awt_buffer_ack_req
                0x00000e5c       0x70 src/src-mylib2-xmega32a4u/awt.o
                0x00000e5c                awt_buffer_ack_req
 .text.awt_reset_modem
                0x00000ecc      0x164 src/src-mylib2-xmega32a4u/awt.o
                0x00000ecc                awt_reset_modem
 .text.awt_service
                0x00001030      0x352 src/src-mylib2-xmega32a4u/awt.o
                0x00001030                awt_service
 .text.awt_init
                0x00001382      0x154 src/src-mylib2-xmega32a4u/awt.o
                0x00001382                awt_init
 .text.crc8_update
                0x000014d6       0x1e src/src-mylib2-xmega32a4u/crc.o
                0x000014d6                crc8_update
 .text.crc8_compute
                0x000014f4       0x1e src/src-mylib2-xmega32a4u/crc.o
                0x000014f4                crc8_compute
 .text.ds18b20_update_sensors
                0x00001512      0x144 src/src-mylib2-xmega32a4u/ds18b20.o
                0x00001512                ds18b20_update_sensors
 .text.ds18b20_init
                0x00001656       0x2a src/src-mylib2-xmega32a4u/ds18b20.o
                0x00001656                ds18b20_init
 .text.epoch_set
                0x00001680       0xea src/src-mylib2-xmega32a4u/epoch.o
                0x00001680                epoch_set
 .text.epoch_get
                0x0000176a       0x24 src/src-mylib2-xmega32a4u/epoch.o
                0x0000176a                epoch_get
 .text.epoch_inc
                0x0000178e       0x94 src/src-mylib2-xmega32a4u/epoch.o
                0x0000178e                epoch_inc
 .text.ds2483_write_device_configuration.constprop.2
                0x00001822       0x52 src/src-mylib2-xmega32a4u/owire.o
 .text.ds2483_read.constprop.6
                0x00001874       0x4c src/src-mylib2-xmega32a4u/owire.o
 .text.ds2483_1wire_write_byte
                0x000018c0       0x6e src/src-mylib2-xmega32a4u/owire.o
 .text.ds2483_1wire_reset
                0x0000192e       0x7a src/src-mylib2-xmega32a4u/owire.o
 .text.OWSearch
                0x000019a8      0x1ea src/src-mylib2-xmega32a4u/owire.o
 .text.ow_write_byte_power
                0x00001b92       0x16 src/src-mylib2-xmega32a4u/owire.o
                0x00001b92                ow_write_byte_power
 .text.ow_read_byte
                0x00001ba8       0xa6 src/src-mylib2-xmega32a4u/owire.o
                0x00001ba8                ow_read_byte
 .text.ow_match
                0x00001c4e       0x3c src/src-mylib2-xmega32a4u/owire.o
                0x00001c4e                ow_match
 .text.ow_detect_sensors
                0x00001c8a      0x156 src/src-mylib2-xmega32a4u/owire.o
                0x00001c8a                ow_detect_sensors
 .text.__vector_28
                0x00001de0       0x4c src/src-mylib2-xmega32a4u/uartc1.o
                0x00001de0                __vector_28
 .text.__vector_30
                0x00001e2c       0x14 src/src-mylib2-xmega32a4u/uartc1.o
                0x00001e2c                __vector_30
 .text.__vector_29
                0x00001e40       0x58 src/src-mylib2-xmega32a4u/uartc1.o
                0x00001e40                __vector_29
 .text._uartc1_enable_interrupt
                0x00001e98       0x12 src/src-mylib2-xmega32a4u/uartc1.o
                0x00001e98                _uartc1_enable_interrupt
 .text._uartc1_init
                0x00001eaa       0x62 src/src-mylib2-xmega32a4u/uartc1.o
                0x00001eaa                _uartc1_init
 .text._uartc1_putc
                0x00001f0c       0x54 src/src-mylib2-xmega32a4u/uartc1.o
                0x00001f0c                _uartc1_putc
 .text.__vector_58
                0x00001f60       0x4c src/src-mylib2-xmega32a4u/uarte0.o
                0x00001f60                __vector_58
 .text.__vector_60
                0x00001fac       0x14 src/src-mylib2-xmega32a4u/uarte0.o
                0x00001fac                __vector_60
 .text.__vector_59
                0x00001fc0       0x58 src/src-mylib2-xmega32a4u/uarte0.o
                0x00001fc0                __vector_59
 .text._uarte0_enable_interrupt
                0x00002018       0x12 src/src-mylib2-xmega32a4u/uarte0.o
                0x00002018                _uarte0_enable_interrupt
 .text._uarte0_init
                0x0000202a       0x62 src/src-mylib2-xmega32a4u/uarte0.o
                0x0000202a                _uarte0_init
 .text._uarte0_getc
                0x0000208c       0x30 src/src-mylib2-xmega32a4u/uarte0.o
                0x0000208c                _uarte0_getc
 .text._uarte0_putc
                0x000020bc       0x54 src/src-mylib2-xmega32a4u/uarte0.o
                0x000020bc                _uarte0_putc
 .text.DEBUG_puts
                0x00002110       0x16 src/src-mylib2-xmega32a4u/uart_debug.o
                0x00002110                DEBUG_puts
 .text.DEBUG_putcrlf
                0x00002126        0xc src/src-mylib2-xmega32a4u/uart_debug.o
                0x00002126                DEBUG_putcrlf
 .text.DEBUG_putu
                0x00002132       0x4c src/src-mylib2-xmega32a4u/uart_debug.o
                0x00002132                DEBUG_putu
 .text.MODEM_get_byte
                0x0000217e       0x14 src/src-mylib2-xmega32a4u/uart_modem.o
                0x0000217e                MODEM_get_byte
 .text.MODEM_raw_putb
                0x00002192        0xc src/src-mylib2-xmega32a4u/uart_modem.o
                0x00002192                MODEM_raw_putb
 .text.MODEM_raw_puts
                0x0000219e       0x16 src/src-mylib2-xmega32a4u/uart_modem.o
                0x0000219e                MODEM_raw_puts
 .text.MODEM_crc_putb
                0x000021b4       0x16 src/src-mylib2-xmega32a4u/uart_modem.o
                0x000021b4                MODEM_crc_putb
 .text.MODEM_crc_puts
                0x000021ca       0x16 src/src-mylib2-xmega32a4u/uart_modem.o
                0x000021ca                MODEM_crc_puts
 .text.ioport_configure_pin
                0x000021e0       0x24 src/ASF/common/boards/user_board/init.o
 .text.board_init
                0x00002204       0x88 src/ASF/common/boards/user_board/init.o
                0x00002204                board_init
 .text.osc_enable_internal
                0x0000228c       0x12 src/ASF/common/services/clock/xmega/sysclk.o
 .text.osc_wait_ready
                0x0000229e        0xa src/ASF/common/services/clock/xmega/sysclk.o
 .text.osc_enable_autocalibration.constprop.2
                0x000022a8       0x20 src/ASF/common/services/clock/xmega/sysclk.o
 .text.sysclk_init
                0x000022c8       0x5a src/ASF/common/services/clock/xmega/sysclk.o
                0x000022c8                sysclk_init
 .text.sysclk_enable_module
                0x00002322       0x16 src/ASF/common/services/clock/xmega/sysclk.o
                0x00002322                sysclk_enable_module
 .text.ioport_configure_port_pin
                0x00002338       0x44 src/ASF/common/services/ioport/xmega/ioport_compat.o
                0x00002338                ioport_configure_port_pin
 .text.ccp_write_io
                0x0000237c        0xc src/ASF/xmega/drivers/cpu/ccp.o
                0x0000237c                ccp_write_io
 .text.nvm_wait_until_ready
                0x00002388        0xa src/ASF/xmega/drivers/nvm/nvm.o
 .text.nvm_issue_command
                0x00002392       0x20 src/ASF/xmega/drivers/nvm/nvm.o
 .text.nvm_eeprom_read_buffer
                0x000023b2       0x60 src/ASF/xmega/drivers/nvm/nvm.o
                0x000023b2                nvm_eeprom_read_buffer
 .text.nvm_eeprom_flush_buffer
                0x00002412       0x1a src/ASF/xmega/drivers/nvm/nvm.o
                0x00002412                nvm_eeprom_flush_buffer
 .text.nvm_eeprom_load_byte_to_buffer
                0x0000242c       0x3a src/ASF/xmega/drivers/nvm/nvm.o
                0x0000242c                nvm_eeprom_load_byte_to_buffer
 .text.nvm_eeprom_write_byte
                0x00002466       0x5a src/ASF/xmega/drivers/nvm/nvm.o
                0x00002466                nvm_eeprom_write_byte
 .text.nvm_eeprom_load_page_to_buffer
                0x000024c0       0x20 src/ASF/xmega/drivers/nvm/nvm.o
                0x000024c0                nvm_eeprom_load_page_to_buffer
 .text.nvm_eeprom_atomic_write_page
                0x000024e0       0x2e src/ASF/xmega/drivers/nvm/nvm.o
                0x000024e0                nvm_eeprom_atomic_write_page
 .text.nvm_eeprom_erase_and_write_buffer
                0x0000250e       0x78 src/ASF/xmega/drivers/nvm/nvm.o
                0x0000250e                nvm_eeprom_erase_and_write_buffer
 .text.nvm_eeprom_fill_buffer_with_value
                0x00002586       0x1e src/ASF/xmega/drivers/nvm/nvm.o
                0x00002586                nvm_eeprom_fill_buffer_with_value
 .text.nvm_eeprom_erase_bytes_in_all_pages
                0x000025a4        0x8 src/ASF/xmega/drivers/nvm/nvm.o
                0x000025a4                nvm_eeprom_erase_bytes_in_all_pages
 .text.nvm_eeprom_erase_all
                0x000025ac        0x6 src/ASF/xmega/drivers/nvm/nvm.o
                0x000025ac                nvm_eeprom_erase_all
 .text.rtc_set_time
                0x000025b2       0x24 src/ASF/xmega/drivers/rtc/rtc.o
                0x000025b2                rtc_set_time
 .text.rtc_set_alarm
                0x000025d6       0x34 src/ASF/xmega/drivers/rtc/rtc.o
                0x000025d6                rtc_set_alarm
 .text.rtc_set_callback
                0x0000260a        0xa src/ASF/xmega/drivers/rtc/rtc.o
                0x0000260a                rtc_set_callback
 .text.rtc_init
                0x00002614       0x30 src/ASF/xmega/drivers/rtc/rtc.o
                0x00002614                rtc_init
 .text.__vector_10
                0x00002644       0x32 src/ASF/xmega/drivers/rtc/rtc.o
                0x00002644                __vector_10
 .text.__vector_11
                0x00002676       0xd8 src/ASF/xmega/drivers/rtc/rtc.o
                0x00002676                __vector_11
 .text.__vector_14
                0x0000274e       0x52 src/ASF/xmega/drivers/tc/tc.o
                0x0000274e                __vector_14
 .text.__vector_15
                0x000027a0       0x52 src/ASF/xmega/drivers/tc/tc.o
                0x000027a0                __vector_15
 .text.__vector_16
                0x000027f2       0x52 src/ASF/xmega/drivers/tc/tc.o
                0x000027f2                __vector_16
 .text.__vector_17
                0x00002844       0x52 src/ASF/xmega/drivers/tc/tc.o
                0x00002844                __vector_17
 .text.__vector_18
                0x00002896       0x52 src/ASF/xmega/drivers/tc/tc.o
                0x00002896                __vector_18
 .text.__vector_19
                0x000028e8       0x52 src/ASF/xmega/drivers/tc/tc.o
                0x000028e8                __vector_19
 .text.__vector_20
                0x0000293a       0x52 src/ASF/xmega/drivers/tc/tc.o
                0x0000293a                __vector_20
 .text.__vector_21
                0x0000298c       0x52 src/ASF/xmega/drivers/tc/tc.o
                0x0000298c                __vector_21
 .text.__vector_22
                0x000029de       0x52 src/ASF/xmega/drivers/tc/tc.o
                0x000029de                __vector_22
 .text.__vector_23
                0x00002a30       0x52 src/ASF/xmega/drivers/tc/tc.o
                0x00002a30                __vector_23
 .text.__vector_77
                0x00002a82       0x52 src/ASF/xmega/drivers/tc/tc.o
                0x00002a82                __vector_77
 .text.__vector_78
                0x00002ad4       0x52 src/ASF/xmega/drivers/tc/tc.o
                0x00002ad4                __vector_78
 .text.__vector_79
                0x00002b26       0x52 src/ASF/xmega/drivers/tc/tc.o
                0x00002b26                __vector_79
 .text.__vector_80
                0x00002b78       0x52 src/ASF/xmega/drivers/tc/tc.o
                0x00002b78                __vector_80
 .text.__vector_81
                0x00002bca       0x52 src/ASF/xmega/drivers/tc/tc.o
                0x00002bca                __vector_81
 .text.__vector_82
                0x00002c1c       0x52 src/ASF/xmega/drivers/tc/tc.o
                0x00002c1c                __vector_82
 .text.__vector_83
                0x00002c6e       0x52 src/ASF/xmega/drivers/tc/tc.o
                0x00002c6e                __vector_83
 .text.__vector_84
                0x00002cc0       0x52 src/ASF/xmega/drivers/tc/tc.o
                0x00002cc0                __vector_84
 .text.__vector_85
                0x00002d12       0x52 src/ASF/xmega/drivers/tc/tc.o
                0x00002d12                __vector_85
 .text.__vector_86
                0x00002d64       0x52 src/ASF/xmega/drivers/tc/tc.o
                0x00002d64                __vector_86
 .text.__vector_47
                0x00002db6       0x52 src/ASF/xmega/drivers/tc/tc.o
                0x00002db6                __vector_47
 .text.__vector_48
                0x00002e08       0x52 src/ASF/xmega/drivers/tc/tc.o
                0x00002e08                __vector_48
 .text.__vector_49
                0x00002e5a       0x52 src/ASF/xmega/drivers/tc/tc.o
                0x00002e5a                __vector_49
 .text.__vector_50
                0x00002eac       0x52 src/ASF/xmega/drivers/tc/tc.o
                0x00002eac                __vector_50
 .text.__vector_51
                0x00002efe       0x52 src/ASF/xmega/drivers/tc/tc.o
                0x00002efe                __vector_51
 .text.__vector_52
                0x00002f50       0x52 src/ASF/xmega/drivers/tc/tc.o
                0x00002f50                __vector_52
 .text.tc_enable
                0x00002fa2       0x7a src/ASF/xmega/drivers/tc/tc.o
                0x00002fa2                tc_enable
 .text.tc_set_overflow_interrupt_callback
                0x0000301c       0x58 src/ASF/xmega/drivers/tc/tc.o
                0x0000301c                tc_set_overflow_interrupt_callback
 .text.twim_interrupt_handler
                0x00003074      0x128 src/ASF/xmega/drivers/twi/twim.o
 .text.__vector_13
                0x0000319c       0x46 src/ASF/xmega/drivers/twi/twim.o
                0x0000319c                __vector_13
 .text.__vector_46
                0x000031e2       0x46 src/ASF/xmega/drivers/twi/twim.o
                0x000031e2                __vector_46
 .text.twi_master_init
                0x00003228       0x30 src/ASF/xmega/drivers/twi/twim.o
                0x00003228                twi_master_init
 .text.twi_master_transfer
                0x00003258       0xae src/ASF/xmega/drivers/twi/twim.o
                0x00003258                twi_master_transfer
 .text.usart_set_baudrate
                0x00003306      0x1c0 src/ASF/xmega/drivers/usart/usart.o
                0x00003306                usart_set_baudrate
 .text.usart_init_rs232
                0x000034c6      0x194 src/ASF/xmega/drivers/usart/usart.o
                0x000034c6                usart_init_rs232
 .text.wdt_wait_while_busy
                0x0000365a        0xa src/ASF/xmega/drivers/wdt/wdt.o
 .text.wdt_set_timeout_period
                0x00003664       0x1a src/ASF/xmega/drivers/wdt/wdt.o
                0x00003664                wdt_set_timeout_period
 .text.wdt_disable
                0x0000367e       0x10 src/ASF/xmega/drivers/wdt/wdt.o
                0x0000367e                wdt_disable
 .text.wdt_enable
                0x0000368e       0x12 src/ASF/xmega/drivers/wdt/wdt.o
                0x0000368e                wdt_enable
 .text.tick_handler
                0x000036a0       0x82 src/ASF/xmega/services/timeout/timeout.o
 .text.timeout_init
                0x00003722       0x22 src/ASF/xmega/services/timeout/timeout.o
                0x00003722                timeout_init
 .text.timeout_start_offset
                0x00003744       0x42 src/ASF/xmega/services/timeout/timeout.o
                0x00003744                timeout_start_offset
 .text.timeout_start_singleshot
                0x00003786        0x8 src/ASF/xmega/services/timeout/timeout.o
                0x00003786                timeout_start_singleshot
 .text.timeout_start_periodic
                0x0000378e        0x4 src/ASF/xmega/services/timeout/timeout.o
                0x0000378e                timeout_start_periodic
 .text.timeout_test_and_clear_expired
                0x00003792       0x40 src/ASF/xmega/services/timeout/timeout.o
                0x00003792                timeout_test_and_clear_expired
 .text.timeout_stop
                0x000037d2       0x20 src/ASF/xmega/services/timeout/timeout.o
                0x000037d2                timeout_stop
 .text.get_current_pulse_counter
                0x000037f2       0x1c src/main.o
 .text.set_midnight_pulse_counter
                0x0000380e       0x1c src/main.o
 .text.modem_up_handler
                0x0000382a        0x6 src/main.o
 .text.config1_message_rsp
                0x00003830       0x1e src/main.o
 .text.config2_message_rsp
                0x0000384e       0x1e src/main.o
 .text.rom_config_message_rsp
                0x0000386c       0x1e src/main.o
 .text.id_message_rsp
                0x0000388a       0x1e src/main.o
 .text.config_find_ow_rom_code
                0x000038a8       0x6a src/main.o
 .text.buffer_str_event
                0x00003912       0x60 src/main.o
 .text.buffer_event
                0x00003972       0x6c src/main.o
 .text.modem_reset_handler
                0x000039de       0x34 src/main.o
 .text.event_message_rsp
                0x00003a12       0x22 src/main.o
 .text.status_message_rsp
                0x00003a34       0x3e src/main.o
 .text.geyser_set_power_off
                0x00003a72       0x30 src/main.o
 .text.check_pulse_counters
                0x00003aa2       0xf2 src/main.o
 .text.eeprom_read_pulse_counters
                0x00003b94      0x112 src/main.o
 .text.unlikely.hex_byte
                0x00003ca6       0x40 src/main.o
 .text.update_asset_state
                0x00003ce6      0x63c src/main.o
 .text.eeprom_write_config
                0x00004322       0x3a src/main.o
 .text.data_handler
                0x0000435c      0x766 src/main.o
 .text.eeprom_write_pulse_counters
                0x00004ac2       0xa0 src/main.o
 .text.reset_avr
                0x00004b62       0x10 src/main.o
                0x00004b62                reset_avr
 .text.command_handler
                0x00004b72      0x44c src/main.o
 .text.__vector_64
                0x00004fbe       0x28 src/main.o
                0x00004fbe                __vector_64
 .text.__vector_2
                0x00004fe6       0x28 src/main.o
                0x00004fe6                __vector_2
 .text.__vector_34
                0x0000500e       0x28 src/main.o
                0x0000500e                __vector_34
 .text.__vector_66
                0x00005036       0x28 src/main.o
                0x00005036                __vector_66
 .text.startup.main
                0x0000505e     0x10fa src/main.o
                0x0000505e                main
 .text.libgcc.div
                0x00006158       0x28 c:/program files/atmel/atmel toolchain/avr8 gcc/native/3.4.2.1002/avr8-gnu-toolchain/bin/../lib/gcc/avr/4.7.2/avrxmega2\libgcc.a(_udivmodhi4.o)
                0x00006158                __udivmodhi4
 .text.libgcc.div
                0x00006180       0x26 c:/program files/atmel/atmel toolchain/avr8 gcc/native/3.4.2.1002/avr8-gnu-toolchain/bin/../lib/gcc/avr/4.7.2/avrxmega2\libgcc.a(_divmodhi4.o)
                0x00006180                _div
                0x00006180                __divmodhi4
 .text.libgcc.div
                0x000061a6       0x44 c:/program files/atmel/atmel toolchain/avr8 gcc/native/3.4.2.1002/avr8-gnu-toolchain/bin/../lib/gcc/avr/4.7.2/avrxmega2\libgcc.a(_udivmodsi4.o)
                0x000061a6                __udivmodsi4
 .text.libgcc.mul
                0x000061ea       0x14 c:/program files/atmel/atmel toolchain/avr8 gcc/native/3.4.2.1002/avr8-gnu-toolchain/bin/../lib/gcc/avr/4.7.2/avrxmega2\libgcc.a(_muluhisi3.o)
                0x000061ea                __muluhisi3
 .text.libgcc.mul
                0x000061fe       0x18 c:/program files/atmel/atmel toolchain/avr8 gcc/native/3.4.2.1002/avr8-gnu-toolchain/bin/../lib/gcc/avr/4.7.2/avrxmega2\libgcc.a(_umulhisi3.o)
                0x000061fe                __umulhisi3
 .text.avr-libc
                0x00006216      0x1de c:/program files/atmel/atmel toolchain/avr8 gcc/native/3.4.2.1002/avr8-gnu-toolchain/bin/../lib/gcc/avr/4.7.2/../../../../avr/lib/avrxmega2\libc.a(strtoul.o)
                0x00006216                strtoul
 .text.avr-libc
                0x000063f4       0x4c c:/program files/atmel/atmel toolchain/avr8 gcc/native/3.4.2.1002/avr8-gnu-toolchain/bin/../lib/gcc/avr/4.7.2/../../../../avr/lib/avrxmega2\libc.a(atol.o)
                0x000063f4                atol
 .text.avr-libc
                0x00006440       0x10 c:/program files/atmel/atmel toolchain/avr8 gcc/native/3.4.2.1002/avr8-gnu-toolchain/bin/../lib/gcc/avr/4.7.2/../../../../avr/lib/avrxmega2\libc.a(isspace.o)
                0x00006440                isspace
 .text.avr-libc
                0x00006450       0x1a c:/program files/atmel/atmel toolchain/avr8 gcc/native/3.4.2.1002/avr8-gnu-toolchain/bin/../lib/gcc/avr/4.7.2/../../../../avr/lib/avrxmega2\libc.a(memcmp.o)
                0x00006450                memcmp
 .text.avr-libc
                0x0000646a       0x12 c:/program files/atmel/atmel toolchain/avr8 gcc/native/3.4.2.1002/avr8-gnu-toolchain/bin/../lib/gcc/avr/4.7.2/../../../../avr/lib/avrxmega2\libc.a(memcpy.o)
                0x0000646a                memcpy
 .text.avr-libc
                0x0000647c        0xe c:/program files/atmel/atmel toolchain/avr8 gcc/native/3.4.2.1002/avr8-gnu-toolchain/bin/../lib/gcc/avr/4.7.2/../../../../avr/lib/avrxmega2\libc.a(memset.o)
                0x0000647c                memset
 .text.avr-libc
                0x0000648a       0x12 c:/program files/atmel/atmel toolchain/avr8 gcc/native/3.4.2.1002/avr8-gnu-toolchain/bin/../lib/gcc/avr/4.7.2/../../../../avr/lib/avrxmega2\libc.a(strcmp.o)
                0x0000648a                strcmp
 .text.avr-libc
                0x0000649c       0x1c c:/program files/atmel/atmel toolchain/avr8 gcc/native/3.4.2.1002/avr8-gnu-toolchain/bin/../lib/gcc/avr/4.7.2/../../../../avr/lib/avrxmega2\libc.a(strncmp.o)
                0x0000649c                strncmp
 .text.avr-libc
                0x000064b8       0x1e c:/program files/atmel/atmel toolchain/avr8 gcc/native/3.4.2.1002/avr8-gnu-toolchain/bin/../lib/gcc/avr/4.7.2/../../../../avr/lib/avrxmega2\libc.a(strncpy.o)
                0x000064b8                strncpy
 .text.avr-libc
                0x000064d6       0x3e c:/program files/atmel/atmel toolchain/avr8 gcc/native/3.4.2.1002/avr8-gnu-toolchain/bin/../lib/gcc/avr/4.7.2/../../../../avr/lib/avrxmega2\libc.a(itoa.o)
                0x000064d6                itoa
 .text.avr-libc
                0x00006514       0x64 c:/program files/atmel/atmel toolchain/avr8 gcc/native/3.4.2.1002/avr8-gnu-toolchain/bin/../lib/gcc/avr/4.7.2/../../../../avr/lib/avrxmega2\libc.a(ltoa.o)
                0x00006514                ltoa
 .text.avr-libc
                0x00006578       0x2a c:/program files/atmel/atmel toolchain/avr8 gcc/native/3.4.2.1002/avr8-gnu-toolchain/bin/../lib/gcc/avr/4.7.2/../../../../avr/lib/avrxmega2\libc.a(mulsi10.o)
                0x00006578                __mulsi_const_10
 .text.avr-libc
                0x000065a2       0x46 c:/program files/atmel/atmel toolchain/avr8 gcc/native/3.4.2.1002/avr8-gnu-toolchain/bin/../lib/gcc/avr/4.7.2/../../../../avr/lib/avrxmega2\libc.a(ultoa.o)
                0x000065a2                ultoa
 .text.avr-libc
                0x000065e8       0x28 c:/program files/atmel/atmel toolchain/avr8 gcc/native/3.4.2.1002/avr8-gnu-toolchain/bin/../lib/gcc/avr/4.7.2/../../../../avr/lib/avrxmega2\libc.a(utoa.o)
                0x000065e8                utoa
 .text.avr-libc
                0x00006610        0x6 c:/program files/atmel/atmel toolchain/avr8 gcc/native/3.4.2.1002/avr8-gnu-toolchain/bin/../lib/gcc/avr/4.7.2/../../../../avr/lib/avrxmega2\libc.a(cty_isfalse.o)
                0x00006610                __ctype_isfalse
                0x00006614                __ctype_istrue
 .text.avr-libc
                0x00006616       0x20 c:/program files/atmel/atmel toolchain/avr8 gcc/native/3.4.2.1002/avr8-gnu-toolchain/bin/../lib/gcc/avr/4.7.2/../../../../avr/lib/avrxmega2\libc.a(strrev.o)
                0x00006616                strrev
 .text.libgcc.mul
                0x00006636       0x1e c:/program files/atmel/atmel toolchain/avr8 gcc/native/3.4.2.1002/avr8-gnu-toolchain/bin/../lib/gcc/avr/4.7.2/avrxmega2\libgcc.a(_mulsi3.o)
                0x00006636                __mulsi3
 .text.libgcc.prologue
                0x00006654       0x32 c:/program files/atmel/atmel toolchain/avr8 gcc/native/3.4.2.1002/avr8-gnu-toolchain/bin/../lib/gcc/avr/4.7.2/avrxmega2\libgcc.a(_prologue.o)
                0x00006654                __prologue_saves__
 .text.libgcc.prologue
                0x00006686       0x30 c:/program files/atmel/atmel toolchain/avr8 gcc/native/3.4.2.1002/avr8-gnu-toolchain/bin/../lib/gcc/avr/4.7.2/avrxmega2\libgcc.a(_epilogue.o)
                0x00006686                __epilogue_restores__
                0x000066b6                . = ALIGN (0x2)
 *(.fini9)
 .fini9         0x000066b6        0x0 c:/program files/atmel/atmel toolchain/avr8 gcc/native/3.4.2.1002/avr8-gnu-toolchain/bin/../lib/gcc/avr/4.7.2/avrxmega2\libgcc.a(_exit.o)
                0x000066b6                _exit
                0x000066b6                exit
 *(.fini9)
 *(.fini8)
 *(.fini8)
 *(.fini7)
 *(.fini7)
 *(.fini6)
 *(.fini6)
 *(.fini5)
 *(.fini5)
 *(.fini4)
 *(.fini4)
 *(.fini3)
 *(.fini3)
 *(.fini2)
 *(.fini2)
 *(.fini1)
 *(.fini1)
 *(.fini0)
 .fini0         0x000066b6        0x4 c:/program files/atmel/atmel toolchain/avr8 gcc/native/3.4.2.1002/avr8-gnu-toolchain/bin/../lib/gcc/avr/4.7.2/avrxmega2\libgcc.a(_exit.o)
 *(.fini0)
                0x000066ba                _etext = .

.data           0x00802000      0x3a4 load address 0x000066ba
                0x00802000                PROVIDE (__data_start, .)
 *(.data)
 .data          0x00802000        0x0 c:/program files/atmel/atmel toolchain/avr8 gcc/native/3.4.2.1002/avr8-gnu-toolchain/bin/../lib/gcc/avr/4.7.2/../../../../avr/lib/avrxmega2/crtx32a4u.o
 .data          0x00802000        0x0 src/src-mylib2-xmega32a4u/awt.o
 .data          0x00802000        0x0 src/src-mylib2-xmega32a4u/crc.o
 .data          0x00802000        0x0 src/src-mylib2-xmega32a4u/ds18b20.o
 .data          0x00802000        0x0 src/src-mylib2-xmega32a4u/epoch.o
 .data          0x00802000        0x0 src/src-mylib2-xmega32a4u/owire.o
 .data          0x00802000        0x0 src/src-mylib2-xmega32a4u/ram_hex.o
 .data          0x00802000        0x0 src/src-mylib2-xmega32a4u/uartc1.o
 .data          0x00802000        0x0 src/src-mylib2-xmega32a4u/uarte0.o
 .data          0x00802000        0x0 src/src-mylib2-xmega32a4u/uart_debug.o
 .data          0x00802000        0x0 src/src-mylib2-xmega32a4u/uart_modem.o
 .data          0x00802000        0x0 src/ASF/common/boards/user_board/init.o
 .data          0x00802000        0x0 src/ASF/common/services/clock/xmega/sysclk.o
 .data          0x00802000        0x0 src/ASF/common/services/ioport/xmega/ioport_compat.o
 .data          0x00802000        0x0 src/ASF/common/services/sleepmgr/xmega/sleepmgr.o
 .data          0x00802000        0x0 src/ASF/xmega/drivers/cpu/ccp.o
 .data          0x00802000        0x0 src/ASF/xmega/drivers/nvm/nvm.o
 .data          0x00802000        0x0 src/ASF/xmega/drivers/nvm/nvm_asm.o
 .data          0x00802000        0x0 src/ASF/xmega/drivers/rtc/rtc.o
 .data          0x00802000        0x0 src/ASF/xmega/drivers/tc/tc.o
 .data          0x00802000        0x0 src/ASF/xmega/drivers/twi/twim.o
 .data          0x00802000        0x0 src/ASF/xmega/drivers/twi/twis.o
 .data          0x00802000        0x0 src/ASF/xmega/drivers/usart/usart.o
 .data          0x00802000        0x0 src/ASF/xmega/drivers/wdt/wdt.o
 .data          0x00802000        0x0 src/ASF/xmega/services/timeout/timeout.o
 .data          0x00802000        0x0 src/main.o
 .data          0x00802000        0x0 c:/program files/atmel/atmel toolchain/avr8 gcc/native/3.4.2.1002/avr8-gnu-toolchain/bin/../lib/gcc/avr/4.7.2/avrxmega2\libgcc.a(_udivmodhi4.o)
 .data          0x00802000        0x0 c:/program files/atmel/atmel toolchain/avr8 gcc/native/3.4.2.1002/avr8-gnu-toolchain/bin/../lib/gcc/avr/4.7.2/avrxmega2\libgcc.a(_divmodhi4.o)
 .data          0x00802000        0x0 c:/program files/atmel/atmel toolchain/avr8 gcc/native/3.4.2.1002/avr8-gnu-toolchain/bin/../lib/gcc/avr/4.7.2/avrxmega2\libgcc.a(_udivmodsi4.o)
 .data          0x00802000        0x0 c:/program files/atmel/atmel toolchain/avr8 gcc/native/3.4.2.1002/avr8-gnu-toolchain/bin/../lib/gcc/avr/4.7.2/avrxmega2\libgcc.a(_exit.o)
 .data          0x00802000        0x0 c:/program files/atmel/atmel toolchain/avr8 gcc/native/3.4.2.1002/avr8-gnu-toolchain/bin/../lib/gcc/avr/4.7.2/avrxmega2\libgcc.a(_copy_data.o)
 .data          0x00802000        0x0 c:/program files/atmel/atmel toolchain/avr8 gcc/native/3.4.2.1002/avr8-gnu-toolchain/bin/../lib/gcc/avr/4.7.2/avrxmega2\libgcc.a(_clear_bss.o)
 .data          0x00802000        0x0 c:/program files/atmel/atmel toolchain/avr8 gcc/native/3.4.2.1002/avr8-gnu-toolchain/bin/../lib/gcc/avr/4.7.2/avrxmega2\libgcc.a(_muluhisi3.o)
 .data          0x00802000        0x0 c:/program files/atmel/atmel toolchain/avr8 gcc/native/3.4.2.1002/avr8-gnu-toolchain/bin/../lib/gcc/avr/4.7.2/avrxmega2\libgcc.a(_umulhisi3.o)
 .data          0x00802000        0x0 c:/program files/atmel/atmel toolchain/avr8 gcc/native/3.4.2.1002/avr8-gnu-toolchain/bin/../lib/gcc/avr/4.7.2/../../../../avr/lib/avrxmega2\libc.a(strtoul.o)
 .data          0x00802000        0x0 c:/program files/atmel/atmel toolchain/avr8 gcc/native/3.4.2.1002/avr8-gnu-toolchain/bin/../lib/gcc/avr/4.7.2/../../../../avr/lib/avrxmega2\libc.a(atol.o)
 .data          0x00802000        0x0 c:/program files/atmel/atmel toolchain/avr8 gcc/native/3.4.2.1002/avr8-gnu-toolchain/bin/../lib/gcc/avr/4.7.2/../../../../avr/lib/avrxmega2\libc.a(isspace.o)
 .data          0x00802000        0x0 c:/program files/atmel/atmel toolchain/avr8 gcc/native/3.4.2.1002/avr8-gnu-toolchain/bin/../lib/gcc/avr/4.7.2/../../../../avr/lib/avrxmega2\libc.a(memcmp.o)
 .data          0x00802000        0x0 c:/program files/atmel/atmel toolchain/avr8 gcc/native/3.4.2.1002/avr8-gnu-toolchain/bin/../lib/gcc/avr/4.7.2/../../../../avr/lib/avrxmega2\libc.a(memcpy.o)
 .data          0x00802000        0x0 c:/program files/atmel/atmel toolchain/avr8 gcc/native/3.4.2.1002/avr8-gnu-toolchain/bin/../lib/gcc/avr/4.7.2/../../../../avr/lib/avrxmega2\libc.a(memset.o)
 .data          0x00802000        0x0 c:/program files/atmel/atmel toolchain/avr8 gcc/native/3.4.2.1002/avr8-gnu-toolchain/bin/../lib/gcc/avr/4.7.2/../../../../avr/lib/avrxmega2\libc.a(strcmp.o)
 .data          0x00802000        0x0 c:/program files/atmel/atmel toolchain/avr8 gcc/native/3.4.2.1002/avr8-gnu-toolchain/bin/../lib/gcc/avr/4.7.2/../../../../avr/lib/avrxmega2\libc.a(strncmp.o)
 .data          0x00802000        0x0 c:/program files/atmel/atmel toolchain/avr8 gcc/native/3.4.2.1002/avr8-gnu-toolchain/bin/../lib/gcc/avr/4.7.2/../../../../avr/lib/avrxmega2\libc.a(strncpy.o)
 .data          0x00802000        0x0 c:/program files/atmel/atmel toolchain/avr8 gcc/native/3.4.2.1002/avr8-gnu-toolchain/bin/../lib/gcc/avr/4.7.2/../../../../avr/lib/avrxmega2\libc.a(itoa.o)
 .data          0x00802000        0x0 c:/program files/atmel/atmel toolchain/avr8 gcc/native/3.4.2.1002/avr8-gnu-toolchain/bin/../lib/gcc/avr/4.7.2/../../../../avr/lib/avrxmega2\libc.a(ltoa.o)
 .data          0x00802000        0x0 c:/program files/atmel/atmel toolchain/avr8 gcc/native/3.4.2.1002/avr8-gnu-toolchain/bin/../lib/gcc/avr/4.7.2/../../../../avr/lib/avrxmega2\libc.a(mulsi10.o)
 .data          0x00802000        0x0 c:/program files/atmel/atmel toolchain/avr8 gcc/native/3.4.2.1002/avr8-gnu-toolchain/bin/../lib/gcc/avr/4.7.2/../../../../avr/lib/avrxmega2\libc.a(ultoa.o)
 .data          0x00802000        0x0 c:/program files/atmel/atmel toolchain/avr8 gcc/native/3.4.2.1002/avr8-gnu-toolchain/bin/../lib/gcc/avr/4.7.2/../../../../avr/lib/avrxmega2\libc.a(utoa.o)
 .data          0x00802000        0x0 c:/program files/atmel/atmel toolchain/avr8 gcc/native/3.4.2.1002/avr8-gnu-toolchain/bin/../lib/gcc/avr/4.7.2/../../../../avr/lib/avrxmega2\libc.a(errno.o)
 .data          0x00802000        0x0 c:/program files/atmel/atmel toolchain/avr8 gcc/native/3.4.2.1002/avr8-gnu-toolchain/bin/../lib/gcc/avr/4.7.2/../../../../avr/lib/avrxmega2\libc.a(cty_isfalse.o)
 .data          0x00802000        0x0 c:/program files/atmel/atmel toolchain/avr8 gcc/native/3.4.2.1002/avr8-gnu-toolchain/bin/../lib/gcc/avr/4.7.2/../../../../avr/lib/avrxmega2\libc.a(strrev.o)
 .data          0x00802000        0x0 c:/program files/atmel/atmel toolchain/avr8 gcc/native/3.4.2.1002/avr8-gnu-toolchain/bin/../lib/gcc/avr/4.7.2/avrxmega2\libgcc.a(_mulsi3.o)
 .data          0x00802000        0x0 c:/program files/atmel/atmel toolchain/avr8 gcc/native/3.4.2.1002/avr8-gnu-toolchain/bin/../lib/gcc/avr/4.7.2/avrxmega2\libgcc.a(_prologue.o)
 .data          0x00802000        0x0 c:/program files/atmel/atmel toolchain/avr8 gcc/native/3.4.2.1002/avr8-gnu-toolchain/bin/../lib/gcc/avr/4.7.2/avrxmega2\libgcc.a(_epilogue.o)
 *(.data*)
 *(.rodata)
 .rodata        0x00802000        0x9 src/src-mylib2-xmega32a4u/uartc1.o
 .rodata        0x00802009        0x9 src/src-mylib2-xmega32a4u/uarte0.o
 *(.rodata*)
 .rodata.str1.1
                0x00802012      0x1cb src/src-mylib2-xmega32a4u/awt.o
                                0x1ce (size before relaxing)
 .rodata.ram_hex
                0x008021dd       0x11 src/src-mylib2-xmega32a4u/ram_hex.o
                0x008021dd                ram_hex
 .rodata.str1.1
                0x008021ee        0x3 src/src-mylib2-xmega32a4u/uart_debug.o
 .rodata.str1.1
                0x008021f1      0x168 src/main.o
                                0x17e (size before relaxing)
 .rodata.__FUNCTION__.6084
                0x00802359       0x1c src/main.o
 .rodata.__FUNCTION__.6105
                0x00802375       0x14 src/main.o
 .rodata.__FUNCTION__.6098
                0x00802389       0x1b src/main.o
 *(.gnu.linkonce.d*)
                0x008023a4                . = ALIGN (0x2)
                0x008023a4                _edata = .
                0x008023a4                PROVIDE (__data_end, .)

.bss            0x008023a4      0x9f1
                0x008023a4                PROVIDE (__bss_start, .)
 *(.bss)
 *(.bss*)
 .bss.modem     0x008023a4      0x115 src/src-mylib2-xmega32a4u/awt.o
 .bss.handlers  0x008024b9        0xe src/src-mylib2-xmega32a4u/awt.o
 .bss.acks      0x008024c7      0x1ba src/src-mylib2-xmega32a4u/awt.o
 .bss.start_conversion
                0x00802681        0x1 src/src-mylib2-xmega32a4u/ds18b20.o
 .bss.selected_device
                0x00802682        0x1 src/src-mylib2-xmega32a4u/ds18b20.o
 .bss.scratch_pad.5625
                0x00802683        0x9 src/src-mylib2-xmega32a4u/ds18b20.o
 .bss.sequential_errors
                0x0080268c       0x10 src/src-mylib2-xmega32a4u/ds18b20.o
 .bss.epoch     0x0080269c        0x4 src/src-mylib2-xmega32a4u/epoch.o
 .bss.local_midnight
                0x008026a0        0x1 src/src-mylib2-xmega32a4u/epoch.o
                0x008026a0                local_midnight
 .bss.search    0x008026a1        0xb src/src-mylib2-xmega32a4u/owire.o
 .bss.buffer    0x008026ac       0x94 src/src-mylib2-xmega32a4u/uartc1.o
 .bss.buffer    0x00802740      0x104 src/src-mylib2-xmega32a4u/uarte0.o
 .bss.tc_tcc0_ovf_callback
                0x00802844        0x2 src/ASF/xmega/drivers/tc/tc.o
 .bss.tc_tcc0_err_callback
                0x00802846        0x2 src/ASF/xmega/drivers/tc/tc.o
 .bss.tc_tcc0_cca_callback
                0x00802848        0x2 src/ASF/xmega/drivers/tc/tc.o
 .bss.tc_tcc0_ccb_callback
                0x0080284a        0x2 src/ASF/xmega/drivers/tc/tc.o
 .bss.tc_tcc0_ccc_callback
                0x0080284c        0x2 src/ASF/xmega/drivers/tc/tc.o
 .bss.tc_tcc0_ccd_callback
                0x0080284e        0x2 src/ASF/xmega/drivers/tc/tc.o
 .bss.tc_tcc1_ovf_callback
                0x00802850        0x2 src/ASF/xmega/drivers/tc/tc.o
 .bss.tc_tcc1_err_callback
                0x00802852        0x2 src/ASF/xmega/drivers/tc/tc.o
 .bss.tc_tcc1_cca_callback
                0x00802854        0x2 src/ASF/xmega/drivers/tc/tc.o
 .bss.tc_tcc1_ccb_callback
                0x00802856        0x2 src/ASF/xmega/drivers/tc/tc.o
 .bss.tc_tcd0_ovf_callback
                0x00802858        0x2 src/ASF/xmega/drivers/tc/tc.o
 .bss.tc_tcd0_err_callback
                0x0080285a        0x2 src/ASF/xmega/drivers/tc/tc.o
 .bss.tc_tcd0_cca_callback
                0x0080285c        0x2 src/ASF/xmega/drivers/tc/tc.o
 .bss.tc_tcd0_ccb_callback
                0x0080285e        0x2 src/ASF/xmega/drivers/tc/tc.o
 .bss.tc_tcd0_ccc_callback
                0x00802860        0x2 src/ASF/xmega/drivers/tc/tc.o
 .bss.tc_tcd0_ccd_callback
                0x00802862        0x2 src/ASF/xmega/drivers/tc/tc.o
 .bss.tc_tcd1_ovf_callback
                0x00802864        0x2 src/ASF/xmega/drivers/tc/tc.o
 .bss.tc_tcd1_err_callback
                0x00802866        0x2 src/ASF/xmega/drivers/tc/tc.o
 .bss.tc_tcd1_cca_callback
                0x00802868        0x2 src/ASF/xmega/drivers/tc/tc.o
 .bss.tc_tcd1_ccb_callback
                0x0080286a        0x2 src/ASF/xmega/drivers/tc/tc.o
 .bss.tc_tce0_ovf_callback
                0x0080286c        0x2 src/ASF/xmega/drivers/tc/tc.o
 .bss.tc_tce0_err_callback
                0x0080286e        0x2 src/ASF/xmega/drivers/tc/tc.o
 .bss.tc_tce0_cca_callback
                0x00802870        0x2 src/ASF/xmega/drivers/tc/tc.o
 .bss.tc_tce0_ccb_callback
                0x00802872        0x2 src/ASF/xmega/drivers/tc/tc.o
 .bss.tc_tce0_ccc_callback
                0x00802874        0x2 src/ASF/xmega/drivers/tc/tc.o
 .bss.tc_tce0_ccd_callback
                0x00802876        0x2 src/ASF/xmega/drivers/tc/tc.o
 .bss.transfer  0x00802878        0xc src/ASF/xmega/drivers/twi/twim.o
 .bss.timeout_active
                0x00802884        0x1 src/ASF/xmega/services/timeout/timeout.o
 .bss.timeout_array
                0x00802885       0x20 src/ASF/xmega/services/timeout/timeout.o
 .bss.timeout_expired
                0x008028a5        0x1 src/ASF/xmega/services/timeout/timeout.o
 .bss.state     0x008028a6      0x2c1 src/main.o
 .bss.opt       0x00802b67        0x9 src/main.o
 .bss.config    0x00802b70       0x63 src/main.o
 *(COMMON)
 COMMON         0x00802bd3       0x21 src/src-mylib2-xmega32a4u/ds18b20.o
                0x00802bd3                _ds18b20_operational_count
                0x00802bd4                ds18b20_temperature
 COMMON         0x00802bf4      0x191 src/src-mylib2-xmega32a4u/owire.o
                0x00802bf4                ow_rom_codes_str
                0x00802d04                ow_rom_codes
                0x00802d84                ow_count
 COMMON         0x00802d85        0x6 src/ASF/common/services/sleepmgr/xmega/sleepmgr.o
                0x00802d85                sleepmgr_locks
 COMMON         0x00802d8b        0x8 src/ASF/xmega/drivers/rtc/rtc.o
                0x00802d8b                rtc_data
 COMMON         0x00802d93        0x2 c:/program files/atmel/atmel toolchain/avr8 gcc/native/3.4.2.1002/avr8-gnu-toolchain/bin/../lib/gcc/avr/4.7.2/../../../../avr/lib/avrxmega2\libc.a(errno.o)
                0x00802d93                errno
                0x00802d95                PROVIDE (__bss_end, .)
                0x000066ba                __data_load_start = LOADADDR (.data)
                0x00006a5e                __data_load_end = (__data_load_start + SIZEOF (.data))

.noinit         0x00802d95        0x0
                0x00802d95                PROVIDE (__noinit_start, .)
 *(.noinit*)
                0x00802d95                PROVIDE (__noinit_end, .)
                0x00802d95                _end = .
                0x00802d95                PROVIDE (__heap_start, .)

.eeprom         0x00810000        0x0
 *(.eeprom*)
                0x00810000                __eeprom_end = .

.fuse
 *(.fuse)
 *(.lfuse)
 *(.hfuse)
 *(.efuse)

.lock
 *(.lock*)

.signature
 *(.signature*)

.user_signatures
 *(.user_signatures*)

.stab           0x00000000     0x1698
 *(.stab)
 .stab          0x00000000      0x6cc c:/program files/atmel/atmel toolchain/avr8 gcc/native/3.4.2.1002/avr8-gnu-toolchain/bin/../lib/gcc/avr/4.7.2/../../../../avr/lib/avrxmega2/crtx32a4u.o
 .stab          0x000006cc      0x1e0 c:/program files/atmel/atmel toolchain/avr8 gcc/native/3.4.2.1002/avr8-gnu-toolchain/bin/../lib/gcc/avr/4.7.2/../../../../avr/lib/avrxmega2\libc.a(atol.o)
                                0x1ec (size before relaxing)
 .stab          0x000008ac       0x9c c:/program files/atmel/atmel toolchain/avr8 gcc/native/3.4.2.1002/avr8-gnu-toolchain/bin/../lib/gcc/avr/4.7.2/../../../../avr/lib/avrxmega2\libc.a(isspace.o)
                                 0xa8 (size before relaxing)
 .stab          0x00000948       0xb4 c:/program files/atmel/atmel toolchain/avr8 gcc/native/3.4.2.1002/avr8-gnu-toolchain/bin/../lib/gcc/avr/4.7.2/../../../../avr/lib/avrxmega2\libc.a(memcmp.o)
                                 0xc0 (size before relaxing)
 .stab          0x000009fc       0x84 c:/program files/atmel/atmel toolchain/avr8 gcc/native/3.4.2.1002/avr8-gnu-toolchain/bin/../lib/gcc/avr/4.7.2/../../../../avr/lib/avrxmega2\libc.a(memcpy.o)
                                 0x90 (size before relaxing)
 .stab          0x00000a80       0x6c c:/program files/atmel/atmel toolchain/avr8 gcc/native/3.4.2.1002/avr8-gnu-toolchain/bin/../lib/gcc/avr/4.7.2/../../../../avr/lib/avrxmega2\libc.a(memset.o)
                                 0x78 (size before relaxing)
 .stab          0x00000aec       0x84 c:/program files/atmel/atmel toolchain/avr8 gcc/native/3.4.2.1002/avr8-gnu-toolchain/bin/../lib/gcc/avr/4.7.2/../../../../avr/lib/avrxmega2\libc.a(strcmp.o)
                                 0x90 (size before relaxing)
 .stab          0x00000b70       0xc0 c:/program files/atmel/atmel toolchain/avr8 gcc/native/3.4.2.1002/avr8-gnu-toolchain/bin/../lib/gcc/avr/4.7.2/../../../../avr/lib/avrxmega2\libc.a(strncmp.o)
                                 0xcc (size before relaxing)
 .stab          0x00000c30       0xcc c:/program files/atmel/atmel toolchain/avr8 gcc/native/3.4.2.1002/avr8-gnu-toolchain/bin/../lib/gcc/avr/4.7.2/../../../../avr/lib/avrxmega2\libc.a(strncpy.o)
                                 0xd8 (size before relaxing)
 .stab          0x00000cfc      0x1b0 c:/program files/atmel/atmel toolchain/avr8 gcc/native/3.4.2.1002/avr8-gnu-toolchain/bin/../lib/gcc/avr/4.7.2/../../../../avr/lib/avrxmega2\libc.a(itoa.o)
                                0x1bc (size before relaxing)
 .stab          0x00000eac      0x294 c:/program files/atmel/atmel toolchain/avr8 gcc/native/3.4.2.1002/avr8-gnu-toolchain/bin/../lib/gcc/avr/4.7.2/../../../../avr/lib/avrxmega2\libc.a(ltoa.o)
                                0x2a0 (size before relaxing)
 .stab          0x00001140      0x114 c:/program files/atmel/atmel toolchain/avr8 gcc/native/3.4.2.1002/avr8-gnu-toolchain/bin/../lib/gcc/avr/4.7.2/../../../../avr/lib/avrxmega2\libc.a(mulsi10.o)
                                0x120 (size before relaxing)
 .stab          0x00001254      0x1e0 c:/program files/atmel/atmel toolchain/avr8 gcc/native/3.4.2.1002/avr8-gnu-toolchain/bin/../lib/gcc/avr/4.7.2/../../../../avr/lib/avrxmega2\libc.a(ultoa.o)
                                0x1ec (size before relaxing)
 .stab          0x00001434      0x12c c:/program files/atmel/atmel toolchain/avr8 gcc/native/3.4.2.1002/avr8-gnu-toolchain/bin/../lib/gcc/avr/4.7.2/../../../../avr/lib/avrxmega2\libc.a(utoa.o)
                                0x138 (size before relaxing)
 .stab          0x00001560       0x60 c:/program files/atmel/atmel toolchain/avr8 gcc/native/3.4.2.1002/avr8-gnu-toolchain/bin/../lib/gcc/avr/4.7.2/../../../../avr/lib/avrxmega2\libc.a(cty_isfalse.o)
                                 0x6c (size before relaxing)
 .stab          0x000015c0       0xd8 c:/program files/atmel/atmel toolchain/avr8 gcc/native/3.4.2.1002/avr8-gnu-toolchain/bin/../lib/gcc/avr/4.7.2/../../../../avr/lib/avrxmega2\libc.a(strrev.o)
                                 0xe4 (size before relaxing)

.stabstr        0x00000000      0x72d
 *(.stabstr)
 .stabstr       0x00000000      0x72d c:/program files/atmel/atmel toolchain/avr8 gcc/native/3.4.2.1002/avr8-gnu-toolchain/bin/../lib/gcc/avr/4.7.2/../../../../avr/lib/avrxmega2/crtx32a4u.o

.stab.excl
 *(.stab.excl)

.stab.exclstr
 *(.stab.exclstr)

.stab.index
 *(.stab.index)

.stab.indexstr
 *(.stab.indexstr)

.comment        0x00000000       0x2f
 *(.comment)
 .comment       0x00000000       0x2f src/src-mylib2-xmega32a4u/awt.o
                                 0x30 (size before relaxing)
 .comment       0x00000000       0x30 src/src-mylib2-xmega32a4u/crc.o
 .comment       0x00000000       0x30 src/src-mylib2-xmega32a4u/ds18b20.o
 .comment       0x00000000       0x30 src/src-mylib2-xmega32a4u/epoch.o
 .comment       0x00000000       0x30 src/src-mylib2-xmega32a4u/owire.o
 .comment       0x00000000       0x30 src/src-mylib2-xmega32a4u/ram_hex.o
 .comment       0x00000000       0x30 src/src-mylib2-xmega32a4u/uartc1.o
 .comment       0x00000000       0x30 src/src-mylib2-xmega32a4u/uarte0.o
 .comment       0x00000000       0x30 src/src-mylib2-xmega32a4u/uart_debug.o
 .comment       0x00000000       0x30 src/src-mylib2-xmega32a4u/uart_modem.o
 .comment       0x00000000       0x30 src/ASF/common/boards/user_board/init.o
 .comment       0x00000000       0x30 src/ASF/common/services/clock/xmega/sysclk.o
 .comment       0x00000000       0x30 src/ASF/common/services/ioport/xmega/ioport_compat.o
 .comment       0x00000000       0x30 src/ASF/common/services/sleepmgr/xmega/sleepmgr.o
 .comment       0x00000000       0x30 src/ASF/xmega/drivers/nvm/nvm.o
 .comment       0x00000000       0x30 src/ASF/xmega/drivers/rtc/rtc.o
 .comment       0x00000000       0x30 src/ASF/xmega/drivers/tc/tc.o
 .comment       0x00000000       0x30 src/ASF/xmega/drivers/twi/twim.o
 .comment       0x00000000       0x30 src/ASF/xmega/drivers/twi/twis.o
 .comment       0x00000000       0x30 src/ASF/xmega/drivers/usart/usart.o
 .comment       0x00000000       0x30 src/ASF/xmega/drivers/wdt/wdt.o
 .comment       0x00000000       0x30 src/ASF/xmega/services/timeout/timeout.o
 .comment       0x00000000       0x30 src/main.o
 .comment       0x00000000       0x30 c:/program files/atmel/atmel toolchain/avr8 gcc/native/3.4.2.1002/avr8-gnu-toolchain/bin/../lib/gcc/avr/4.7.2/../../../../avr/lib/avrxmega2\libc.a(strtoul.o)
 .comment       0x00000000       0x30 c:/program files/atmel/atmel toolchain/avr8 gcc/native/3.4.2.1002/avr8-gnu-toolchain/bin/../lib/gcc/avr/4.7.2/../../../../avr/lib/avrxmega2\libc.a(errno.o)

.debug
 *(.debug)

.line
 *(.line)

.debug_srcinfo
 *(.debug_srcinfo)

.debug_sfnames
 *(.debug_sfnames)

.debug_aranges  0x00000000       0x80
 *(.debug_aranges)
 .debug_aranges
                0x00000000       0x20 src/ASF/xmega/drivers/cpu/ccp.o
 .debug_aranges
                0x00000020       0x28 src/ASF/xmega/drivers/nvm/nvm_asm.o
 .debug_aranges
                0x00000048       0x20 c:/program files/atmel/atmel toolchain/avr8 gcc/native/3.4.2.1002/avr8-gnu-toolchain/bin/../lib/gcc/avr/4.7.2/../../../../avr/lib/avrxmega2\libc.a(strtoul.o)
 .debug_aranges
                0x00000068       0x18 c:/program files/atmel/atmel toolchain/avr8 gcc/native/3.4.2.1002/avr8-gnu-toolchain/bin/../lib/gcc/avr/4.7.2/../../../../avr/lib/avrxmega2\libc.a(errno.o)

.debug_pubnames
 *(.debug_pubnames)

.debug_info     0x00000000      0x2ae
 *(.debug_info)
 .debug_info    0x00000000       0xa7 src/ASF/xmega/drivers/cpu/ccp.o
 .debug_info    0x000000a7       0xa7 src/ASF/xmega/drivers/nvm/nvm_asm.o
 .debug_info    0x0000014e      0x12d c:/program files/atmel/atmel toolchain/avr8 gcc/native/3.4.2.1002/avr8-gnu-toolchain/bin/../lib/gcc/avr/4.7.2/../../../../avr/lib/avrxmega2\libc.a(strtoul.o)
 .debug_info    0x0000027b       0x33 c:/program files/atmel/atmel toolchain/avr8 gcc/native/3.4.2.1002/avr8-gnu-toolchain/bin/../lib/gcc/avr/4.7.2/../../../../avr/lib/avrxmega2\libc.a(errno.o)
 *(.gnu.linkonce.wi.*)

.debug_abbrev   0x00000000      0x109
 *(.debug_abbrev)
 .debug_abbrev  0x00000000       0x14 src/ASF/xmega/drivers/cpu/ccp.o
 .debug_abbrev  0x00000014       0x12 src/ASF/xmega/drivers/nvm/nvm_asm.o
 .debug_abbrev  0x00000026       0xb9 c:/program files/atmel/atmel toolchain/avr8 gcc/native/3.4.2.1002/avr8-gnu-toolchain/bin/../lib/gcc/avr/4.7.2/../../../../avr/lib/avrxmega2\libc.a(strtoul.o)
 .debug_abbrev  0x000000df       0x2a c:/program files/atmel/atmel toolchain/avr8 gcc/native/3.4.2.1002/avr8-gnu-toolchain/bin/../lib/gcc/avr/4.7.2/../../../../avr/lib/avrxmega2\libc.a(errno.o)

.debug_line     0x00000000      0x37a
 *(.debug_line)
 .debug_line    0x00000000       0x6e src/ASF/xmega/drivers/cpu/ccp.o
 .debug_line    0x0000006e      0x11f src/ASF/xmega/drivers/nvm/nvm_asm.o
 .debug_line    0x0000018d      0x16d c:/program files/atmel/atmel toolchain/avr8 gcc/native/3.4.2.1002/avr8-gnu-toolchain/bin/../lib/gcc/avr/4.7.2/../../../../avr/lib/avrxmega2\libc.a(strtoul.o)
 .debug_line    0x000002fa       0x80 c:/program files/atmel/atmel toolchain/avr8 gcc/native/3.4.2.1002/avr8-gnu-toolchain/bin/../lib/gcc/avr/4.7.2/../../../../avr/lib/avrxmega2\libc.a(errno.o)

.debug_frame    0x00000000       0x48
 *(.debug_frame)
 .debug_frame   0x00000000       0x48 c:/program files/atmel/atmel toolchain/avr8 gcc/native/3.4.2.1002/avr8-gnu-toolchain/bin/../lib/gcc/avr/4.7.2/../../../../avr/lib/avrxmega2\libc.a(strtoul.o)

.debug_str      0x00000000      0x130
 *(.debug_str)
 .debug_str     0x00000000       0xcd c:/program files/atmel/atmel toolchain/avr8 gcc/native/3.4.2.1002/avr8-gnu-toolchain/bin/../lib/gcc/avr/4.7.2/../../../../avr/lib/avrxmega2\libc.a(strtoul.o)
                                 0xeb (size before relaxing)
 .debug_str     0x000000cd       0x63 c:/program files/atmel/atmel toolchain/avr8 gcc/native/3.4.2.1002/avr8-gnu-toolchain/bin/../lib/gcc/avr/4.7.2/../../../../avr/lib/avrxmega2\libc.a(errno.o)
                                 0x75 (size before relaxing)

.debug_loc      0x00000000      0x2fd
 *(.debug_loc)
 .debug_loc     0x00000000      0x2fd c:/program files/atmel/atmel toolchain/avr8 gcc/native/3.4.2.1002/avr8-gnu-toolchain/bin/../lib/gcc/avr/4.7.2/../../../../avr/lib/avrxmega2\libc.a(strtoul.o)

.debug_macinfo
 *(.debug_macinfo)

.debug_pubtypes
 *(.debug_pubtypes)

.debug_ranges   0x00000000       0x30
 *(.debug_ranges)
 .debug_ranges  0x00000000       0x20 src/ASF/xmega/drivers/nvm/nvm_asm.o
 .debug_ranges  0x00000020       0x10 c:/program files/atmel/atmel toolchain/avr8 gcc/native/3.4.2.1002/avr8-gnu-toolchain/bin/../lib/gcc/avr/4.7.2/../../../../avr/lib/avrxmega2\libc.a(strtoul.o)

.debug_macro
 *(.debug_macro)
OUTPUT(IESM-XMEGA32A4U--GeyserMonitorLite.elf elf32-avr)
LOAD linker stubs
